./jpf-sv-comp --propertyfile ../../sv-benchmarks/java/properties/runtime-exception.prp ../../sv-benchmarks/java/common ../../sv-benchmarks/java/securibench/micro ../../sv-benchmarks/java/securibench/Pred2


--------------------------------------------------------------------------------


Note: Some input files use unchecked or unsafe operations.
Note: Recompile with -Xlint:unchecked for details.
/tmp/jpf-benchmark.ruhcyG/config.jpf
LD_LIBRARY_PATH=/home/f8/Desktop/bench-defs/bin/spf2-wqB1rj98YZ/jpf-symbc/lib:/home/f8/Desktop/SPF/jpf-symbc/lib:
symbolic.min_int=-2147483648
symbolic.min_long=-9223372036854775808
symbolic.min_short=-32768
symbolic.min_byte=-128
symbolic.min_char=0
symbolic.max_int=2147483647
symbolic.max_long=9223372036854775807
symbolic.max_short=32767
symbolic.max_byte=127
symbolic.max_char=65535
symbolic.min_double=4.9E-324
symbolic.max_double=1.7976931348623157E308
JavaPathfinder core system v8.0 (rev 8b82638acdeb8140d063107c30b29a0161fcc31c) - (C) 2005-2014 United States Government. All rights reserved.


====================================================== system under test
Main.main()

====================================================== search started: 26/7/25 4:31 AM

====================================================== error 1
gov.nasa.jpf.vm.NoUncaughtExceptionsProperty
java.lang.NullPointerException
	at mockx.servlet.http.HttpServletResponse.checkNoSymbolic(HttpServletResponse.java:37)
	at mockx.servlet.http.HttpServletResponse.access$000(HttpServletResponse.java:12)
	at mockx.servlet.http.HttpServletResponse$1.println(HttpServletResponse.java:22)
	at securibench.micro.pred.Pred2.doGet(Pred2.java:39)
	at Main.main(Main.java:23)


====================================================== snapshot #1
thread java.lang.Thread:{id:0,name:main,status:RUNNING,priority:5,isDaemon:false,lockCount:0,suspendCount:0}
  call stack:
	at mockx.servlet.http.HttpServletResponse.checkNoSymbolic(HttpServletResponse.java:37)
	at mockx.servlet.http.HttpServletResponse.access$000(HttpServletResponse.java:12)
	at mockx.servlet.http.HttpServletResponse$1.println(HttpServletResponse.java:22)
	at securibench.micro.pred.Pred2.doGet(Pred2.java:39)
	at Main.main(Main.java:23)


====================================================== results
error #1: gov.nasa.jpf.vm.NoUncaughtExceptionsProperty "java.lang.NullPointerException  at mockx.servlet.h..."

====================================================== statistics
elapsed time:       00:00:00
states:             new=5,visited=0,backtracked=1,end=1
search:             maxDepth=4,constraints=0
choice generators:  thread=1 (signal=0,lock=1,sharedRef=0,threadApi=0,reschedule=0), data=3
heap:               new=566,released=36,maxLive=536,gcCycles=4
instructions:       6791
max memory:         44MB
loaded code:        classes=106,methods=2015

====================================================== search finished: 26/7/25 4:31 AM
UNKNOWN
