./jpf-sv-comp --propertyfile ../../sv-benchmarks/java/properties/runtime-exception.prp ../../sv-benchmarks/java/common ../../sv-benchmarks/java/jayhorn-recursive/SatMultCommutative01


--------------------------------------------------------------------------------


/tmp/jpf-benchmark.CcRDqZ/config.jpf
LD_LIBRARY_PATH=/home/f8/Desktop/bench-defs/bin/spf2-wqB1rj98YZ/jpf-symbc/lib:/home/f8/Desktop/SPF/jpf-symbc/lib:
symbolic.min_int=-2147483648
symbolic.min_long=-9223372036854775808
symbolic.min_short=-32768
symbolic.min_byte=-128
symbolic.min_char=0
symbolic.max_int=2147483647
symbolic.max_long=9223372036854775807
symbolic.max_short=32767
symbolic.max_byte=127
symbolic.max_char=65535
symbolic.min_double=4.9E-324
symbolic.max_double=1.7976931348623157E308
JavaPathfinder core system v8.0 (rev 8b82638acdeb8140d063107c30b29a0161fcc31c) - (C) 2005-2014 United States Government. All rights reserved.


====================================================== system under test
Main.main()

====================================================== search started: 26/7/25 4:25 AM

====================================================== search constraint
depth limit reached: 13

====================================================== snapshot 
no live threads

====================================================== search constraint
depth limit reached: 13

====================================================== snapshot 
thread java.lang.Thread:{id:0,name:main,status:RUNNING,priority:5,isDaemon:false,lockCount:0,suspendCount:0}
  call stack:
	at Main.mult(Main.java:16)
	at Main.mult(Main.java:19)
	at Main.mult(Main.java:19)
	at Main.mult(Main.java:19)
	at Main.mult(Main.java:19)
	at Main.mult(Main.java:19)
	at Main.mult(Main.java:19)
	at Main.mult(Main.java:19)
	at Main.main(Main.java:32)


====================================================== search constraint
depth limit reached: 13

====================================================== snapshot 
no live threads

====================================================== search constraint
depth limit reached: 13

====================================================== snapshot 
thread java.lang.Thread:{id:0,name:main,status:RUNNING,priority:5,isDaemon:false,lockCount:0,suspendCount:0}
  call stack:
	at Main.mult(Main.java:16)
	at Main.mult(Main.java:19)
	at Main.mult(Main.java:19)
	at Main.mult(Main.java:19)
	at Main.mult(Main.java:19)
	at Main.mult(Main.java:19)
	at Main.mult(Main.java:19)
	at Main.main(Main.java:32)


====================================================== search constraint
depth limit reached: 13

====================================================== snapshot 
no live threads

====================================================== search constraint
depth limit reached: 13

====================================================== snapshot 
thread java.lang.Thread:{id:0,name:main,status:RUNNING,priority:5,isDaemon:false,lockCount:0,suspendCount:0}
  call stack:
	at Main.mult(Main.java:16)
	at Main.mult(Main.java:19)
	at Main.mult(Main.java:19)
	at Main.mult(Main.java:19)
	at Main.mult(Main.java:19)
	at Main.mult(Main.java:19)
	at Main.main(Main.java:32)


====================================================== search constraint
depth limit reached: 13

====================================================== snapshot 
no live threads

====================================================== search constraint
depth limit reached: 13

====================================================== snapshot 
thread java.lang.Thread:{id:0,name:main,status:RUNNING,priority:5,isDaemon:false,lockCount:0,suspendCount:0}
  call stack:
	at Main.mult(Main.java:16)
	at Main.mult(Main.java:19)
	at Main.mult(Main.java:19)
	at Main.mult(Main.java:19)
	at Main.mult(Main.java:19)
	at Main.main(Main.java:32)


====================================================== search constraint
depth limit reached: 13

====================================================== snapshot 
no live threads

====================================================== search constraint
depth limit reached: 13

====================================================== snapshot 
thread java.lang.Thread:{id:0,name:main,status:RUNNING,priority:5,isDaemon:false,lockCount:0,suspendCount:0}
  call stack:
	at Main.mult(Main.java:16)
	at Main.mult(Main.java:19)
	at Main.mult(Main.java:19)
	at Main.mult(Main.java:19)
	at Main.main(Main.java:32)


====================================================== search constraint
depth limit reached: 13

====================================================== snapshot 
no live threads

====================================================== search constraint
depth limit reached: 13

====================================================== snapshot 
thread java.lang.Thread:{id:0,name:main,status:RUNNING,priority:5,isDaemon:false,lockCount:0,suspendCount:0}
  call stack:
	at Main.mult(Main.java:16)
	at Main.mult(Main.java:19)
	at Main.mult(Main.java:19)
	at Main.main(Main.java:32)


====================================================== search constraint
depth limit reached: 13

====================================================== snapshot 
no live threads

====================================================== search constraint
depth limit reached: 13

====================================================== snapshot 
thread java.lang.Thread:{id:0,name:main,status:RUNNING,priority:5,isDaemon:false,lockCount:0,suspendCount:0}
  call stack:
	at Main.mult(Main.java:16)
	at Main.mult(Main.java:19)
	at Main.main(Main.java:32)


====================================================== search constraint
depth limit reached: 13

====================================================== snapshot 
thread java.lang.Thread:{id:0,name:main,status:RUNNING,priority:5,isDaemon:false,lockCount:0,suspendCount:0}
  call stack:
	at Main.mult(Main.java:16)
	at Main.main(Main.java:32)


====================================================== search constraint
depth limit reached: 13

====================================================== snapshot 
thread java.lang.Thread:{id:0,name:main,status:RUNNING,priority:5,isDaemon:false,lockCount:0,suspendCount:0}
  call stack:
	at Main.mult(Main.java:16)
	at Main.mult(Main.java:19)
	at Main.mult(Main.java:19)
	at Main.mult(Main.java:19)
	at Main.mult(Main.java:19)
	at Main.mult(Main.java:19)
	at Main.mult(Main.java:19)
	at Main.mult(Main.java:19)
	at Main.mult(Main.java:19)
	at Main.main(Main.java:31)


====================================================== results
no errors detected

====================================================== statistics
elapsed time:       00:00:01
states:             new=81,visited=0,backtracked=81,end=32
search:             maxDepth=13,constraints=16
choice generators:  thread=1 (signal=0,lock=1,sharedRef=0,threadApi=0,reschedule=0), data=40
heap:               new=470,released=300,maxLive=458,gcCycles=34
instructions:       7313
max memory:         44MB
loaded code:        classes=85,methods=1829

====================================================== search finished: 26/7/25 4:25 AM
SAFE
