./jpf-sv-comp --propertyfile ../../sv-benchmarks/java/properties/runtime-exception.prp ../../sv-benchmarks/java/common ../../sv-benchmarks/java/jayhorn-recursive/SatGcd


--------------------------------------------------------------------------------


/tmp/jpf-benchmark.4d7cuq/config.jpf
LD_LIBRARY_PATH=/home/f8/Desktop/bench-defs/bin/spf2-wqB1rj98YZ/jpf-symbc/lib:/home/f8/Desktop/SPF/jpf-symbc/lib:
symbolic.min_int=-2147483648
symbolic.min_long=-9223372036854775808
symbolic.min_short=-32768
symbolic.min_byte=-128
symbolic.min_char=0
symbolic.max_int=2147483647
symbolic.max_long=9223372036854775807
symbolic.max_short=32767
symbolic.max_byte=127
symbolic.max_char=65535
symbolic.min_double=4.9E-324
symbolic.max_double=1.7976931348623157E308
JavaPathfinder core system v8.0 (rev 8b82638acdeb8140d063107c30b29a0161fcc31c) - (C) 2005-2014 United States Government. All rights reserved.


====================================================== system under test
Main.main()

====================================================== search started: 26/7/25 4:25 AM

====================================================== search constraint
depth limit reached: 13

====================================================== snapshot 
thread java.lang.Thread:{id:0,name:main,status:RUNNING,priority:5,isDaemon:false,lockCount:0,suspendCount:0}
  call stack:
	at Main.gcd(Main.java:18)
	at Main.gcd(Main.java:22)
	at Main.gcd(Main.java:22)
	at Main.gcd(Main.java:22)
	at Main.gcd(Main.java:22)
	at Main.gcd(Main.java:22)
	at Main.main(Main.java:36)


====================================================== search constraint
depth limit reached: 13

====================================================== snapshot 
thread java.lang.Thread:{id:0,name:main,status:RUNNING,priority:5,isDaemon:false,lockCount:0,suspendCount:0}
  call stack:
	at Main.gcd(Main.java:18)
	at Main.gcd(Main.java:24)
	at Main.gcd(Main.java:22)
	at Main.gcd(Main.java:22)
	at Main.gcd(Main.java:22)
	at Main.gcd(Main.java:22)
	at Main.main(Main.java:36)


====================================================== search constraint
depth limit reached: 13

====================================================== snapshot 
thread java.lang.Thread:{id:0,name:main,status:RUNNING,priority:5,isDaemon:false,lockCount:0,suspendCount:0}
  call stack:
	at Main.gcd(Main.java:18)
	at Main.gcd(Main.java:22)
	at Main.gcd(Main.java:24)
	at Main.gcd(Main.java:22)
	at Main.gcd(Main.java:22)
	at Main.gcd(Main.java:22)
	at Main.main(Main.java:36)


====================================================== search constraint
depth limit reached: 13

====================================================== snapshot 
thread java.lang.Thread:{id:0,name:main,status:RUNNING,priority:5,isDaemon:false,lockCount:0,suspendCount:0}
  call stack:
	at Main.gcd(Main.java:18)
	at Main.gcd(Main.java:24)
	at Main.gcd(Main.java:24)
	at Main.gcd(Main.java:22)
	at Main.gcd(Main.java:22)
	at Main.gcd(Main.java:22)
	at Main.main(Main.java:36)


====================================================== search constraint
depth limit reached: 13

====================================================== snapshot 
thread java.lang.Thread:{id:0,name:main,status:RUNNING,priority:5,isDaemon:false,lockCount:0,suspendCount:0}
  call stack:
	at Main.gcd(Main.java:18)
	at Main.gcd(Main.java:22)
	at Main.gcd(Main.java:22)
	at Main.gcd(Main.java:24)
	at Main.gcd(Main.java:22)
	at Main.gcd(Main.java:22)
	at Main.main(Main.java:36)

