./jpf-sv-comp --propertyfile ../../sv-benchmarks/java/properties/runtime-exception.prp ../../sv-benchmarks/java/common ../../sv-benchmarks/java/jpf-regression/ExSymExe13_true


--------------------------------------------------------------------------------


/tmp/jpf-benchmark.3LZrqq/config.jpf
LD_LIBRARY_PATH=/home/f8/Desktop/bench-defs/bin/spf2-wqB1rj98YZ/jpf-symbc/lib:/home/f8/Desktop/SPF/jpf-symbc/lib:
symbolic.min_int=-2147483648
symbolic.min_long=-9223372036854775808
symbolic.min_short=-32768
symbolic.min_byte=-128
symbolic.min_char=0
symbolic.max_int=2147483647
symbolic.max_long=9223372036854775807
symbolic.max_short=32767
symbolic.max_byte=127
symbolic.max_char=65535
symbolic.min_double=4.9E-324
symbolic.max_double=1.7976931348623157E308
JavaPathfinder core system v8.0 (rev 8b82638acdeb8140d063107c30b29a0161fcc31c) - (C) 2005-2014 United States Government. All rights reserved.


====================================================== system under test
Main.main()

====================================================== search started: 26/7/25 4:27 AM
Testing ExSymExe13
branch FOO1
branch BOO2
branch FOO2
branch BOO2

====================================================== results
no errors detected

====================================================== statistics
elapsed time:       00:00:00
states:             new=5,visited=0,backtracked=5,end=3
search:             maxDepth=3,constraints=0
choice generators:  thread=1 (signal=0,lock=1,sharedRef=0,threadApi=0,reschedule=0), data=2
heap:               new=477,released=37,maxLive=461,gcCycles=5
instructions:       6428
max memory:         44MB
loaded code:        classes=85,methods=1829

====================================================== search finished: 26/7/25 4:27 AM
SAFE
