./jpf-sv-comp --propertyfile ../../sv-benchmarks/java/properties/assert_java.prp ../../sv-benchmarks/java/common ../../sv-benchmarks/java/algorithms/Tsp-MemUnsat01


--------------------------------------------------------------------------------


PROP_FILE=../../sv-benchmarks/java/properties/assert_java.prp
CHECK( init(Main.main()), LTL(G assert) )
ASSERTION_MODE=TRUE
RUNTIME_EXCEPTION_MODE=FALSE
/tmp/jpf-benchmark.WpFCFb/config.jpf
LD_LIBRARY_PATH=/home/f8/Desktop/bench-defs/bin/spf-x7QRTWdPtu/jpf-symbc/lib:/home/f8/Desktop/SPF/jpf-symbc/lib:
symbolic.min_int=-2147483648
symbolic.min_long=-9223372036854775808
symbolic.min_short=-32768
symbolic.min_byte=-128
symbolic.min_char=0
symbolic.max_int=2147483647
symbolic.max_long=9223372036854775807
symbolic.max_short=32767
symbolic.max_byte=127
symbolic.max_char=65535
symbolic.min_double=4.9E-324
symbolic.max_double=1.7976931348623157E308
JavaPathfinder core system v8.0 (rev a9cfdfd20e921dacd2aaa6e92103681eb28cc81d) - (C) 2005-2014 United States Government. All rights reserved.


====================================================== system under test
Main.main()

====================================================== search started: 7/8/25 4:49 AM
$$$$$$$$$$$$$$$$$$$$$$$$$$$$$$$$
Calling Z3str3

Returned solutions: 
(define-fun int0 () Int  0)
*************************************
Satisfiable: true
*************************************

$$$$$$$$$$$$$$$$$$$$$$$$$$$$$$$$
Calling Z3str3

Returned solutions: 
(define-fun int0 () Int  1)
*************************************
Satisfiable: true
*************************************

java.lang.RuntimeException: MULTIANEWARRAY: symbolic array length
	at gov.nasa.jpf.symbc.bytecode.MULTIANEWARRAY.execute(MULTIANEWARRAY.java:58)
	at gov.nasa.jpf.vm.ThreadInfo.executeInstruction(ThreadInfo.java:1908)
	at gov.nasa.jpf.vm.ThreadInfo.executeTransition(ThreadInfo.java:1859)
	at gov.nasa.jpf.vm.SystemState.executeNextTransition(SystemState.java:765)
	at gov.nasa.jpf.vm.VM.forward(VM.java:1722)
	at gov.nasa.jpf.search.Search.forward(Search.java:937)
	at gov.nasa.jpf.search.DFSearch.search(DFSearch.java:79)
	at gov.nasa.jpf.JPF.run(JPF.java:613)
	at gov.nasa.jpf.JPF.start(JPF.java:189)
	at sun.reflect.NativeMethodAccessorImpl.invoke0(Native Method)
	at sun.reflect.NativeMethodAccessorImpl.invoke(NativeMethodAccessorImpl.java:62)
	at sun.reflect.DelegatingMethodAccessorImpl.invoke(DelegatingMethodAccessorImpl.java:43)
	at java.lang.reflect.Method.invoke(Method.java:498)
	at gov.nasa.jpf.tool.Run.call(Run.java:80)
	at gov.nasa.jpf.tool.RunJPF.main(RunJPF.java:116)
inside assertion_mode=true
UNKNOWN
