./jpf-sv-comp --propertyfile ../../sv-benchmarks/java/properties/assert_java.prp ../../sv-benchmarks/java/common ../../sv-benchmarks/java/jpf-regression/ExSymExeSwitch_false


--------------------------------------------------------------------------------


PROP_FILE=../../sv-benchmarks/java/properties/assert_java.prp
CHECK( init(Main.main()), LTL(G assert) )
ASSERTION_MODE=TRUE
RUNTIME_EXCEPTION_MODE=FALSE
/tmp/jpf-benchmark.vvhylP/config.jpf
LD_LIBRARY_PATH=/home/f8/Desktop/bench-defs/bin/spf-x7QRTWdPtu/jpf-symbc/lib:/home/f8/Desktop/SPF/jpf-symbc/lib:
symbolic.min_int=-2147483648
symbolic.min_long=-9223372036854775808
symbolic.min_short=-32768
symbolic.min_byte=-128
symbolic.min_char=0
symbolic.max_int=2147483647
symbolic.max_long=9223372036854775807
symbolic.max_short=32767
symbolic.max_byte=127
symbolic.max_char=65535
symbolic.min_double=4.9E-324
symbolic.max_double=1.7976931348623157E308
JavaPathfinder core system v8.0 (rev a9cfdfd20e921dacd2aaa6e92103681eb28cc81d) - (C) 2005-2014 United States Government. All rights reserved.


====================================================== system under test
Main.main()

====================================================== search started: 7/8/25 4:43 AM
$$$$$$$$$$$$$$$$$$$$$$$$$$$$$$$$
Calling Z3str3

Returned solutions: 
(define-fun int0 () Int  1)
*************************************
Satisfiable: true
*************************************

branch Foo2
$$$$$$$$$$$$$$$$$$$$$$$$$$$$$$$$
Calling Z3str3

Returned solutions: 
(define-fun int0 () Int  2999)
*************************************
Satisfiable: true
*************************************

branch Foo3000
$$$$$$$$$$$$$$$$$$$$$$$$$$$$$$$$
Calling Z3str3

Returned solutions: 
(define-fun int0 () Int  0)
*************************************
Satisfiable: true
*************************************

default2
$$$$$$$$$$$$$$$$$$$$$$$$$$$$$$$$
Calling Z3str3

Returned solutions: 
(define-fun int0 () Int  0)
*************************************
Satisfiable: true
*************************************

Property Violated: PC is constraint # = 2
(int0[-2147483648] + CONST_1) != CONST_3000 &&
(int0[-2147483648] + CONST_1) != CONST_2
Property Violated: result is  "java.lang.AssertionError..."
****************************

====================================================== error 1
gov.nasa.jpf.vm.NoUncaughtExceptionsProperty
java.lang.AssertionError
	at Main.test(Main.java:56)
	at Main.main(Main.java:34)


====================================================== snapshot #1
thread java.lang.Thread:{id:0,name:main,status:RUNNING,priority:5,isDaemon:false,lockCount:0,suspendCount:0}
  call stack:
	at Main.test(Main.java:56)
	at Main.main(Main.java:34)


====================================================== Method Summaries
Inputs: 

()  --> "java.lang.AssertionError..."

====================================================== Method Summaries (HTML)
<h1>Test Cases Generated by Symbolic JavaPath Finder for  (Path Coverage) </h1>
<table border=1>
<tr><td>RETURN</td></tr>
<tr><td>"java.lang.AssertionError..."</td></tr>
</table>

====================================================== results
error #1: gov.nasa.jpf.vm.NoUncaughtExceptionsProperty "java.lang.AssertionError  at Main.test(Main.java:5..."

====================================================== statistics
elapsed time:       00:00:00
states:             new=4,visited=0,backtracked=2,end=2
search:             maxDepth=2,constraints=0
choice generators:  thread=1 (signal=0,lock=1,sharedRef=0,threadApi=0,reschedule=0), data=1
heap:               new=488,released=26,maxLive=458,gcCycles=3
instructions:       6413
max memory:         44MB
loaded code:        classes=89,methods=1870

====================================================== search finished: 7/8/25 4:43 AM
inside assertion_mode=true
UNSAFE
