./jpf-sv-comp --propertyfile ../../sv-benchmarks/java/properties/assert_java.prp ../../sv-benchmarks/java/common ../../sv-benchmarks/java/securibench/micro ../../sv-benchmarks/java/securibench/Aliasing6


--------------------------------------------------------------------------------


PROP_FILE=../../sv-benchmarks/java/properties/assert_java.prp
CHECK( init(Main.main()), LTL(G assert) )
ASSERTION_MODE=TRUE
RUNTIME_EXCEPTION_MODE=FALSE
Note: Some input files use unchecked or unsafe operations.
Note: Recompile with -Xlint:unchecked for details.
/tmp/jpf-benchmark.hipgyW/config.jpf
LD_LIBRARY_PATH=/home/f8/Desktop/bench-defs/bin/spf-x7QRTWdPtu/jpf-symbc/lib:/home/f8/Desktop/SPF/jpf-symbc/lib:
symbolic.min_int=-2147483648
symbolic.min_long=-9223372036854775808
symbolic.min_short=-32768
symbolic.min_byte=-128
symbolic.min_char=0
symbolic.max_int=2147483647
symbolic.max_long=9223372036854775807
symbolic.max_short=32767
symbolic.max_byte=127
symbolic.max_char=65535
symbolic.min_double=4.9E-324
symbolic.max_double=1.7976931348623157E308
JavaPathfinder core system v8.0 (rev a9cfdfd20e921dacd2aaa6e92103681eb28cc81d) - (C) 2005-2014 United States Government. All rights reserved.


====================================================== system under test
Main.main()

====================================================== search started: 7/8/25 4:50 AM
$$$$$$$$$$$$$$$$$$$$$$$$$$$$$$$$
Calling Z3str3

Returned solutions: 
(define-fun string0 () String  "null")
*************************************
Satisfiable: true
string0 => "null"
*************************************

$$$$$$$$$$$$$$$$$$$$$$$$$$$$$$$$
Calling Z3str3

Returned solutions: 
(define-fun string0 () String  "null")
*************************************
Satisfiable: true
string0 => "null"
*************************************

$$$$$$$$$$$$$$$$$$$$$$$$$$$$$$$$
Calling Z3str3

Returned solutions: 
(define-fun string0 () String  "null")
*************************************
Satisfiable: true
string0 => "null"
*************************************

$$$$$$$$$$$$$$$$$$$$$$$$$$$$$$$$
Calling Z3str3

Returned solutions: 
(define-fun string0 () String  "null")
*************************************
Satisfiable: true
string0 => "null"
*************************************

$$$$$$$$$$$$$$$$$$$$$$$$$$$$$$$$
Calling Z3str3

Returned solutions: 
(define-fun string0 () String  "null")
*************************************
Satisfiable: true
string0 => "null"
*************************************

$$$$$$$$$$$$$$$$$$$$$$$$$$$$$$$$
Calling Z3str3

Returned solutions: 
(define-fun string0 () String  "null")
*************************************
Satisfiable: true
string0 => "null"
*************************************

$$$$$$$$$$$$$$$$$$$$$$$$$$$$$$$$
Calling Z3str3

Returned solutions: 
(define-fun string0 () String  "null")
*************************************
Satisfiable: true
string0 => "null"
*************************************

$$$$$$$$$$$$$$$$$$$$$$$$$$$$$$$$
Calling Z3str3

*************************************
Satisfiable: false
*************************************

$$$$$$$$$$$$$$$$$$$$$$$$$$$$$$$$
Calling Z3str3

*************************************
Satisfiable: false
*************************************

$$$$$$$$$$$$$$$$$$$$$$$$$$$$$$$$
Calling Z3str3

*************************************
Satisfiable: false
*************************************

$$$$$$$$$$$$$$$$$$$$$$$$$$$$$$$$
Calling Z3str3

*************************************
Satisfiable: false
*************************************

$$$$$$$$$$$$$$$$$$$$$$$$$$$$$$$$
Calling Z3str3

*************************************
Satisfiable: false
*************************************

$$$$$$$$$$$$$$$$$$$$$$$$$$$$$$$$
Calling Z3str3

*************************************
Satisfiable: false
*************************************

$$$$$$$$$$$$$$$$$$$$$$$$$$$$$$$$
Calling Z3str3

Returned solutions: 
(define-fun string0 () String  "")
*************************************
Satisfiable: true
string0 => ""
*************************************

$$$$$$$$$$$$$$$$$$$$$$$$$$$$$$$$
Calling Z3str3

Returned solutions: 
(define-fun string0 () String  "")
*************************************
Satisfiable: true
string0 => ""
*************************************

$$$$$$$$$$$$$$$$$$$$$$$$$$$$$$$$
Calling Z3str3

*************************************
Satisfiable: false
*************************************

$$$$$$$$$$$$$$$$$$$$$$$$$$$$$$$$
Calling Z3str3

Returned solutions: 
(define-fun string0 () String  "")
*************************************
Satisfiable: true
string0 => ""
*************************************

$$$$$$$$$$$$$$$$$$$$$$$$$$$$$$$$
Calling Z3str3

Returned solutions: 
(define-fun string0 () String  "")
*************************************
Satisfiable: true
string0 => ""
*************************************

$$$$$$$$$$$$$$$$$$$$$$$$$$$$$$$$
Calling Z3str3

*************************************
Satisfiable: false
*************************************

$$$$$$$$$$$$$$$$$$$$$$$$$$$$$$$$
Calling Z3str3

Returned solutions: 
(define-fun string0 () String  "")
*************************************
Satisfiable: true
string0 => ""
*************************************

$$$$$$$$$$$$$$$$$$$$$$$$$$$$$$$$
Calling Z3str3

Returned solutions: 
(define-fun string0 () String  "")
*************************************
Satisfiable: true
string0 => ""
*************************************

$$$$$$$$$$$$$$$$$$$$$$$$$$$$$$$$
Calling Z3str3

*************************************
Satisfiable: false
*************************************

$$$$$$$$$$$$$$$$$$$$$$$$$$$$$$$$
Calling Z3str3

Returned solutions: 
(define-fun string0 () String  "")
*************************************
Satisfiable: true
string0 => ""
*************************************

$$$$$$$$$$$$$$$$$$$$$$$$$$$$$$$$
Calling Z3str3

Returned solutions: 
(define-fun string0 () String  "")
*************************************
Satisfiable: true
string0 => ""
*************************************

$$$$$$$$$$$$$$$$$$$$$$$$$$$$$$$$
Calling Z3str3

*************************************
Satisfiable: false
*************************************

$$$$$$$$$$$$$$$$$$$$$$$$$$$$$$$$
Calling Z3str3

Returned solutions: 
(define-fun string0 () String  "")
*************************************
Satisfiable: true
string0 => ""
*************************************

$$$$$$$$$$$$$$$$$$$$$$$$$$$$$$$$
Calling Z3str3

Returned solutions: 
(define-fun string0 () String  "")
*************************************
Satisfiable: true
string0 => ""
*************************************

$$$$$$$$$$$$$$$$$$$$$$$$$$$$$$$$
Calling Z3str3

*************************************
Satisfiable: false
*************************************

$$$$$$$$$$$$$$$$$$$$$$$$$$$$$$$$
Calling Z3str3

Returned solutions: 
(define-fun string0 () String  "")
*************************************
Satisfiable: true
string0 => ""
*************************************


====================================================== search constraint
depth limit reached: 13

====================================================== snapshot 
thread java.lang.Thread:{id:0,name:main,status:RUNNING,priority:5,isDaemon:false,lockCount:0,suspendCount:0}
  call stack:
	at mockx.servlet.http.HttpServletResponse.checkNoSymbolic(HttpServletResponse.java:37)
	at mockx.servlet.http.HttpServletResponse.access$000(HttpServletResponse.java:12)
	at mockx.servlet.http.HttpServletResponse$1.println(HttpServletResponse.java:27)
	at securibench.micro.aliasing.Aliasing6.doGet(Aliasing6.java:118)
	at Main.main(Main.java:23)

$$$$$$$$$$$$$$$$$$$$$$$$$$$$$$$$
Calling Z3str3

Returned solutions: 
(define-fun string0 () String  "")
*************************************
Satisfiable: true
string0 => ""
*************************************


====================================================== search constraint
depth limit reached: 13

====================================================== snapshot 
thread java.lang.Thread:{id:0,name:main,status:RUNNING,priority:5,isDaemon:false,lockCount:0,suspendCount:0}
  call stack:
	at mockx.servlet.http.HttpServletResponse.checkNoSymbolic(HttpServletResponse.java:37)
	at mockx.servlet.http.HttpServletResponse.access$000(HttpServletResponse.java:12)
	at mockx.servlet.http.HttpServletResponse$1.println(HttpServletResponse.java:27)
	at securibench.micro.aliasing.Aliasing6.doGet(Aliasing6.java:119)
	at Main.main(Main.java:23)

$$$$$$$$$$$$$$$$$$$$$$$$$$$$$$$$
Calling Z3str3

*************************************
Satisfiable: false
*************************************


====================================================== search constraint
depth limit reached: 13

====================================================== snapshot 
thread java.lang.Thread:{id:0,name:main,status:RUNNING,priority:5,isDaemon:false,lockCount:0,suspendCount:0}
  call stack:
	at mockx.servlet.http.HttpServletResponse.checkNoSymbolic(HttpServletResponse.java:37)
	at mockx.servlet.http.HttpServletResponse.access$000(HttpServletResponse.java:12)
	at mockx.servlet.http.HttpServletResponse$1.println(HttpServletResponse.java:27)
	at securibench.micro.aliasing.Aliasing6.doGet(Aliasing6.java:118)
	at Main.main(Main.java:23)

$$$$$$$$$$$$$$$$$$$$$$$$$$$$$$$$
Calling Z3str3

*************************************
Satisfiable: false
*************************************

$$$$$$$$$$$$$$$$$$$$$$$$$$$$$$$$
Calling Z3str3

*************************************
Satisfiable: false
*************************************

$$$$$$$$$$$$$$$$$$$$$$$$$$$$$$$$
Calling Z3str3

*************************************
Satisfiable: false
*************************************

$$$$$$$$$$$$$$$$$$$$$$$$$$$$$$$$
Calling Z3str3

*************************************
Satisfiable: false
*************************************

$$$$$$$$$$$$$$$$$$$$$$$$$$$$$$$$
Calling Z3str3

Returned solutions: 
(define-fun string0 () String  "<bad/>")
*************************************
Satisfiable: true
string0 => "<bad/>"
*************************************

$$$$$$$$$$$$$$$$$$$$$$$$$$$$$$$$
Calling Z3str3

Returned solutions: 
(define-fun string0 () String  "<bad/>")
*************************************
Satisfiable: true
string0 => "<bad/>"
*************************************

Property Violated: PC is constraint # = 0
Property Violated: result is  "java.lang.AssertionError..."
****************************

====================================================== error 1
gov.nasa.jpf.vm.NoUncaughtExceptionsProperty
java.lang.AssertionError
	at mockx.servlet.http.HttpServletResponse.checkNoSymbolic(HttpServletResponse.java:38)
	at mockx.servlet.http.HttpServletResponse.access$000(HttpServletResponse.java:12)
	at mockx.servlet.http.HttpServletResponse$1.println(HttpServletResponse.java:27)
	at securibench.micro.aliasing.Aliasing6.doGet(Aliasing6.java:113)
	at Main.main(Main.java:23)


====================================================== snapshot #1
thread java.lang.Thread:{id:0,name:main,status:RUNNING,priority:5,isDaemon:false,lockCount:0,suspendCount:0}
  call stack:
	at mockx.servlet.http.HttpServletResponse.checkNoSymbolic(HttpServletResponse.java:38)
	at mockx.servlet.http.HttpServletResponse.access$000(HttpServletResponse.java:12)
	at mockx.servlet.http.HttpServletResponse$1.println(HttpServletResponse.java:27)
	at securibench.micro.aliasing.Aliasing6.doGet(Aliasing6.java:113)
	at Main.main(Main.java:23)


====================================================== Method Summaries
Inputs: 

()  --> "java.lang.AssertionError..."

====================================================== Method Summaries (HTML)
<h1>Test Cases Generated by Symbolic JavaPath Finder for  (Path Coverage) </h1>
<table border=1>
<tr><td>RETURN</td></tr>
<tr><td>"java.lang.AssertionError..."</td></tr>
</table>

====================================================== results
error #1: gov.nasa.jpf.vm.NoUncaughtExceptionsProperty "java.lang.AssertionError  at mockx.servlet.http.Ht..."

====================================================== statistics
elapsed time:       00:00:02
states:             new=43,visited=0,backtracked=40,end=1
search:             maxDepth=13,constraints=3
choice generators:  thread=1 (signal=0,lock=1,sharedRef=0,threadApi=0,reschedule=0), data=18
heap:               new=587,released=59,maxLive=537,gcCycles=20
instructions:       7129
max memory:         44MB
loaded code:        classes=107,methods=2031

====================================================== search finished: 7/8/25 4:50 AM
inside assertion_mode=true
UNSAFE
