./jpf-sv-comp --propertyfile ../../sv-benchmarks/java/properties/assert_java.prp ../../sv-benchmarks/java/common ../../sv-benchmarks/java/jpf-regression/ExSymExeLongBytecodes_false


--------------------------------------------------------------------------------


PROP_FILE=../../sv-benchmarks/java/properties/assert_java.prp
CHECK( init(Main.main()), LTL(G assert) )
ASSERTION_MODE=TRUE
RUNTIME_EXCEPTION_MODE=FALSE
/tmp/jpf-benchmark.SEnrIb/config.jpf
LD_LIBRARY_PATH=/home/f8/Desktop/bench-defs/bin/spf-x7QRTWdPtu/jpf-symbc/lib:/home/f8/Desktop/SPF/jpf-symbc/lib:
symbolic.min_int=-2147483648
symbolic.min_long=-9223372036854775808
symbolic.min_short=-32768
symbolic.min_byte=-128
symbolic.min_char=0
symbolic.max_int=2147483647
symbolic.max_long=9223372036854775807
symbolic.max_short=32767
symbolic.max_byte=127
symbolic.max_char=65535
symbolic.min_double=4.9E-324
symbolic.max_double=1.7976931348623157E308
JavaPathfinder core system v8.0 (rev a9cfdfd20e921dacd2aaa6e92103681eb28cc81d) - (C) 2005-2014 United States Government. All rights reserved.


====================================================== system under test
Main.main()

====================================================== search started: 7/8/25 4:43 AM
Testing ExSymExeLongBytecodes
$$$$$$$$$$$$$$$$$$$$$$$$$$$$$$$$
Calling Z3str3

Returned solutions: 
(define-fun long0 () Int  34569)
*************************************
Satisfiable: true
*************************************

$$$$$$$$$$$$$$$$$$$$$$$$$$$$$$$$
Calling Z3str3

Returned solutions: 
(define-fun long0 () Int  34569)
*************************************
Satisfiable: true
*************************************

Property Violated: PC is constraint # = 1
(long0[-9223372036854775800] - CONST_5) < CONST_34565
Property Violated: result is  "java.lang.AssertionError..."
****************************
[SEVERE] JPF exception, terminating: exception during propertyViolated() notification
java.lang.NumberFormatException: For input string: "-9223372036854775800"
	at java.lang.NumberFormatException.forInputString(NumberFormatException.java:65)
	at java.lang.Integer.parseInt(Integer.java:583)
	at java.lang.Integer.parseInt(Integer.java:615)
	at gov.nasa.jpf.symbc.witness.PathConditionParser.parseSymVar(PathConditionParser.java:53)
	at gov.nasa.jpf.symbc.SymbolicListener.propertyViolated(SymbolicListener.java:190)
	at gov.nasa.jpf.search.Search.notifyPropertyViolated(Search.java:857)
	at gov.nasa.jpf.search.DFSearch.search(DFSearch.java:84)
	at gov.nasa.jpf.JPF.run(JPF.java:613)
	at gov.nasa.jpf.JPF.start(JPF.java:189)
	at sun.reflect.NativeMethodAccessorImpl.invoke0(Native Method)
	at sun.reflect.NativeMethodAccessorImpl.invoke(NativeMethodAccessorImpl.java:62)
	at sun.reflect.DelegatingMethodAccessorImpl.invoke(DelegatingMethodAccessorImpl.java:43)
	at java.lang.reflect.Method.invoke(Method.java:498)
	at gov.nasa.jpf.tool.Run.call(Run.java:80)
	at gov.nasa.jpf.tool.RunJPF.main(RunJPF.java:116)
---------------------- JPF error stack trace ---------------------
gov.nasa.jpf.JPFListenerException: exception during propertyViolated() notification
	at gov.nasa.jpf.search.Search.notifyPropertyViolated(Search.java:863)
	at gov.nasa.jpf.search.DFSearch.search(DFSearch.java:84)
	at gov.nasa.jpf.JPF.run(JPF.java:613)
	at gov.nasa.jpf.JPF.start(JPF.java:189)
	at sun.reflect.NativeMethodAccessorImpl.invoke0(Native Method)
	at sun.reflect.NativeMethodAccessorImpl.invoke(NativeMethodAccessorImpl.java:62)
	at sun.reflect.DelegatingMethodAccessorImpl.invoke(DelegatingMethodAccessorImpl.java:43)
	at java.lang.reflect.Method.invoke(Method.java:498)
	at gov.nasa.jpf.tool.Run.call(Run.java:80)
	at gov.nasa.jpf.tool.RunJPF.main(RunJPF.java:116)
Caused by: java.lang.NumberFormatException: For input string: "-9223372036854775800"
	at java.lang.NumberFormatException.forInputString(NumberFormatException.java:65)
	at java.lang.Integer.parseInt(Integer.java:583)
	at java.lang.Integer.parseInt(Integer.java:615)
	at gov.nasa.jpf.symbc.witness.PathConditionParser.parseSymVar(PathConditionParser.java:53)
	at gov.nasa.jpf.symbc.SymbolicListener.propertyViolated(SymbolicListener.java:190)
	at gov.nasa.jpf.search.Search.notifyPropertyViolated(Search.java:857)
	... 9 more
inside assertion_mode=true
UNKNOWN
