./jpf-sv-comp --propertyfile ../../sv-benchmarks/java/properties/assert_java.prp ../../sv-benchmarks/java/common ../../sv-benchmarks/java/jayhorn-recursive/UnsatAddition02


--------------------------------------------------------------------------------


PROP_FILE=../../sv-benchmarks/java/properties/assert_java.prp
CHECK( init(Main.main()), LTL(G assert) )
ASSERTION_MODE=TRUE
RUNTIME_EXCEPTION_MODE=FALSE
/tmp/jpf-benchmark.sXerHa/config.jpf
LD_LIBRARY_PATH=/home/f8/Desktop/bench-defs/bin/spf-x7QRTWdPtu/jpf-symbc/lib:/home/f8/Desktop/SPF/jpf-symbc/lib:
symbolic.min_int=-2147483648
symbolic.min_long=-9223372036854775808
symbolic.min_short=-32768
symbolic.min_byte=-128
symbolic.min_char=0
symbolic.max_int=2147483647
symbolic.max_long=9223372036854775807
symbolic.max_short=32767
symbolic.max_byte=127
symbolic.max_char=65535
symbolic.min_double=4.9E-324
symbolic.max_double=1.7976931348623157E308
JavaPathfinder core system v8.0 (rev a9cfdfd20e921dacd2aaa6e92103681eb28cc81d) - (C) 2005-2014 United States Government. All rights reserved.


====================================================== system under test
Main.main()

====================================================== search started: 7/8/25 4:39 AM
$$$$$$$$$$$$$$$$$$$$$$$$$$$$$$$$
Calling Z3str3

Returned solutions: 
(define-fun int1 () Int  1)
*************************************
Satisfiable: true
*************************************

$$$$$$$$$$$$$$$$$$$$$$$$$$$$$$$$
Calling Z3str3

Returned solutions: 
(define-fun int1 () Int  0)
*************************************
Satisfiable: true
*************************************

$$$$$$$$$$$$$$$$$$$$$$$$$$$$$$$$
Calling Z3str3

Returned solutions: 
(define-fun int0 () Int  99)
(define-fun int1 () Int  0)
*************************************
Satisfiable: true
*************************************

$$$$$$$$$$$$$$$$$$$$$$$$$$$$$$$$
Calling Z3str3

Returned solutions: 
(define-fun int0 () Int  100)
(define-fun int1 () Int  0)
*************************************
Satisfiable: true
*************************************

$$$$$$$$$$$$$$$$$$$$$$$$$$$$$$$$
Calling Z3str3

Returned solutions: 
(define-fun int0 () Int  100)
(define-fun int1 () Int  0)
*************************************
Satisfiable: true
*************************************

$$$$$$$$$$$$$$$$$$$$$$$$$$$$$$$$
Calling Z3str3

Returned solutions: 
(define-fun int1 () Int  (- 1))
*************************************
Satisfiable: true
*************************************

$$$$$$$$$$$$$$$$$$$$$$$$$$$$$$$$
Calling Z3str3

Returned solutions: 
(define-fun int1 () Int  1)
*************************************
Satisfiable: true
*************************************

$$$$$$$$$$$$$$$$$$$$$$$$$$$$$$$$
Calling Z3str3

Returned solutions: 
(define-fun int1 () Int  2)
*************************************
Satisfiable: true
*************************************

$$$$$$$$$$$$$$$$$$$$$$$$$$$$$$$$
Calling Z3str3

Returned solutions: 
(define-fun int1 () Int  1)
*************************************
Satisfiable: true
*************************************

$$$$$$$$$$$$$$$$$$$$$$$$$$$$$$$$
Calling Z3str3

Returned solutions: 
(define-fun int0 () Int  99)
(define-fun int1 () Int  1)
*************************************
Satisfiable: true
*************************************

$$$$$$$$$$$$$$$$$$$$$$$$$$$$$$$$
Calling Z3str3

Returned solutions: 
(define-fun int0 () Int  100)
(define-fun int1 () Int  1)
*************************************
Satisfiable: true
*************************************

$$$$$$$$$$$$$$$$$$$$$$$$$$$$$$$$
Calling Z3str3

Returned solutions: 
(define-fun int0 () Int  100)
(define-fun int1 () Int  1)
*************************************
Satisfiable: true
*************************************

$$$$$$$$$$$$$$$$$$$$$$$$$$$$$$$$
Calling Z3str3

Returned solutions: 
(define-fun int1 () Int  2)
*************************************
Satisfiable: true
*************************************

$$$$$$$$$$$$$$$$$$$$$$$$$$$$$$$$
Calling Z3str3

Returned solutions: 
(define-fun int1 () Int  3)
*************************************
Satisfiable: true
*************************************

$$$$$$$$$$$$$$$$$$$$$$$$$$$$$$$$
Calling Z3str3

Returned solutions: 
(define-fun int1 () Int  2)
*************************************
Satisfiable: true
*************************************

$$$$$$$$$$$$$$$$$$$$$$$$$$$$$$$$
Calling Z3str3

Returned solutions: 
(define-fun int0 () Int  99)
(define-fun int1 () Int  2)
*************************************
Satisfiable: true
*************************************

$$$$$$$$$$$$$$$$$$$$$$$$$$$$$$$$
Calling Z3str3

Returned solutions: 
(define-fun int0 () Int  100)
(define-fun int1 () Int  2)
*************************************
Satisfiable: true
*************************************

$$$$$$$$$$$$$$$$$$$$$$$$$$$$$$$$
Calling Z3str3

Returned solutions: 
(define-fun int0 () Int  100)
(define-fun int1 () Int  2)
*************************************
Satisfiable: true
*************************************

$$$$$$$$$$$$$$$$$$$$$$$$$$$$$$$$
Calling Z3str3

Returned solutions: 
(define-fun int1 () Int  3)
*************************************
Satisfiable: true
*************************************

$$$$$$$$$$$$$$$$$$$$$$$$$$$$$$$$
Calling Z3str3

Returned solutions: 
(define-fun int1 () Int  4)
*************************************
Satisfiable: true
*************************************

$$$$$$$$$$$$$$$$$$$$$$$$$$$$$$$$
Calling Z3str3

Returned solutions: 
(define-fun int1 () Int  3)
*************************************
Satisfiable: true
*************************************

$$$$$$$$$$$$$$$$$$$$$$$$$$$$$$$$
Calling Z3str3

Returned solutions: 
(define-fun int0 () Int  99)
(define-fun int1 () Int  3)
*************************************
Satisfiable: true
*************************************

$$$$$$$$$$$$$$$$$$$$$$$$$$$$$$$$
Calling Z3str3

Returned solutions: 
(define-fun int0 () Int  100)
(define-fun int1 () Int  3)
*************************************
Satisfiable: true
*************************************

$$$$$$$$$$$$$$$$$$$$$$$$$$$$$$$$
Calling Z3str3

Returned solutions: 
(define-fun int0 () Int  100)
(define-fun int1 () Int  3)
*************************************
Satisfiable: true
*************************************

$$$$$$$$$$$$$$$$$$$$$$$$$$$$$$$$
Calling Z3str3

Returned solutions: 
(define-fun int1 () Int  4)
*************************************
Satisfiable: true
*************************************

$$$$$$$$$$$$$$$$$$$$$$$$$$$$$$$$
Calling Z3str3

Returned solutions: 
(define-fun int1 () Int  5)
*************************************
Satisfiable: true
*************************************

$$$$$$$$$$$$$$$$$$$$$$$$$$$$$$$$
Calling Z3str3

Returned solutions: 
(define-fun int1 () Int  4)
*************************************
Satisfiable: true
*************************************

$$$$$$$$$$$$$$$$$$$$$$$$$$$$$$$$
Calling Z3str3

Returned solutions: 
(define-fun int0 () Int  99)
(define-fun int1 () Int  4)
*************************************
Satisfiable: true
*************************************

$$$$$$$$$$$$$$$$$$$$$$$$$$$$$$$$
Calling Z3str3

Returned solutions: 
(define-fun int0 () Int  100)
(define-fun int1 () Int  4)
*************************************
Satisfiable: true
*************************************

$$$$$$$$$$$$$$$$$$$$$$$$$$$$$$$$
Calling Z3str3

Returned solutions: 
(define-fun int0 () Int  100)
(define-fun int1 () Int  4)
*************************************
Satisfiable: true
*************************************

$$$$$$$$$$$$$$$$$$$$$$$$$$$$$$$$
Calling Z3str3

Returned solutions: 
(define-fun int1 () Int  5)
*************************************
Satisfiable: true
*************************************

$$$$$$$$$$$$$$$$$$$$$$$$$$$$$$$$
Calling Z3str3

Returned solutions: 
(define-fun int1 () Int  6)
*************************************
Satisfiable: true
*************************************

$$$$$$$$$$$$$$$$$$$$$$$$$$$$$$$$
Calling Z3str3

Returned solutions: 
(define-fun int1 () Int  5)
*************************************
Satisfiable: true
*************************************

$$$$$$$$$$$$$$$$$$$$$$$$$$$$$$$$
Calling Z3str3

Returned solutions: 
(define-fun int0 () Int  99)
(define-fun int1 () Int  5)
*************************************
Satisfiable: true
*************************************

$$$$$$$$$$$$$$$$$$$$$$$$$$$$$$$$
Calling Z3str3

Returned solutions: 
(define-fun int0 () Int  100)
(define-fun int1 () Int  5)
*************************************
Satisfiable: true
*************************************

$$$$$$$$$$$$$$$$$$$$$$$$$$$$$$$$
Calling Z3str3

Returned solutions: 
(define-fun int0 () Int  100)
(define-fun int1 () Int  5)
*************************************
Satisfiable: true
*************************************

$$$$$$$$$$$$$$$$$$$$$$$$$$$$$$$$
Calling Z3str3

Returned solutions: 
(define-fun int1 () Int  6)
*************************************
Satisfiable: true
*************************************

$$$$$$$$$$$$$$$$$$$$$$$$$$$$$$$$
Calling Z3str3

Returned solutions: 
(define-fun int1 () Int  7)
*************************************
Satisfiable: true
*************************************

$$$$$$$$$$$$$$$$$$$$$$$$$$$$$$$$
Calling Z3str3

Returned solutions: 
(define-fun int1 () Int  6)
*************************************
Satisfiable: true
*************************************

$$$$$$$$$$$$$$$$$$$$$$$$$$$$$$$$
Calling Z3str3

Returned solutions: 
(define-fun int0 () Int  99)
(define-fun int1 () Int  6)
*************************************
Satisfiable: true
*************************************

$$$$$$$$$$$$$$$$$$$$$$$$$$$$$$$$
Calling Z3str3

Returned solutions: 
(define-fun int0 () Int  100)
(define-fun int1 () Int  6)
*************************************
Satisfiable: true
*************************************

$$$$$$$$$$$$$$$$$$$$$$$$$$$$$$$$
Calling Z3str3

Returned solutions: 
(define-fun int0 () Int  100)
(define-fun int1 () Int  6)
*************************************
Satisfiable: true
*************************************

$$$$$$$$$$$$$$$$$$$$$$$$$$$$$$$$
Calling Z3str3

Returned solutions: 
(define-fun int1 () Int  7)
*************************************
Satisfiable: true
*************************************

$$$$$$$$$$$$$$$$$$$$$$$$$$$$$$$$
Calling Z3str3

Returned solutions: 
(define-fun int1 () Int  8)
*************************************
Satisfiable: true
*************************************

$$$$$$$$$$$$$$$$$$$$$$$$$$$$$$$$
Calling Z3str3

Returned solutions: 
(define-fun int1 () Int  7)
*************************************
Satisfiable: true
*************************************

$$$$$$$$$$$$$$$$$$$$$$$$$$$$$$$$
Calling Z3str3

Returned solutions: 
(define-fun int0 () Int  99)
(define-fun int1 () Int  7)
*************************************
Satisfiable: true
*************************************

$$$$$$$$$$$$$$$$$$$$$$$$$$$$$$$$
Calling Z3str3

Returned solutions: 
(define-fun int0 () Int  100)
(define-fun int1 () Int  7)
*************************************
Satisfiable: true
*************************************

$$$$$$$$$$$$$$$$$$$$$$$$$$$$$$$$
Calling Z3str3

Returned solutions: 
(define-fun int0 () Int  100)
(define-fun int1 () Int  7)
*************************************
Satisfiable: true
*************************************

$$$$$$$$$$$$$$$$$$$$$$$$$$$$$$$$
Calling Z3str3

Returned solutions: 
(define-fun int1 () Int  8)
*************************************
Satisfiable: true
*************************************

$$$$$$$$$$$$$$$$$$$$$$$$$$$$$$$$
Calling Z3str3

Returned solutions: 
(define-fun int1 () Int  9)
*************************************
Satisfiable: true
*************************************

$$$$$$$$$$$$$$$$$$$$$$$$$$$$$$$$
Calling Z3str3

Returned solutions: 
(define-fun int1 () Int  8)
*************************************
Satisfiable: true
*************************************

$$$$$$$$$$$$$$$$$$$$$$$$$$$$$$$$
Calling Z3str3

Returned solutions: 
(define-fun int0 () Int  99)
(define-fun int1 () Int  8)
*************************************
Satisfiable: true
*************************************

$$$$$$$$$$$$$$$$$$$$$$$$$$$$$$$$
Calling Z3str3

Returned solutions: 
(define-fun int0 () Int  100)
(define-fun int1 () Int  8)
*************************************
Satisfiable: true
*************************************

$$$$$$$$$$$$$$$$$$$$$$$$$$$$$$$$
Calling Z3str3

Returned solutions: 
(define-fun int0 () Int  100)
(define-fun int1 () Int  8)
*************************************
Satisfiable: true
*************************************

$$$$$$$$$$$$$$$$$$$$$$$$$$$$$$$$
Calling Z3str3

Returned solutions: 
(define-fun int1 () Int  9)
*************************************
Satisfiable: true
*************************************

$$$$$$$$$$$$$$$$$$$$$$$$$$$$$$$$
Calling Z3str3

Returned solutions: 
(define-fun int1 () Int  10)
*************************************
Satisfiable: true
*************************************

$$$$$$$$$$$$$$$$$$$$$$$$$$$$$$$$
Calling Z3str3

Returned solutions: 
(define-fun int1 () Int  9)
*************************************
Satisfiable: true
*************************************

$$$$$$$$$$$$$$$$$$$$$$$$$$$$$$$$
Calling Z3str3

Returned solutions: 
(define-fun int0 () Int  99)
(define-fun int1 () Int  9)
*************************************
Satisfiable: true
*************************************

$$$$$$$$$$$$$$$$$$$$$$$$$$$$$$$$
Calling Z3str3

Returned solutions: 
(define-fun int0 () Int  100)
(define-fun int1 () Int  9)
*************************************
Satisfiable: true
*************************************

$$$$$$$$$$$$$$$$$$$$$$$$$$$$$$$$
Calling Z3str3

Returned solutions: 
(define-fun int0 () Int  100)
(define-fun int1 () Int  9)
*************************************
Satisfiable: true
*************************************


====================================================== search constraint
depth limit reached: 13

====================================================== snapshot 
no live threads

====================================================== search constraint
depth limit reached: 13

====================================================== snapshot 
no live threads
$$$$$$$$$$$$$$$$$$$$$$$$$$$$$$$$
Calling Z3str3

Returned solutions: 
(define-fun int1 () Int  10)
*************************************
Satisfiable: true
*************************************

$$$$$$$$$$$$$$$$$$$$$$$$$$$$$$$$
Calling Z3str3

Returned solutions: 
(define-fun int1 () Int  11)
*************************************
Satisfiable: true
*************************************

$$$$$$$$$$$$$$$$$$$$$$$$$$$$$$$$
Calling Z3str3

Returned solutions: 
(define-fun int1 () Int  10)
*************************************
Satisfiable: true
*************************************

$$$$$$$$$$$$$$$$$$$$$$$$$$$$$$$$
Calling Z3str3

Returned solutions: 
(define-fun int0 () Int  99)
(define-fun int1 () Int  10)
*************************************
Satisfiable: true
*************************************

$$$$$$$$$$$$$$$$$$$$$$$$$$$$$$$$
Calling Z3str3

Returned solutions: 
(define-fun int0 () Int  100)
(define-fun int1 () Int  10)
*************************************
Satisfiable: true
*************************************


====================================================== search constraint
depth limit reached: 13

====================================================== snapshot 
thread java.lang.Thread:{id:0,name:main,status:RUNNING,priority:5,isDaemon:false,lockCount:0,suspendCount:0}
  call stack:
	at Main.main(Main.java:26)

$$$$$$$$$$$$$$$$$$$$$$$$$$$$$$$$
Calling Z3str3

Returned solutions: 
(define-fun int1 () Int  11)
*************************************
Satisfiable: true
*************************************

$$$$$$$$$$$$$$$$$$$$$$$$$$$$$$$$
Calling Z3str3

Returned solutions: 
(define-fun int1 () Int  12)
*************************************
Satisfiable: true
*************************************

$$$$$$$$$$$$$$$$$$$$$$$$$$$$$$$$
Calling Z3str3

Returned solutions: 
(define-fun int1 () Int  11)
*************************************
Satisfiable: true
*************************************


====================================================== search constraint
depth limit reached: 13

====================================================== snapshot 
thread java.lang.Thread:{id:0,name:main,status:RUNNING,priority:5,isDaemon:false,lockCount:0,suspendCount:0}
  call stack:
	at Main.addition(Main.java:13)
	at Main.addition(Main.java:16)
	at Main.addition(Main.java:16)
	at Main.addition(Main.java:16)
	at Main.addition(Main.java:16)
	at Main.addition(Main.java:16)
	at Main.addition(Main.java:16)
	at Main.addition(Main.java:16)
	at Main.addition(Main.java:16)
	at Main.addition(Main.java:16)
	at Main.addition(Main.java:16)
	at Main.addition(Main.java:16)
	at Main.main(Main.java:25)

$$$$$$$$$$$$$$$$$$$$$$$$$$$$$$$$
Calling Z3str3

Returned solutions: 
(define-fun int1 () Int  (- 2))
*************************************
Satisfiable: true
*************************************

$$$$$$$$$$$$$$$$$$$$$$$$$$$$$$$$
Calling Z3str3

Returned solutions: 
(define-fun int1 () Int  (- 1))
*************************************
Satisfiable: true
*************************************

$$$$$$$$$$$$$$$$$$$$$$$$$$$$$$$$
Calling Z3str3

Returned solutions: 
(define-fun int0 () Int  99)
(define-fun int1 () Int  (- 1))
*************************************
Satisfiable: true
*************************************

$$$$$$$$$$$$$$$$$$$$$$$$$$$$$$$$
Calling Z3str3

Returned solutions: 
(define-fun int0 () Int  100)
(define-fun int1 () Int  (- 1))
*************************************
Satisfiable: true
*************************************

$$$$$$$$$$$$$$$$$$$$$$$$$$$$$$$$
Calling Z3str3

Returned solutions: 
(define-fun int0 () Int  100)
(define-fun int1 () Int  (- 1))
*************************************
Satisfiable: true
*************************************

$$$$$$$$$$$$$$$$$$$$$$$$$$$$$$$$
Calling Z3str3

Returned solutions: 
(define-fun int1 () Int  (- 2))
*************************************
Satisfiable: true
*************************************

$$$$$$$$$$$$$$$$$$$$$$$$$$$$$$$$
Calling Z3str3

Returned solutions: 
(define-fun int1 () Int  (- 3))
*************************************
Satisfiable: true
*************************************

$$$$$$$$$$$$$$$$$$$$$$$$$$$$$$$$
Calling Z3str3

Returned solutions: 
(define-fun int1 () Int  (- 2))
*************************************
Satisfiable: true
*************************************

$$$$$$$$$$$$$$$$$$$$$$$$$$$$$$$$
Calling Z3str3

Returned solutions: 
(define-fun int0 () Int  99)
(define-fun int1 () Int  (- 2))
*************************************
Satisfiable: true
*************************************

$$$$$$$$$$$$$$$$$$$$$$$$$$$$$$$$
Calling Z3str3

Returned solutions: 
(define-fun int0 () Int  100)
(define-fun int1 () Int  (- 2))
*************************************
Satisfiable: true
*************************************

$$$$$$$$$$$$$$$$$$$$$$$$$$$$$$$$
Calling Z3str3

Returned solutions: 
(define-fun int0 () Int  100)
(define-fun int1 () Int  (- 2))
*************************************
Satisfiable: true
*************************************

$$$$$$$$$$$$$$$$$$$$$$$$$$$$$$$$
Calling Z3str3

Returned solutions: 
(define-fun int1 () Int  (- 3))
*************************************
Satisfiable: true
*************************************

$$$$$$$$$$$$$$$$$$$$$$$$$$$$$$$$
Calling Z3str3

Returned solutions: 
(define-fun int1 () Int  (- 4))
*************************************
Satisfiable: true
*************************************

$$$$$$$$$$$$$$$$$$$$$$$$$$$$$$$$
Calling Z3str3

Returned solutions: 
(define-fun int1 () Int  (- 3))
*************************************
Satisfiable: true
*************************************

$$$$$$$$$$$$$$$$$$$$$$$$$$$$$$$$
Calling Z3str3

Returned solutions: 
(define-fun int0 () Int  99)
(define-fun int1 () Int  (- 3))
*************************************
Satisfiable: true
*************************************

$$$$$$$$$$$$$$$$$$$$$$$$$$$$$$$$
Calling Z3str3

Returned solutions: 
(define-fun int0 () Int  100)
(define-fun int1 () Int  (- 3))
*************************************
Satisfiable: true
*************************************

$$$$$$$$$$$$$$$$$$$$$$$$$$$$$$$$
Calling Z3str3

Returned solutions: 
(define-fun int0 () Int  100)
(define-fun int1 () Int  (- 3))
*************************************
Satisfiable: true
*************************************

$$$$$$$$$$$$$$$$$$$$$$$$$$$$$$$$
Calling Z3str3

Returned solutions: 
(define-fun int1 () Int  (- 4))
*************************************
Satisfiable: true
*************************************

$$$$$$$$$$$$$$$$$$$$$$$$$$$$$$$$
Calling Z3str3

Returned solutions: 
(define-fun int1 () Int  (- 5))
*************************************
Satisfiable: true
*************************************

$$$$$$$$$$$$$$$$$$$$$$$$$$$$$$$$
Calling Z3str3

Returned solutions: 
(define-fun int1 () Int  (- 4))
*************************************
Satisfiable: true
*************************************

$$$$$$$$$$$$$$$$$$$$$$$$$$$$$$$$
Calling Z3str3

Returned solutions: 
(define-fun int0 () Int  99)
(define-fun int1 () Int  (- 4))
*************************************
Satisfiable: true
*************************************

$$$$$$$$$$$$$$$$$$$$$$$$$$$$$$$$
Calling Z3str3

Returned solutions: 
(define-fun int0 () Int  100)
(define-fun int1 () Int  (- 4))
*************************************
Satisfiable: true
*************************************

$$$$$$$$$$$$$$$$$$$$$$$$$$$$$$$$
Calling Z3str3

Returned solutions: 
(define-fun int0 () Int  100)
(define-fun int1 () Int  (- 4))
*************************************
Satisfiable: true
*************************************

$$$$$$$$$$$$$$$$$$$$$$$$$$$$$$$$
Calling Z3str3

Returned solutions: 
(define-fun int1 () Int  (- 5))
*************************************
Satisfiable: true
*************************************

$$$$$$$$$$$$$$$$$$$$$$$$$$$$$$$$
Calling Z3str3

Returned solutions: 
(define-fun int1 () Int  (- 6))
*************************************
Satisfiable: true
*************************************

$$$$$$$$$$$$$$$$$$$$$$$$$$$$$$$$
Calling Z3str3

Returned solutions: 
(define-fun int1 () Int  (- 5))
*************************************
Satisfiable: true
*************************************

$$$$$$$$$$$$$$$$$$$$$$$$$$$$$$$$
Calling Z3str3

Returned solutions: 
(define-fun int0 () Int  99)
(define-fun int1 () Int  (- 5))
*************************************
Satisfiable: true
*************************************

$$$$$$$$$$$$$$$$$$$$$$$$$$$$$$$$
Calling Z3str3

Returned solutions: 
(define-fun int0 () Int  100)
(define-fun int1 () Int  (- 5))
*************************************
Satisfiable: true
*************************************

$$$$$$$$$$$$$$$$$$$$$$$$$$$$$$$$
Calling Z3str3

Returned solutions: 
(define-fun int0 () Int  100)
(define-fun int1 () Int  (- 5))
*************************************
Satisfiable: true
*************************************

$$$$$$$$$$$$$$$$$$$$$$$$$$$$$$$$
Calling Z3str3

Returned solutions: 
(define-fun int1 () Int  (- 6))
*************************************
Satisfiable: true
*************************************

$$$$$$$$$$$$$$$$$$$$$$$$$$$$$$$$
Calling Z3str3

Returned solutions: 
(define-fun int1 () Int  (- 7))
*************************************
Satisfiable: true
*************************************

$$$$$$$$$$$$$$$$$$$$$$$$$$$$$$$$
Calling Z3str3

Returned solutions: 
(define-fun int1 () Int  (- 6))
*************************************
Satisfiable: true
*************************************

$$$$$$$$$$$$$$$$$$$$$$$$$$$$$$$$
Calling Z3str3

Returned solutions: 
(define-fun int0 () Int  99)
(define-fun int1 () Int  (- 6))
*************************************
Satisfiable: true
*************************************

$$$$$$$$$$$$$$$$$$$$$$$$$$$$$$$$
Calling Z3str3

Returned solutions: 
(define-fun int0 () Int  100)
(define-fun int1 () Int  (- 6))
*************************************
Satisfiable: true
*************************************

$$$$$$$$$$$$$$$$$$$$$$$$$$$$$$$$
Calling Z3str3

Returned solutions: 
(define-fun int0 () Int  100)
(define-fun int1 () Int  (- 6))
*************************************
Satisfiable: true
*************************************

$$$$$$$$$$$$$$$$$$$$$$$$$$$$$$$$
Calling Z3str3

Returned solutions: 
(define-fun int1 () Int  (- 7))
*************************************
Satisfiable: true
*************************************

$$$$$$$$$$$$$$$$$$$$$$$$$$$$$$$$
Calling Z3str3

Returned solutions: 
(define-fun int1 () Int  (- 8))
*************************************
Satisfiable: true
*************************************

$$$$$$$$$$$$$$$$$$$$$$$$$$$$$$$$
Calling Z3str3

Returned solutions: 
(define-fun int1 () Int  (- 7))
*************************************
Satisfiable: true
*************************************

$$$$$$$$$$$$$$$$$$$$$$$$$$$$$$$$
Calling Z3str3

Returned solutions: 
(define-fun int0 () Int  99)
(define-fun int1 () Int  (- 7))
*************************************
Satisfiable: true
*************************************

$$$$$$$$$$$$$$$$$$$$$$$$$$$$$$$$
Calling Z3str3

Returned solutions: 
(define-fun int0 () Int  100)
(define-fun int1 () Int  (- 7))
*************************************
Satisfiable: true
*************************************

$$$$$$$$$$$$$$$$$$$$$$$$$$$$$$$$
Calling Z3str3

Returned solutions: 
(define-fun int0 () Int  100)
(define-fun int1 () Int  (- 7))
*************************************
Satisfiable: true
*************************************

$$$$$$$$$$$$$$$$$$$$$$$$$$$$$$$$
Calling Z3str3

Returned solutions: 
(define-fun int1 () Int  (- 8))
*************************************
Satisfiable: true
*************************************

$$$$$$$$$$$$$$$$$$$$$$$$$$$$$$$$
Calling Z3str3

Returned solutions: 
(define-fun int1 () Int  (- 9))
*************************************
Satisfiable: true
*************************************

$$$$$$$$$$$$$$$$$$$$$$$$$$$$$$$$
Calling Z3str3

Returned solutions: 
(define-fun int1 () Int  (- 8))
*************************************
Satisfiable: true
*************************************

$$$$$$$$$$$$$$$$$$$$$$$$$$$$$$$$
Calling Z3str3

Returned solutions: 
(define-fun int0 () Int  99)
(define-fun int1 () Int  (- 8))
*************************************
Satisfiable: true
*************************************

$$$$$$$$$$$$$$$$$$$$$$$$$$$$$$$$
Calling Z3str3

Returned solutions: 
(define-fun int0 () Int  100)
(define-fun int1 () Int  (- 8))
*************************************
Satisfiable: true
*************************************

$$$$$$$$$$$$$$$$$$$$$$$$$$$$$$$$
Calling Z3str3

Returned solutions: 
(define-fun int0 () Int  100)
(define-fun int1 () Int  (- 8))
*************************************
Satisfiable: true
*************************************

$$$$$$$$$$$$$$$$$$$$$$$$$$$$$$$$
Calling Z3str3

Returned solutions: 
(define-fun int1 () Int  (- 9))
*************************************
Satisfiable: true
*************************************

$$$$$$$$$$$$$$$$$$$$$$$$$$$$$$$$
Calling Z3str3

Returned solutions: 
(define-fun int1 () Int  (- 10))
*************************************
Satisfiable: true
*************************************

$$$$$$$$$$$$$$$$$$$$$$$$$$$$$$$$
Calling Z3str3

Returned solutions: 
(define-fun int1 () Int  (- 9))
*************************************
Satisfiable: true
*************************************

$$$$$$$$$$$$$$$$$$$$$$$$$$$$$$$$
Calling Z3str3

Returned solutions: 
(define-fun int0 () Int  99)
(define-fun int1 () Int  (- 9))
*************************************
Satisfiable: true
*************************************

$$$$$$$$$$$$$$$$$$$$$$$$$$$$$$$$
Calling Z3str3

Returned solutions: 
(define-fun int0 () Int  100)
(define-fun int1 () Int  (- 9))
*************************************
Satisfiable: true
*************************************

$$$$$$$$$$$$$$$$$$$$$$$$$$$$$$$$
Calling Z3str3

Returned solutions: 
(define-fun int0 () Int  100)
(define-fun int1 () Int  (- 9))
*************************************
Satisfiable: true
*************************************


====================================================== search constraint
depth limit reached: 13

====================================================== snapshot 
no live threads

====================================================== search constraint
depth limit reached: 13

====================================================== snapshot 
no live threads
$$$$$$$$$$$$$$$$$$$$$$$$$$$$$$$$
Calling Z3str3

Returned solutions: 
(define-fun int1 () Int  (- 10))
*************************************
Satisfiable: true
*************************************

$$$$$$$$$$$$$$$$$$$$$$$$$$$$$$$$
Calling Z3str3

Returned solutions: 
(define-fun int1 () Int  (- 11))
*************************************
Satisfiable: true
*************************************

$$$$$$$$$$$$$$$$$$$$$$$$$$$$$$$$
Calling Z3str3

Returned solutions: 
(define-fun int1 () Int  (- 10))
*************************************
Satisfiable: true
*************************************

$$$$$$$$$$$$$$$$$$$$$$$$$$$$$$$$
Calling Z3str3

Returned solutions: 
(define-fun int0 () Int  99)
(define-fun int1 () Int  (- 10))
*************************************
Satisfiable: true
*************************************

$$$$$$$$$$$$$$$$$$$$$$$$$$$$$$$$
Calling Z3str3

Returned solutions: 
(define-fun int0 () Int  100)
(define-fun int1 () Int  (- 10))
*************************************
Satisfiable: true
*************************************


====================================================== search constraint
depth limit reached: 13

====================================================== snapshot 
thread java.lang.Thread:{id:0,name:main,status:RUNNING,priority:5,isDaemon:false,lockCount:0,suspendCount:0}
  call stack:
	at Main.main(Main.java:26)

$$$$$$$$$$$$$$$$$$$$$$$$$$$$$$$$
Calling Z3str3

Returned solutions: 
(define-fun int1 () Int  (- 11))
*************************************
Satisfiable: true
*************************************

$$$$$$$$$$$$$$$$$$$$$$$$$$$$$$$$
Calling Z3str3

Returned solutions: 
(define-fun int1 () Int  (- 12))
*************************************
Satisfiable: true
*************************************

$$$$$$$$$$$$$$$$$$$$$$$$$$$$$$$$
Calling Z3str3

Returned solutions: 
(define-fun int1 () Int  (- 11))
*************************************
Satisfiable: true
*************************************


====================================================== search constraint
depth limit reached: 13

====================================================== snapshot 
thread java.lang.Thread:{id:0,name:main,status:RUNNING,priority:5,isDaemon:false,lockCount:0,suspendCount:0}
  call stack:
	at Main.addition(Main.java:13)
	at Main.addition(Main.java:18)
	at Main.addition(Main.java:18)
	at Main.addition(Main.java:18)
	at Main.addition(Main.java:18)
	at Main.addition(Main.java:18)
	at Main.addition(Main.java:18)
	at Main.addition(Main.java:18)
	at Main.addition(Main.java:18)
	at Main.addition(Main.java:18)
	at Main.addition(Main.java:18)
	at Main.addition(Main.java:18)
	at Main.main(Main.java:25)


====================================================== Method Summaries

====================================================== Method Summaries (HTML)

====================================================== results
no errors detected

====================================================== statistics
elapsed time:       00:00:05
states:             new=83,visited=0,backtracked=83,end=38
search:             maxDepth=13,constraints=8
choice generators:  thread=1 (signal=0,lock=1,sharedRef=0,threadApi=0,reschedule=0), data=41
heap:               new=470,released=354,maxLive=458,gcCycles=39
instructions:       7072
max memory:         44MB
loaded code:        classes=85,methods=1829

====================================================== search finished: 7/8/25 4:39 AM
SAFE
