./jpf-sv-comp --propertyfile ../../sv-benchmarks/java/properties/runtime-exception.prp ../../sv-benchmarks/java/common ../../sv-benchmarks/java/juliet-java/testcasesupport ../../sv-benchmarks/java/juliet-java/CWE369_Divide_by_Zero__float_connect_tcp_divide_81a_bad_version2


--------------------------------------------------------------------------------


/tmp/jpf-benchmark.KzpYMB/config.jpf
LD_LIBRARY_PATH=/home/f8/Desktop/bench-defs/bin/spf-S2wZ7gwkvo/jpf-symbc/lib:/home/f8/Desktop/SPF/jpf-symbc/lib:
symbolic.min_int=-2147483648
symbolic.min_long=-9223372036854775808
symbolic.min_short=-32768
symbolic.min_byte=-128
symbolic.min_char=0
symbolic.max_int=2147483647
symbolic.max_long=9223372036854775807
symbolic.max_short=32767
symbolic.max_byte=127
symbolic.max_char=65535
symbolic.min_double=4.9E-324
symbolic.max_double=1.7976931348623157E308
JavaPathfinder core system v8.0 (rev 8b82638acdeb8140d063107c30b29a0161fcc31c) - (C) 2005-2014 United States Government. All rights reserved.


====================================================== system under test
Main.main()

====================================================== search started: 26/7/25 3:00 AM

====================================================== error 1
gov.nasa.jpf.vm.NoUncaughtExceptionsProperty
java.lang.UnsatisfiedLinkError: cannot find native java.net.InetAddress.init
	at java.net.InetAddress.init(no peer)
	at java.net.InetAddress.<clinit>(InetAddress.java:301)
	at java.net.InetSocketAddress.<init>(InetSocketAddress.java:220)
	at java.net.Socket.<init>(Socket.java:229)
	at Main.bad(Main.java:52)
	at Main.main(Main.java:196)


====================================================== snapshot #1
thread java.lang.Thread:{id:0,name:main,status:RUNNING,priority:5,isDaemon:false,lockCount:0,suspendCount:0}
  owned locks:java.lang.Class@1ee
  call stack:
	at java.net.InetAddress.<clinit>(InetAddress.java:301)
	at java.net.InetSocketAddress.<init>(InetSocketAddress.java:220)
	at java.net.Socket.<init>(Socket.java:229)
	at Main.bad(Main.java:52)
	at Main.main(Main.java:196)


====================================================== results
error #1: gov.nasa.jpf.vm.NoUncaughtExceptionsProperty "java.lang.UnsatisfiedLinkError: cannot find native..."

====================================================== statistics
elapsed time:       00:00:00
states:             new=1,visited=0,backtracked=0,end=0
search:             maxDepth=1,constraints=0
choice generators:  thread=1 (signal=0,lock=1,sharedRef=0,threadApi=0,reschedule=0), data=0
heap:               new=566,released=0,maxLive=0,gcCycles=0
instructions:       6760
max memory:         44MB
loaded code:        classes=98,methods=1993

====================================================== search finished: 26/7/25 3:00 AM
UNKNOWN
