./jpf-sv-comp --propertyfile ../../sv-benchmarks/java/properties/runtime-exception.prp ../../sv-benchmarks/java/common ../../sv-benchmarks/java/java-ranger-regression/schedule_eqchk


--------------------------------------------------------------------------------


/tmp/jpf-benchmark.ykUTO0/config.jpf
LD_LIBRARY_PATH=/home/f8/Desktop/bench-defs/bin/spf-S2wZ7gwkvo/jpf-symbc/lib:/home/f8/Desktop/SPF/jpf-symbc/lib:
symbolic.min_int=-2147483648
symbolic.min_long=-9223372036854775808
symbolic.min_short=-32768
symbolic.min_byte=-128
symbolic.min_char=0
symbolic.max_int=2147483647
symbolic.max_long=9223372036854775807
symbolic.max_short=32767
symbolic.max_byte=127
symbolic.max_char=65535
symbolic.min_double=4.9E-324
symbolic.max_double=1.7976931348623157E308
JavaPathfinder core system v8.0 (rev 8b82638acdeb8140d063107c30b29a0161fcc31c) - (C) 2005-2014 United States Government. All rights reserved.


====================================================== system under test
Main.main()

====================================================== search started: 26/7/25 2:58 AM
Match
Match
Match
Match
Match
Match
NO COMMAND!
NO COMMAND!
Match
Match
Match
Match
Match
Match
Match
NO COMMAND!
NO COMMAND!
Match
Match
Match
Match
Match
Match
Match
NO COMMAND!
NO COMMAND!
Match
Match
Match
Match
Match
Match
Match
NO COMMAND!
NO COMMAND!
Match
Match
Match
Match
Match
Match
Match

====================================================== search constraint
depth limit reached: 13

====================================================== snapshot 
no live threads
NO COMMAND!
NO COMMAND!
Match

====================================================== search constraint
depth limit reached: 13

====================================================== snapshot 
no live threads
Match
Match
Match
Match
Match

====================================================== search constraint
depth limit reached: 13

====================================================== snapshot 
no live threads

====================================================== search constraint
depth limit reached: 13

====================================================== snapshot 
thread java.lang.Thread:{id:0,name:main,status:RUNNING,priority:5,isDaemon:false,lockCount:0,suspendCount:0}
  call stack:
	at Schedule2.schedule(Schedule2.java:86)
	at Schedule2.mainProcess(Schedule2.java:65)
	at Main.runSchedule2(Main.java:4)
	at Main.testFunction(Main.java:15)
	at TestSchedule2.testHarness(TestSchedule2.java:9)
	at TestSchedule2.runTest(TestSchedule2.java:36)
	at Main.main(Main.java:11)

NO COMMAND!
NO COMMAND!
Match
NO COMMAND!
Match
NO COMMAND!
Match
NO COMMAND!
Match
NO COMMAND!
Match

====================================================== search constraint
depth limit reached: 13

====================================================== snapshot 
no live threads

====================================================== search constraint
depth limit reached: 13

====================================================== snapshot 
thread java.lang.Thread:{id:0,name:main,status:RUNNING,priority:5,isDaemon:false,lockCount:0,suspendCount:0}
  call stack:
	at Schedule2.schedule(Schedule2.java:86)
	at Schedule2.mainProcess(Schedule2.java:65)
	at Main.runSchedule2(Main.java:4)
	at Main.testFunction(Main.java:15)
	at TestSchedule2.testHarness(TestSchedule2.java:9)
	at TestSchedule2.runTest(TestSchedule2.java:36)
	at Main.main(Main.java:11)

Match
Match
Match
Match
Match
Match
NO COMMAND!
NO COMMAND!
Match
Match
Match
Match
Match
Match
Match
NO COMMAND!
NO COMMAND!
Match
Match
Match
Match
Match
Match
Match
NO COMMAND!
NO COMMAND!
Match
Match
Match
Match
Match
Match
Match

====================================================== search constraint
depth limit reached: 13

====================================================== snapshot 
no live threads
NO COMMAND!
NO COMMAND!
Match

====================================================== search constraint
depth limit reached: 13

====================================================== snapshot 
no live threads
Match
Match
Match
Match
Match

====================================================== search constraint
depth limit reached: 13

====================================================== snapshot 
no live threads

====================================================== search constraint
depth limit reached: 13

====================================================== snapshot 
thread java.lang.Thread:{id:0,name:main,status:RUNNING,priority:5,isDaemon:false,lockCount:0,suspendCount:0}
  call stack:
	at Schedule2.schedule(Schedule2.java:86)
	at Schedule2.mainProcess(Schedule2.java:65)
	at Main.runSchedule2(Main.java:4)
	at Main.testFunction(Main.java:15)
	at TestSchedule2.testHarness(TestSchedule2.java:9)
	at TestSchedule2.runTest(TestSchedule2.java:36)
	at Main.main(Main.java:11)

Match
Match
Match
Match

====================================================== search constraint
depth limit reached: 13

====================================================== snapshot 
no live threads

====================================================== search constraint
depth limit reached: 13

====================================================== snapshot 
thread java.lang.Thread:{id:0,name:main,status:RUNNING,priority:5,isDaemon:false,lockCount:0,suspendCount:0}
  call stack:
	at Schedule2.schedule(Schedule2.java:83)
	at Schedule2.mainProcess(Schedule2.java:65)
	at Main.runSchedule2(Main.java:4)
	at Main.testFunction(Main.java:15)
	at TestSchedule2.testHarness(TestSchedule2.java:9)
	at TestSchedule2.runTest(TestSchedule2.java:36)
	at Main.main(Main.java:11)

NO COMMAND!
NO COMMAND!
Match
NO COMMAND!
Match
NO COMMAND!
Match
NO COMMAND!
Match

====================================================== search constraint
depth limit reached: 13

====================================================== snapshot 
no live threads

====================================================== search constraint
depth limit reached: 13

====================================================== snapshot 
thread java.lang.Thread:{id:0,name:main,status:RUNNING,priority:5,isDaemon:false,lockCount:0,suspendCount:0}
  call stack:
	at Schedule2.schedule(Schedule2.java:83)
	at Schedule2.mainProcess(Schedule2.java:65)
	at Main.runSchedule2(Main.java:4)
	at Main.testFunction(Main.java:15)
	at TestSchedule2.testHarness(TestSchedule2.java:9)
	at TestSchedule2.runTest(TestSchedule2.java:36)
	at Main.main(Main.java:11)

Match
Match
Match
Match
Match
Match
NO COMMAND!
NO COMMAND!
Match
Match
Match
Match
Match
Match
Match
NO COMMAND!
NO COMMAND!
Match
Match
Match
Match
Match
Match
Match

====================================================== search constraint
depth limit reached: 13

====================================================== snapshot 
no live threads
NO COMMAND!
NO COMMAND!
Match

====================================================== search constraint
depth limit reached: 13

====================================================== snapshot 
no live threads
Match
Match
Match
Match
Match

====================================================== search constraint
depth limit reached: 13

====================================================== snapshot 
no live threads

====================================================== search constraint
depth limit reached: 13

====================================================== snapshot 
thread java.lang.Thread:{id:0,name:main,status:RUNNING,priority:5,isDaemon:false,lockCount:0,suspendCount:0}
  call stack:
	at Schedule2.schedule(Schedule2.java:86)
	at Schedule2.mainProcess(Schedule2.java:65)
	at Main.runSchedule2(Main.java:4)
	at Main.testFunction(Main.java:15)
	at TestSchedule2.testHarness(TestSchedule2.java:9)
	at TestSchedule2.runTest(TestSchedule2.java:36)
	at Main.main(Main.java:11)

Match
Match
Match
Match

====================================================== search constraint
depth limit reached: 13

====================================================== snapshot 
no live threads

====================================================== search constraint
depth limit reached: 13

====================================================== snapshot 
thread java.lang.Thread:{id:0,name:main,status:RUNNING,priority:5,isDaemon:false,lockCount:0,suspendCount:0}
  call stack:
	at Schedule2.schedule(Schedule2.java:83)
	at Schedule2.mainProcess(Schedule2.java:65)
	at Main.runSchedule2(Main.java:4)
	at Main.testFunction(Main.java:15)
	at TestSchedule2.testHarness(TestSchedule2.java:9)
	at TestSchedule2.runTest(TestSchedule2.java:36)
	at Main.main(Main.java:11)

Match
Match
Match

====================================================== search constraint
depth limit reached: 13

====================================================== snapshot 
no live threads

====================================================== search constraint
depth limit reached: 13

====================================================== snapshot 
thread java.lang.Thread:{id:0,name:main,status:RUNNING,priority:5,isDaemon:false,lockCount:0,suspendCount:0}
  call stack:
	at Schedule2.schedule(Schedule2.java:80)
	at Schedule2.mainProcess(Schedule2.java:65)
	at Main.runSchedule2(Main.java:4)
	at Main.testFunction(Main.java:15)
	at TestSchedule2.testHarness(TestSchedule2.java:9)
	at TestSchedule2.runTest(TestSchedule2.java:36)
	at Main.main(Main.java:11)

NO COMMAND!
NO COMMAND!
Match
NO COMMAND!
Match
NO COMMAND!
Match

====================================================== search constraint
depth limit reached: 13

====================================================== snapshot 
no live threads

====================================================== search constraint
depth limit reached: 13

====================================================== snapshot 
thread java.lang.Thread:{id:0,name:main,status:RUNNING,priority:5,isDaemon:false,lockCount:0,suspendCount:0}
  call stack:
	at Schedule2.schedule(Schedule2.java:80)
	at Schedule2.mainProcess(Schedule2.java:65)
	at Main.runSchedule2(Main.java:4)
	at Main.testFunction(Main.java:15)
	at TestSchedule2.testHarness(TestSchedule2.java:9)
	at TestSchedule2.runTest(TestSchedule2.java:36)
	at Main.main(Main.java:11)

Match
Match
Match
Match
Match
Match
NO COMMAND!
NO COMMAND!
Match
Match
Match
Match
Match
Match
Match

====================================================== search constraint
depth limit reached: 13

====================================================== snapshot 
no live threads
NO COMMAND!
NO COMMAND!
Match

====================================================== search constraint
depth limit reached: 13

====================================================== snapshot 
no live threads
Match
Match
Match
Match
Match

====================================================== search constraint
depth limit reached: 13

====================================================== snapshot 
no live threads

====================================================== search constraint
depth limit reached: 13

====================================================== snapshot 
thread java.lang.Thread:{id:0,name:main,status:RUNNING,priority:5,isDaemon:false,lockCount:0,suspendCount:0}
  call stack:
	at Schedule2.schedule(Schedule2.java:86)
	at Schedule2.mainProcess(Schedule2.java:65)
	at Main.runSchedule2(Main.java:4)
	at Main.testFunction(Main.java:15)
	at TestSchedule2.testHarness(TestSchedule2.java:9)
	at TestSchedule2.runTest(TestSchedule2.java:36)
	at Main.main(Main.java:11)

Match
Match
Match
Match

====================================================== search constraint
depth limit reached: 13

====================================================== snapshot 
no live threads

====================================================== search constraint
depth limit reached: 13

====================================================== snapshot 
thread java.lang.Thread:{id:0,name:main,status:RUNNING,priority:5,isDaemon:false,lockCount:0,suspendCount:0}
  call stack:
	at Schedule2.schedule(Schedule2.java:83)
	at Schedule2.mainProcess(Schedule2.java:65)
	at Main.runSchedule2(Main.java:4)
	at Main.testFunction(Main.java:15)
	at TestSchedule2.testHarness(TestSchedule2.java:9)
	at TestSchedule2.runTest(TestSchedule2.java:36)
	at Main.main(Main.java:11)

Match
Match
Match

====================================================== search constraint
depth limit reached: 13

====================================================== snapshot 
no live threads

====================================================== search constraint
depth limit reached: 13

====================================================== snapshot 
thread java.lang.Thread:{id:0,name:main,status:RUNNING,priority:5,isDaemon:false,lockCount:0,suspendCount:0}
  call stack:
	at Schedule2.schedule(Schedule2.java:80)
	at Schedule2.mainProcess(Schedule2.java:65)
	at Main.runSchedule2(Main.java:4)
	at Main.testFunction(Main.java:15)
	at TestSchedule2.testHarness(TestSchedule2.java:9)
	at TestSchedule2.runTest(TestSchedule2.java:36)
	at Main.main(Main.java:11)

Match
Match

====================================================== search constraint
depth limit reached: 13

====================================================== snapshot 
no live threads

====================================================== search constraint
depth limit reached: 13

====================================================== snapshot 
thread java.lang.Thread:{id:0,name:main,status:RUNNING,priority:5,isDaemon:false,lockCount:0,suspendCount:0}
  call stack:
	at Schedule2.schedule(Schedule2.java:78)
	at Schedule2.mainProcess(Schedule2.java:65)
	at Main.runSchedule2(Main.java:4)
	at Main.testFunction(Main.java:15)
	at TestSchedule2.testHarness(TestSchedule2.java:9)
	at TestSchedule2.runTest(TestSchedule2.java:36)
	at Main.main(Main.java:11)

NO COMMAND!
NO COMMAND!
Match
NO COMMAND!
Match

====================================================== search constraint
depth limit reached: 13

====================================================== snapshot 
no live threads

====================================================== search constraint
depth limit reached: 13

====================================================== snapshot 
thread java.lang.Thread:{id:0,name:main,status:RUNNING,priority:5,isDaemon:false,lockCount:0,suspendCount:0}
  call stack:
	at Schedule2.schedule(Schedule2.java:78)
	at Schedule2.mainProcess(Schedule2.java:65)
	at Main.runSchedule2(Main.java:4)
	at Main.testFunction(Main.java:15)
	at TestSchedule2.testHarness(TestSchedule2.java:9)
	at TestSchedule2.runTest(TestSchedule2.java:36)
	at Main.main(Main.java:11)

Match
Match
Match
Match
Match
Match

====================================================== search constraint
depth limit reached: 13

====================================================== snapshot 
no live threads
NO COMMAND!
NO COMMAND!
Match

====================================================== search constraint
depth limit reached: 13

====================================================== snapshot 
no live threads
Match
Match
Match
Match
Match

====================================================== search constraint
depth limit reached: 13

====================================================== snapshot 
no live threads

====================================================== search constraint
depth limit reached: 13

====================================================== snapshot 
thread java.lang.Thread:{id:0,name:main,status:RUNNING,priority:5,isDaemon:false,lockCount:0,suspendCount:0}
  call stack:
	at Schedule2.schedule(Schedule2.java:86)
	at Schedule2.mainProcess(Schedule2.java:65)
	at Main.runSchedule2(Main.java:4)
	at Main.testFunction(Main.java:15)
	at TestSchedule2.testHarness(TestSchedule2.java:9)
	at TestSchedule2.runTest(TestSchedule2.java:36)
	at Main.main(Main.java:11)

Match
Match
Match
Match

====================================================== search constraint
depth limit reached: 13

====================================================== snapshot 
no live threads

====================================================== search constraint
depth limit reached: 13

====================================================== snapshot 
thread java.lang.Thread:{id:0,name:main,status:RUNNING,priority:5,isDaemon:false,lockCount:0,suspendCount:0}
  call stack:
	at Schedule2.schedule(Schedule2.java:83)
	at Schedule2.mainProcess(Schedule2.java:65)
	at Main.runSchedule2(Main.java:4)
	at Main.testFunction(Main.java:15)
	at TestSchedule2.testHarness(TestSchedule2.java:9)
	at TestSchedule2.runTest(TestSchedule2.java:36)
	at Main.main(Main.java:11)

Match
Match
Match

====================================================== search constraint
depth limit reached: 13

====================================================== snapshot 
no live threads

====================================================== search constraint
depth limit reached: 13

====================================================== snapshot 
thread java.lang.Thread:{id:0,name:main,status:RUNNING,priority:5,isDaemon:false,lockCount:0,suspendCount:0}
  call stack:
	at Schedule2.schedule(Schedule2.java:80)
	at Schedule2.mainProcess(Schedule2.java:65)
	at Main.runSchedule2(Main.java:4)
	at Main.testFunction(Main.java:15)
	at TestSchedule2.testHarness(TestSchedule2.java:9)
	at TestSchedule2.runTest(TestSchedule2.java:36)
	at Main.main(Main.java:11)

Match
Match

====================================================== search constraint
depth limit reached: 13

====================================================== snapshot 
no live threads

====================================================== search constraint
depth limit reached: 13

====================================================== snapshot 
thread java.lang.Thread:{id:0,name:main,status:RUNNING,priority:5,isDaemon:false,lockCount:0,suspendCount:0}
  call stack:
	at Schedule2.schedule(Schedule2.java:78)
	at Schedule2.mainProcess(Schedule2.java:65)
	at Main.runSchedule2(Main.java:4)
	at Main.testFunction(Main.java:15)
	at TestSchedule2.testHarness(TestSchedule2.java:9)
	at TestSchedule2.runTest(TestSchedule2.java:36)
	at Main.main(Main.java:11)

Match

====================================================== search constraint
depth limit reached: 13

====================================================== snapshot 
no live threads

====================================================== search constraint
depth limit reached: 13

====================================================== snapshot 
thread java.lang.Thread:{id:0,name:main,status:RUNNING,priority:5,isDaemon:false,lockCount:0,suspendCount:0}
  call stack:
	at Schedule2.schedule(Schedule2.java:76)
	at Schedule2.mainProcess(Schedule2.java:65)
	at Main.runSchedule2(Main.java:4)
	at Main.testFunction(Main.java:15)
	at TestSchedule2.testHarness(TestSchedule2.java:9)
	at TestSchedule2.runTest(TestSchedule2.java:36)
	at Main.main(Main.java:11)

NO COMMAND!
NO COMMAND!
Match

====================================================== search constraint
depth limit reached: 13

====================================================== snapshot 
no live threads

====================================================== search constraint
depth limit reached: 13

====================================================== snapshot 
thread java.lang.Thread:{id:0,name:main,status:RUNNING,priority:5,isDaemon:false,lockCount:0,suspendCount:0}
  call stack:
	at Schedule2.schedule(Schedule2.java:76)
	at Schedule2.mainProcess(Schedule2.java:65)
	at Main.runSchedule2(Main.java:4)
	at Main.testFunction(Main.java:15)
	at TestSchedule2.testHarness(TestSchedule2.java:9)
	at TestSchedule2.runTest(TestSchedule2.java:36)
	at Main.main(Main.java:11)

Match
Match
Match
Match
Match

====================================================== search constraint
depth limit reached: 13

====================================================== snapshot 
no live threads

====================================================== search constraint
depth limit reached: 13

====================================================== snapshot 
thread java.lang.Thread:{id:0,name:main,status:RUNNING,priority:5,isDaemon:false,lockCount:0,suspendCount:0}
  call stack:
	at Schedule2.schedule(Schedule2.java:86)
	at Schedule2.mainProcess(Schedule2.java:65)
	at Main.runSchedule2(Main.java:4)
	at Main.testFunction(Main.java:15)
	at TestSchedule2.testHarness(TestSchedule2.java:9)
	at TestSchedule2.runTest(TestSchedule2.java:36)
	at Main.main(Main.java:11)

Match
Match
Match
Match

====================================================== search constraint
depth limit reached: 13

====================================================== snapshot 
no live threads

====================================================== search constraint
depth limit reached: 13

====================================================== snapshot 
thread java.lang.Thread:{id:0,name:main,status:RUNNING,priority:5,isDaemon:false,lockCount:0,suspendCount:0}
  call stack:
	at Schedule2.schedule(Schedule2.java:83)
	at Schedule2.mainProcess(Schedule2.java:65)
	at Main.runSchedule2(Main.java:4)
	at Main.testFunction(Main.java:15)
	at TestSchedule2.testHarness(TestSchedule2.java:9)
	at TestSchedule2.runTest(TestSchedule2.java:36)
	at Main.main(Main.java:11)

Match
Match
Match

====================================================== search constraint
depth limit reached: 13

====================================================== snapshot 
no live threads

====================================================== search constraint
depth limit reached: 13

====================================================== snapshot 
thread java.lang.Thread:{id:0,name:main,status:RUNNING,priority:5,isDaemon:false,lockCount:0,suspendCount:0}
  call stack:
	at Schedule2.schedule(Schedule2.java:80)
	at Schedule2.mainProcess(Schedule2.java:65)
	at Main.runSchedule2(Main.java:4)
	at Main.testFunction(Main.java:15)
	at TestSchedule2.testHarness(TestSchedule2.java:9)
	at TestSchedule2.runTest(TestSchedule2.java:36)
	at Main.main(Main.java:11)

Match
Match

====================================================== search constraint
depth limit reached: 13

====================================================== snapshot 
no live threads

====================================================== search constraint
depth limit reached: 13

====================================================== snapshot 
thread java.lang.Thread:{id:0,name:main,status:RUNNING,priority:5,isDaemon:false,lockCount:0,suspendCount:0}
  call stack:
	at Schedule2.schedule(Schedule2.java:78)
	at Schedule2.mainProcess(Schedule2.java:65)
	at Main.runSchedule2(Main.java:4)
	at Main.testFunction(Main.java:15)
	at TestSchedule2.testHarness(TestSchedule2.java:9)
	at TestSchedule2.runTest(TestSchedule2.java:36)
	at Main.main(Main.java:11)

Match

====================================================== search constraint
depth limit reached: 13

====================================================== snapshot 
no live threads

====================================================== search constraint
depth limit reached: 13

====================================================== snapshot 
thread java.lang.Thread:{id:0,name:main,status:RUNNING,priority:5,isDaemon:false,lockCount:0,suspendCount:0}
  call stack:
	at Schedule2.schedule(Schedule2.java:76)
	at Schedule2.mainProcess(Schedule2.java:65)
	at Main.runSchedule2(Main.java:4)
	at Main.testFunction(Main.java:15)
	at TestSchedule2.testHarness(TestSchedule2.java:9)
	at TestSchedule2.runTest(TestSchedule2.java:36)
	at Main.main(Main.java:11)


====================================================== search constraint
depth limit reached: 13

====================================================== snapshot 
thread java.lang.Thread:{id:0,name:main,status:RUNNING,priority:5,isDaemon:false,lockCount:0,suspendCount:0}
  call stack:
	at Schedule2.schedule(Schedule2.java:73)
	at Schedule2.mainProcess(Schedule2.java:65)
	at Main.runSchedule2(Main.java:4)
	at Main.testFunction(Main.java:15)
	at TestSchedule2.testHarness(TestSchedule2.java:9)
	at TestSchedule2.runTest(TestSchedule2.java:36)
	at Main.main(Main.java:11)

NO COMMAND!

====================================================== search constraint
depth limit reached: 13

====================================================== snapshot 
thread java.lang.Thread:{id:0,name:main,status:RUNNING,priority:5,isDaemon:false,lockCount:0,suspendCount:0}
  call stack:
	at Schedule2.schedule(Schedule2.java:73)
	at Schedule2.mainProcess(Schedule2.java:65)
	at Main.runSchedule2(Main.java:4)
	at Main.testFunction(Main.java:15)
	at TestSchedule2.testHarness(TestSchedule2.java:9)
	at TestSchedule2.runTest(TestSchedule2.java:36)
	at Main.main(Main.java:11)

NO COMMAND!
NO COMMAND!
Match
NO COMMAND!
Match
NO COMMAND!
Match
NO COMMAND!
Match
NO COMMAND!
Match

====================================================== search constraint
depth limit reached: 13

====================================================== snapshot 
no live threads

====================================================== search constraint
depth limit reached: 13

====================================================== snapshot 
thread java.lang.Thread:{id:0,name:main,status:RUNNING,priority:5,isDaemon:false,lockCount:0,suspendCount:0}
  call stack:
	at Schedule2.schedule(Schedule2.java:86)
	at Schedule2.mainProcess(Schedule2.java:65)
	at Main.runSchedule2(Main.java:4)
	at Main.testFunction(Main.java:15)
	at TestSchedule2.testHarness(TestSchedule2.java:9)
	at TestSchedule2.runTest(TestSchedule2.java:36)
	at Main.main(Main.java:11)

NO COMMAND!
Match
NO COMMAND!
Match
NO COMMAND!
Match
NO COMMAND!
Match

====================================================== search constraint
depth limit reached: 13

====================================================== snapshot 
no live threads

====================================================== search constraint
depth limit reached: 13

====================================================== snapshot 
thread java.lang.Thread:{id:0,name:main,status:RUNNING,priority:5,isDaemon:false,lockCount:0,suspendCount:0}
  call stack:
	at Schedule2.schedule(Schedule2.java:83)
	at Schedule2.mainProcess(Schedule2.java:65)
	at Main.runSchedule2(Main.java:4)
	at Main.testFunction(Main.java:15)
	at TestSchedule2.testHarness(TestSchedule2.java:9)
	at TestSchedule2.runTest(TestSchedule2.java:36)
	at Main.main(Main.java:11)

NO COMMAND!
Match
NO COMMAND!
Match
NO COMMAND!
Match

====================================================== search constraint
depth limit reached: 13

====================================================== snapshot 
no live threads

====================================================== search constraint
depth limit reached: 13

====================================================== snapshot 
thread java.lang.Thread:{id:0,name:main,status:RUNNING,priority:5,isDaemon:false,lockCount:0,suspendCount:0}
  call stack:
	at Schedule2.schedule(Schedule2.java:80)
	at Schedule2.mainProcess(Schedule2.java:65)
	at Main.runSchedule2(Main.java:4)
	at Main.testFunction(Main.java:15)
	at TestSchedule2.testHarness(TestSchedule2.java:9)
	at TestSchedule2.runTest(TestSchedule2.java:36)
	at Main.main(Main.java:11)

NO COMMAND!
Match
NO COMMAND!
Match

====================================================== search constraint
depth limit reached: 13

====================================================== snapshot 
no live threads

====================================================== search constraint
depth limit reached: 13

====================================================== snapshot 
thread java.lang.Thread:{id:0,name:main,status:RUNNING,priority:5,isDaemon:false,lockCount:0,suspendCount:0}
  call stack:
	at Schedule2.schedule(Schedule2.java:78)
	at Schedule2.mainProcess(Schedule2.java:65)
	at Main.runSchedule2(Main.java:4)
	at Main.testFunction(Main.java:15)
	at TestSchedule2.testHarness(TestSchedule2.java:9)
	at TestSchedule2.runTest(TestSchedule2.java:36)
	at Main.main(Main.java:11)

NO COMMAND!
Match

====================================================== search constraint
depth limit reached: 13

====================================================== snapshot 
no live threads

====================================================== search constraint
depth limit reached: 13

====================================================== snapshot 
thread java.lang.Thread:{id:0,name:main,status:RUNNING,priority:5,isDaemon:false,lockCount:0,suspendCount:0}
  call stack:
	at Schedule2.schedule(Schedule2.java:76)
	at Schedule2.mainProcess(Schedule2.java:65)
	at Main.runSchedule2(Main.java:4)
	at Main.testFunction(Main.java:15)
	at TestSchedule2.testHarness(TestSchedule2.java:9)
	at TestSchedule2.runTest(TestSchedule2.java:36)
	at Main.main(Main.java:11)


====================================================== search constraint
depth limit reached: 13

====================================================== snapshot 
thread java.lang.Thread:{id:0,name:main,status:RUNNING,priority:5,isDaemon:false,lockCount:0,suspendCount:0}
  call stack:
	at Schedule2.schedule(Schedule2.java:73)
	at Schedule2.mainProcess(Schedule2.java:65)
	at Main.runSchedule2(Main.java:4)
	at Main.testFunction(Main.java:15)
	at TestSchedule2.testHarness(TestSchedule2.java:9)
	at TestSchedule2.runTest(TestSchedule2.java:36)
	at Main.main(Main.java:11)

NO COMMAND!

====================================================== search constraint
depth limit reached: 13

====================================================== snapshot 
thread java.lang.Thread:{id:0,name:main,status:RUNNING,priority:5,isDaemon:false,lockCount:0,suspendCount:0}
  call stack:
	at Schedule2.schedule(Schedule2.java:73)
	at Schedule2.mainProcess(Schedule2.java:65)
	at Main.runSchedule2(Main.java:4)
	at Main.testFunction(Main.java:15)
	at TestSchedule2.testHarness(TestSchedule2.java:9)
	at TestSchedule2.runTest(TestSchedule2.java:36)
	at Main.main(Main.java:11)


====================================================== results
no errors detected

====================================================== statistics
elapsed time:       00:00:04
states:             new=477,visited=0,backtracked=477,end=205
search:             maxDepth=13,constraints=74
choice generators:  thread=1 (signal=0,lock=1,sharedRef=0,threadApi=0,reschedule=0), data=238
heap:               new=8742,released=10412,maxLive=518,gcCycles=262
instructions:       1074542
max memory:         44MB
loaded code:        classes=89,methods=1868

====================================================== search finished: 26/7/25 2:58 AM
SAFE
