./jpf-sv-comp --propertyfile ../../sv-benchmarks/java/properties/runtime-exception.prp ../../sv-benchmarks/java/common ../../sv-benchmarks/java/jayhorn-recursive/SatPrimes01


--------------------------------------------------------------------------------


/tmp/jpf-benchmark.FTkeG1/config.jpf
LD_LIBRARY_PATH=/home/f8/Desktop/bench-defs/bin/spf-S2wZ7gwkvo/jpf-symbc/lib:/home/f8/Desktop/SPF/jpf-symbc/lib:
symbolic.min_int=-2147483648
symbolic.min_long=-9223372036854775808
symbolic.min_short=-32768
symbolic.min_byte=-128
symbolic.min_char=0
symbolic.max_int=2147483647
symbolic.max_long=9223372036854775807
symbolic.max_short=32767
symbolic.max_byte=127
symbolic.max_char=65535
symbolic.min_double=4.9E-324
symbolic.max_double=1.7976931348623157E308
JavaPathfinder core system v8.0 (rev 8b82638acdeb8140d063107c30b29a0161fcc31c) - (C) 2005-2014 United States Government. All rights reserved.


====================================================== system under test
Main.main()

====================================================== search started: 26/7/25 2:55 AM

====================================================== search constraint
depth limit reached: 13

====================================================== snapshot 
no live threads

====================================================== search constraint
depth limit reached: 13

====================================================== snapshot 
thread java.lang.Thread:{id:0,name:main,status:RUNNING,priority:5,isDaemon:false,lockCount:0,suspendCount:0}
  call stack:
	at Main.mult(Main.java:21)
	at Main.mult(Main.java:24)
	at Main.mult(Main.java:24)
	at Main.mult(Main.java:24)
	at Main.mult(Main.java:24)
	at Main.mult(Main.java:24)
	at Main.mult(Main.java:16)
	at Main.main(Main.java:81)


====================================================== search constraint
depth limit reached: 13

====================================================== snapshot 
no live threads

====================================================== search constraint
depth limit reached: 13

====================================================== snapshot 
thread java.lang.Thread:{id:0,name:main,status:RUNNING,priority:5,isDaemon:false,lockCount:0,suspendCount:0}
  call stack:
	at Main.mult(Main.java:21)
	at Main.mult(Main.java:24)
	at Main.mult(Main.java:24)
	at Main.mult(Main.java:24)
	at Main.mult(Main.java:24)
	at Main.main(Main.java:81)

java.lang.StackOverflowError
	at java.util.IdentityHashMap.hash(IdentityHashMap.java:297)
	at java.util.IdentityHashMap.put(IdentityHashMap.java:428)
	at com.microsoft.z3.IDecRefQueue.storeReference(IDecRefQueue.java:58)
	at com.microsoft.z3.AST.addToReferenceQueue(AST.java:199)
	at com.microsoft.z3.Z3Object.<init>(Z3Object.java:34)
	at com.microsoft.z3.AST.<init>(AST.java:189)
	at com.microsoft.z3.Expr.<init>(Expr.java:2120)
	at com.microsoft.z3.BitVecExpr.<init>(BitVecExpr.java:42)
	at com.microsoft.z3.BitVecNum.<init>(BitVecNum.java:82)
	at com.microsoft.z3.Expr.create(Expr.java:2169)
	at com.microsoft.z3.Context.mkNumeral(Context.java:2468)
	at com.microsoft.z3.Context.mkBV(Context.java:2593)
	at gov.nasa.jpf.symbc.numeric.solvers.ProblemZ3BitVector.minus(ProblemZ3BitVector.java:627)
	at gov.nasa.jpf.symbc.numeric.PCParser.getExpression(PCParser.java:128)
	at gov.nasa.jpf.symbc.numeric.PCParser.getExpression(PCParser.java:130)
	at gov.nasa.jpf.symbc.numeric.PCParser.getExpression(PCParser.java:130)
	at gov.nasa.jpf.symbc.numeric.PCParser.getExpression(PCParser.java:126)
	at gov.nasa.jpf.symbc.numeric.PCParser.getExpression(PCParser.java:130)
	at gov.nasa.jpf.symbc.numeric.PCParser.getExpression(PCParser.java:126)
	at gov.nasa.jpf.symbc.numeric.PCParser.getExpression(PCParser.java:130)
	at gov.nasa.jpf.symbc.numeric.PCParser.getExpression(PCParser.java:126)
	at gov.nasa.jpf.symbc.numeric.PCParser.getExpression(PCParser.java:130)
	at gov.nasa.jpf.symbc.numeric.PCParser.getExpression(PCParser.java:126)
	at gov.nasa.jpf.symbc.numeric.PCParser.getExpression(PCParser.java:130)
	at gov.nasa.jpf.symbc.numeric.PCParser.getExpression(PCParser.java:126)
	at gov.nasa.jpf.symbc.numeric.PCParser.getExpression(PCParser.java:130)
	at gov.nasa.jpf.symbc.numeric.PCParser.getExpression(PCParser.java:126)
	at gov.nasa.jpf.symbc.numeric.PCParser.getExpression(PCParser.java:130)
	at gov.nasa.jpf.symbc.numeric.PCParser.getExpression(PCParser.java:126)
	at gov.nasa.jpf.symbc.numeric.PCParser.getExpression(PCParser.java:130)
	at gov.nasa.jpf.symbc.numeric.PCParser.getExpression(PCParser.java:126)
	at gov.nasa.jpf.symbc.numeric.PCParser.getExpression(PCParser.java:130)
	at gov.nasa.jpf.symbc.numeric.PCParser.getExpression(PCParser.java:126)
	at gov.nasa.jpf.symbc.numeric.PCParser.getExpression(PCParser.java:130)
	at gov.nasa.jpf.symbc.numeric.PCParser.getExpression(PCParser.java:126)
	at gov.nasa.jpf.symbc.numeric.PCParser.getExpression(PCParser.java:130)
	at gov.nasa.jpf.symbc.numeric.PCParser.getExpression(PCParser.java:126)
	at gov.nasa.jpf.symbc.numeric.PCParser.getExpression(PCParser.java:130)
	at gov.nasa.jpf.symbc.numeric.PCParser.getExpression(PCParser.java:126)
	at gov.nasa.jpf.symbc.numeric.PCParser.getExpression(PCParser.java:130)
	at gov.nasa.jpf.symbc.numeric.PCParser.getExpression(PCParser.java:126)
	at gov.nasa.jpf.symbc.numeric.PCParser.getExpression(PCParser.java:130)
	at gov.nasa.jpf.symbc.numeric.PCParser.getExpression(PCParser.java:126)
	at gov.nasa.jpf.symbc.numeric.PCParser.getExpression(PCParser.java:130)
	at gov.nasa.jpf.symbc.numeric.PCParser.getExpression(PCParser.java:126)
	at gov.nasa.jpf.symbc.numeric.PCParser.getExpression(PCParser.java:130)
	at gov.nasa.jpf.symbc.numeric.PCParser.getExpression(PCParser.java:126)
	at gov.nasa.jpf.symbc.numeric.PCParser.getExpression(PCParser.java:130)
	at gov.nasa.jpf.symbc.numeric.PCParser.getExpression(PCParser.java:126)
	at gov.nasa.jpf.symbc.numeric.PCParser.getExpression(PCParser.java:130)
	at gov.nasa.jpf.symbc.numeric.PCParser.getExpression(PCParser.java:126)
	at gov.nasa.jpf.symbc.numeric.PCParser.getExpression(PCParser.java:130)
	at gov.nasa.jpf.symbc.numeric.PCParser.getExpression(PCParser.java:126)
	at gov.nasa.jpf.symbc.numeric.PCParser.getExpression(PCParser.java:130)
	at gov.nasa.jpf.symbc.numeric.PCParser.getExpression(PCParser.java:126)
	at gov.nasa.jpf.symbc.numeric.PCParser.getExpression(PCParser.java:130)
	at gov.nasa.jpf.symbc.numeric.PCParser.getExpression(PCParser.java:126)
	at gov.nasa.jpf.symbc.numeric.PCParser.getExpression(PCParser.java:130)
	at gov.nasa.jpf.symbc.numeric.PCParser.getExpression(PCParser.java:126)
	at gov.nasa.jpf.symbc.numeric.PCParser.getExpression(PCParser.java:130)
	at gov.nasa.jpf.symbc.numeric.PCParser.getExpression(PCParser.java:126)
	at gov.nasa.jpf.symbc.numeric.PCParser.getExpression(PCParser.java:130)
	at gov.nasa.jpf.symbc.numeric.PCParser.getExpression(PCParser.java:126)
	at gov.nasa.jpf.symbc.numeric.PCParser.getExpression(PCParser.java:130)
	at gov.nasa.jpf.symbc.numeric.PCParser.getExpression(PCParser.java:126)
	at gov.nasa.jpf.symbc.numeric.PCParser.getExpression(PCParser.java:130)
	at gov.nasa.jpf.symbc.numeric.PCParser.getExpression(PCParser.java:126)
	at gov.nasa.jpf.symbc.numeric.PCParser.getExpression(PCParser.java:130)
	at gov.nasa.jpf.symbc.numeric.PCParser.getExpression(PCParser.java:126)
	at gov.nasa.jpf.symbc.numeric.PCParser.getExpression(PCParser.java:130)
	at gov.nasa.jpf.symbc.numeric.PCParser.getExpression(PCParser.java:126)
	at gov.nasa.jpf.symbc.numeric.PCParser.getExpression(PCParser.java:130)
	at gov.nasa.jpf.symbc.numeric.PCParser.getExpression(PCParser.java:126)
	at gov.nasa.jpf.symbc.numeric.PCParser.getExpression(PCParser.java:130)
	at gov.nasa.jpf.symbc.numeric.PCParser.getExpression(PCParser.java:126)
	at gov.nasa.jpf.symbc.numeric.PCParser.getExpression(PCParser.java:130)
	at gov.nasa.jpf.symbc.numeric.PCParser.getExpression(PCParser.java:126)
	at gov.nasa.jpf.symbc.numeric.PCParser.getExpression(PCParser.java:130)
	at gov.nasa.jpf.symbc.numeric.PCParser.getExpression(PCParser.java:126)
	at gov.nasa.jpf.symbc.numeric.PCParser.getExpression(PCParser.java:130)
	at gov.nasa.jpf.symbc.numeric.PCParser.getExpression(PCParser.java:126)
	at gov.nasa.jpf.symbc.numeric.PCParser.getExpression(PCParser.java:130)
	at gov.nasa.jpf.symbc.numeric.PCParser.getExpression(PCParser.java:126)
	at gov.nasa.jpf.symbc.numeric.PCParser.getExpression(PCParser.java:130)
	at gov.nasa.jpf.symbc.numeric.PCParser.getExpression(PCParser.java:126)
	at gov.nasa.jpf.symbc.numeric.PCParser.getExpression(PCParser.java:130)
	at gov.nasa.jpf.symbc.numeric.PCParser.getExpression(PCParser.java:126)
	at gov.nasa.jpf.symbc.numeric.PCParser.getExpression(PCParser.java:130)
	at gov.nasa.jpf.symbc.numeric.PCParser.getExpression(PCParser.java:126)
	at gov.nasa.jpf.symbc.numeric.PCParser.getExpression(PCParser.java:130)
	at gov.nasa.jpf.symbc.numeric.PCParser.getExpression(PCParser.java:126)
	at gov.nasa.jpf.symbc.numeric.PCParser.getExpression(PCParser.java:130)
	at gov.nasa.jpf.symbc.numeric.PCParser.getExpression(PCParser.java:126)
	at gov.nasa.jpf.symbc.numeric.PCParser.getExpression(PCParser.java:130)
	at gov.nasa.jpf.symbc.numeric.PCParser.getExpression(PCParser.java:126)
	at gov.nasa.jpf.symbc.numeric.PCParser.getExpression(PCParser.java:130)
	at gov.nasa.jpf.symbc.numeric.PCParser.getExpression(PCParser.java:126)
	at gov.nasa.jpf.symbc.numeric.PCParser.getExpression(PCParser.java:130)
	at gov.nasa.jpf.symbc.numeric.PCParser.getExpression(PCParser.java:126)
	at gov.nasa.jpf.symbc.numeric.PCParser.getExpression(PCParser.java:130)
	at gov.nasa.jpf.symbc.numeric.PCParser.getExpression(PCParser.java:126)
	at gov.nasa.jpf.symbc.numeric.PCParser.getExpression(PCParser.java:130)
	at gov.nasa.jpf.symbc.numeric.PCParser.getExpression(PCParser.java:126)
	at gov.nasa.jpf.symbc.numeric.PCParser.getExpression(PCParser.java:130)
	at gov.nasa.jpf.symbc.numeric.PCParser.getExpression(PCParser.java:126)
	at gov.nasa.jpf.symbc.numeric.PCParser.getExpression(PCParser.java:130)
	at gov.nasa.jpf.symbc.numeric.PCParser.getExpression(PCParser.java:126)
	at gov.nasa.jpf.symbc.numeric.PCParser.getExpression(PCParser.java:130)
	at gov.nasa.jpf.symbc.numeric.PCParser.getExpression(PCParser.java:126)
	at gov.nasa.jpf.symbc.numeric.PCParser.getExpression(PCParser.java:130)
	at gov.nasa.jpf.symbc.numeric.PCParser.getExpression(PCParser.java:126)
	at gov.nasa.jpf.symbc.numeric.PCParser.getExpression(PCParser.java:130)
	at gov.nasa.jpf.symbc.numeric.PCParser.getExpression(PCParser.java:126)
	at gov.nasa.jpf.symbc.numeric.PCParser.getExpression(PCParser.java:130)
	at gov.nasa.jpf.symbc.numeric.PCParser.getExpression(PCParser.java:126)
	at gov.nasa.jpf.symbc.numeric.PCParser.getExpression(PCParser.java:130)
	at gov.nasa.jpf.symbc.numeric.PCParser.getExpression(PCParser.java:126)
	at gov.nasa.jpf.symbc.numeric.PCParser.getExpression(PCParser.java:130)
	at gov.nasa.jpf.symbc.numeric.PCParser.getExpression(PCParser.java:126)
	at gov.nasa.jpf.symbc.numeric.PCParser.getExpression(PCParser.java:130)
	at gov.nasa.jpf.symbc.numeric.PCParser.getExpression(PCParser.java:126)
	at gov.nasa.jpf.symbc.numeric.PCParser.getExpression(PCParser.java:130)
	at gov.nasa.jpf.symbc.numeric.PCParser.getExpression(PCParser.java:126)
	at gov.nasa.jpf.symbc.numeric.PCParser.getExpression(PCParser.java:130)
	at gov.nasa.jpf.symbc.numeric.PCParser.getExpression(PCParser.java:126)
	at gov.nasa.jpf.symbc.numeric.PCParser.getExpression(PCParser.java:130)
	at gov.nasa.jpf.symbc.numeric.PCParser.getExpression(PCParser.java:126)
	at gov.nasa.jpf.symbc.numeric.PCParser.getExpression(PCParser.java:130)
	at gov.nasa.jpf.symbc.numeric.PCParser.getExpression(PCParser.java:126)
	at gov.nasa.jpf.symbc.numeric.PCParser.getExpression(PCParser.java:130)
	at gov.nasa.jpf.symbc.numeric.PCParser.getExpression(PCParser.java:126)
	at gov.nasa.jpf.symbc.numeric.PCParser.getExpression(PCParser.java:130)
	at gov.nasa.jpf.symbc.numeric.PCParser.getExpression(PCParser.java:126)
	at gov.nasa.jpf.symbc.numeric.PCParser.getExpression(PCParser.java:130)
	at gov.nasa.jpf.symbc.numeric.PCParser.getExpression(PCParser.java:126)
	at gov.nasa.jpf.symbc.numeric.PCParser.getExpression(PCParser.java:130)
	at gov.nasa.jpf.symbc.numeric.PCParser.getExpression(PCParser.java:126)
	at gov.nasa.jpf.symbc.numeric.PCParser.getExpression(PCParser.java:130)
	at gov.nasa.jpf.symbc.numeric.PCParser.getExpression(PCParser.java:126)
	at gov.nasa.jpf.symbc.numeric.PCParser.getExpression(PCParser.java:130)
	at gov.nasa.jpf.symbc.numeric.PCParser.getExpression(PCParser.java:126)
	at gov.nasa.jpf.symbc.numeric.PCParser.getExpression(PCParser.java:130)
	at gov.nasa.jpf.symbc.numeric.PCParser.getExpression(PCParser.java:126)
	at gov.nasa.jpf.symbc.numeric.PCParser.getExpression(PCParser.java:130)
	at gov.nasa.jpf.symbc.numeric.PCParser.getExpression(PCParser.java:126)
	at gov.nasa.jpf.symbc.numeric.PCParser.getExpression(PCParser.java:130)
	at gov.nasa.jpf.symbc.numeric.PCParser.getExpression(PCParser.java:126)
	at gov.nasa.jpf.symbc.numeric.PCParser.getExpression(PCParser.java:130)
	at gov.nasa.jpf.symbc.numeric.PCParser.getExpression(PCParser.java:126)
	at gov.nasa.jpf.symbc.numeric.PCParser.getExpression(PCParser.java:130)
	at gov.nasa.jpf.symbc.numeric.PCParser.getExpression(PCParser.java:126)
	at gov.nasa.jpf.symbc.numeric.PCParser.getExpression(PCParser.java:130)
	at gov.nasa.jpf.symbc.numeric.PCParser.getExpression(PCParser.java:126)
	at gov.nasa.jpf.symbc.numeric.PCParser.getExpression(PCParser.java:130)
	at gov.nasa.jpf.symbc.numeric.PCParser.getExpression(PCParser.java:126)
	at gov.nasa.jpf.symbc.numeric.PCParser.getExpression(PCParser.java:130)
	at gov.nasa.jpf.symbc.numeric.PCParser.getExpression(PCParser.java:126)
	at gov.nasa.jpf.symbc.numeric.PCParser.getExpression(PCParser.java:130)
	at gov.nasa.jpf.symbc.numeric.PCParser.getExpression(PCParser.java:126)
	at gov.nasa.jpf.symbc.numeric.PCParser.getExpression(PCParser.java:130)
	at gov.nasa.jpf.symbc.numeric.PCParser.getExpression(PCParser.java:126)
	at gov.nasa.jpf.symbc.numeric.PCParser.getExpression(PCParser.java:130)
	at gov.nasa.jpf.symbc.numeric.PCParser.getExpression(PCParser.java:126)
	at gov.nasa.jpf.symbc.numeric.PCParser.getExpression(PCParser.java:130)
	at gov.nasa.jpf.symbc.numeric.PCParser.getExpression(PCParser.java:126)
	at gov.nasa.jpf.symbc.numeric.PCParser.getExpression(PCParser.java:130)
	at gov.nasa.jpf.symbc.numeric.PCParser.getExpression(PCParser.java:126)
	at gov.nasa.jpf.symbc.numeric.PCParser.getExpression(PCParser.java:130)
	at gov.nasa.jpf.symbc.numeric.PCParser.getExpression(PCParser.java:126)
	at gov.nasa.jpf.symbc.numeric.PCParser.getExpression(PCParser.java:130)
	at gov.nasa.jpf.symbc.numeric.PCParser.getExpression(PCParser.java:126)
	at gov.nasa.jpf.symbc.numeric.PCParser.getExpression(PCParser.java:130)
	at gov.nasa.jpf.symbc.numeric.PCParser.getExpression(PCParser.java:126)
	at gov.nasa.jpf.symbc.numeric.PCParser.getExpression(PCParser.java:130)
	at gov.nasa.jpf.symbc.numeric.PCParser.getExpression(PCParser.java:126)
	at gov.nasa.jpf.symbc.numeric.PCParser.getExpression(PCParser.java:130)
	at gov.nasa.jpf.symbc.numeric.PCParser.getExpression(PCParser.java:126)
	at gov.nasa.jpf.symbc.numeric.PCParser.getExpression(PCParser.java:130)
	at gov.nasa.jpf.symbc.numeric.PCParser.getExpression(PCParser.java:126)
	at gov.nasa.jpf.symbc.numeric.PCParser.getExpression(PCParser.java:130)
	at gov.nasa.jpf.symbc.numeric.PCParser.getExpression(PCParser.java:126)
	at gov.nasa.jpf.symbc.numeric.PCParser.getExpression(PCParser.java:130)
	at gov.nasa.jpf.symbc.numeric.PCParser.getExpression(PCParser.java:126)
	at gov.nasa.jpf.symbc.numeric.PCParser.getExpression(PCParser.java:130)
	at gov.nasa.jpf.symbc.numeric.PCParser.getExpression(PCParser.java:126)
	at gov.nasa.jpf.symbc.numeric.PCParser.getExpression(PCParser.java:130)
	at gov.nasa.jpf.symbc.numeric.PCParser.getExpression(PCParser.java:126)
	at gov.nasa.jpf.symbc.numeric.PCParser.getExpression(PCParser.java:130)
	at gov.nasa.jpf.symbc.numeric.PCParser.getExpression(PCParser.java:126)
	at gov.nasa.jpf.symbc.numeric.PCParser.getExpression(PCParser.java:130)
	at gov.nasa.jpf.symbc.numeric.PCParser.getExpression(PCParser.java:126)
	at gov.nasa.jpf.symbc.numeric.PCParser.getExpression(PCParser.java:130)
	at gov.nasa.jpf.symbc.numeric.PCParser.getExpression(PCParser.java:126)
	at gov.nasa.jpf.symbc.numeric.PCParser.getExpression(PCParser.java:130)
	at gov.nasa.jpf.symbc.numeric.PCParser.getExpression(PCParser.java:126)
	at gov.nasa.jpf.symbc.numeric.PCParser.getExpression(PCParser.java:130)
	at gov.nasa.jpf.symbc.numeric.PCParser.getExpression(PCParser.java:126)
	at gov.nasa.jpf.symbc.numeric.PCParser.getExpression(PCParser.java:130)
	at gov.nasa.jpf.symbc.numeric.PCParser.getExpression(PCParser.java:126)
	at gov.nasa.jpf.symbc.numeric.PCParser.getExpression(PCParser.java:130)
	at gov.nasa.jpf.symbc.numeric.PCParser.getExpression(PCParser.java:126)
	at gov.nasa.jpf.symbc.numeric.PCParser.getExpression(PCParser.java:130)
	at gov.nasa.jpf.symbc.numeric.PCParser.getExpression(PCParser.java:126)
	at gov.nasa.jpf.symbc.numeric.PCParser.getExpression(PCParser.java:130)
	at gov.nasa.jpf.symbc.numeric.PCParser.getExpression(PCParser.java:126)
	at gov.nasa.jpf.symbc.numeric.PCParser.getExpression(PCParser.java:130)
	at gov.nasa.jpf.symbc.numeric.PCParser.getExpression(PCParser.java:126)
	at gov.nasa.jpf.symbc.numeric.PCParser.getExpression(PCParser.java:130)
	at gov.nasa.jpf.symbc.numeric.PCParser.getExpression(PCParser.java:126)
	at gov.nasa.jpf.symbc.numeric.PCParser.getExpression(PCParser.java:130)
	at gov.nasa.jpf.symbc.numeric.PCParser.getExpression(PCParser.java:126)
	at gov.nasa.jpf.symbc.numeric.PCParser.getExpression(PCParser.java:130)
	at gov.nasa.jpf.symbc.numeric.PCParser.getExpression(PCParser.java:126)
	at gov.nasa.jpf.symbc.numeric.PCParser.getExpression(PCParser.java:130)
	at gov.nasa.jpf.symbc.numeric.PCParser.getExpression(PCParser.java:126)
	at gov.nasa.jpf.symbc.numeric.PCParser.getExpression(PCParser.java:130)
	at gov.nasa.jpf.symbc.numeric.PCParser.getExpression(PCParser.java:126)
	at gov.nasa.jpf.symbc.numeric.PCParser.getExpression(PCParser.java:130)
	at gov.nasa.jpf.symbc.numeric.PCParser.getExpression(PCParser.java:126)
	at gov.nasa.jpf.symbc.numeric.PCParser.getExpression(PCParser.java:130)
	at gov.nasa.jpf.symbc.numeric.PCParser.getExpression(PCParser.java:126)
	at gov.nasa.jpf.symbc.numeric.PCParser.getExpression(PCParser.java:130)
	at gov.nasa.jpf.symbc.numeric.PCParser.getExpression(PCParser.java:126)
	at gov.nasa.jpf.symbc.numeric.PCParser.getExpression(PCParser.java:130)
	at gov.nasa.jpf.symbc.numeric.PCParser.getExpression(PCParser.java:126)
	at gov.nasa.jpf.symbc.numeric.PCParser.getExpression(PCParser.java:130)
	at gov.nasa.jpf.symbc.numeric.PCParser.getExpression(PCParser.java:126)
	at gov.nasa.jpf.symbc.numeric.PCParser.getExpression(PCParser.java:130)
	at gov.nasa.jpf.symbc.numeric.PCParser.getExpression(PCParser.java:126)
	at gov.nasa.jpf.symbc.numeric.PCParser.getExpression(PCParser.java:130)
	at gov.nasa.jpf.symbc.numeric.PCParser.getExpression(PCParser.java:126)
	at gov.nasa.jpf.symbc.numeric.PCParser.getExpression(PCParser.java:130)
	at gov.nasa.jpf.symbc.numeric.PCParser.getExpression(PCParser.java:126)
	at gov.nasa.jpf.symbc.numeric.PCParser.getExpression(PCParser.java:130)
	at gov.nasa.jpf.symbc.numeric.PCParser.getExpression(PCParser.java:126)
	at gov.nasa.jpf.symbc.numeric.PCParser.getExpression(PCParser.java:130)
	at gov.nasa.jpf.symbc.numeric.PCParser.getExpression(PCParser.java:126)
	at gov.nasa.jpf.symbc.numeric.PCParser.getExpression(PCParser.java:130)
	at gov.nasa.jpf.symbc.numeric.PCParser.getExpression(PCParser.java:126)
	at gov.nasa.jpf.symbc.numeric.PCParser.getExpression(PCParser.java:130)
	at gov.nasa.jpf.symbc.numeric.PCParser.getExpression(PCParser.java:126)
	at gov.nasa.jpf.symbc.numeric.PCParser.getExpression(PCParser.java:130)
	at gov.nasa.jpf.symbc.numeric.PCParser.getExpression(PCParser.java:126)
	at gov.nasa.jpf.symbc.numeric.PCParser.getExpression(PCParser.java:130)
	at gov.nasa.jpf.symbc.numeric.PCParser.getExpression(PCParser.java:126)
	at gov.nasa.jpf.symbc.numeric.PCParser.getExpression(PCParser.java:130)
	at gov.nasa.jpf.symbc.numeric.PCParser.getExpression(PCParser.java:126)
	at gov.nasa.jpf.symbc.numeric.PCParser.getExpression(PCParser.java:130)
	at gov.nasa.jpf.symbc.numeric.PCParser.getExpression(PCParser.java:126)
	at gov.nasa.jpf.symbc.numeric.PCParser.getExpression(PCParser.java:130)
	at gov.nasa.jpf.symbc.numeric.PCParser.getExpression(PCParser.java:126)
	at gov.nasa.jpf.symbc.numeric.PCParser.getExpression(PCParser.java:130)
	at gov.nasa.jpf.symbc.numeric.PCParser.getExpression(PCParser.java:126)
	at gov.nasa.jpf.symbc.numeric.PCParser.getExpression(PCParser.java:130)
	at gov.nasa.jpf.symbc.numeric.PCParser.getExpression(PCParser.java:126)
	at gov.nasa.jpf.symbc.numeric.PCParser.getExpression(PCParser.java:130)
	at gov.nasa.jpf.symbc.numeric.PCParser.getExpression(PCParser.java:126)
	at gov.nasa.jpf.symbc.numeric.PCParser.getExpression(PCParser.java:130)
	at gov.nasa.jpf.symbc.numeric.PCParser.getExpression(PCParser.java:126)
	at gov.nasa.jpf.symbc.numeric.PCParser.getExpression(PCParser.java:130)
	at gov.nasa.jpf.symbc.numeric.PCParser.getExpression(PCParser.java:126)
	at gov.nasa.jpf.symbc.numeric.PCParser.getExpression(PCParser.java:130)
	at gov.nasa.jpf.symbc.numeric.PCParser.getExpression(PCParser.java:126)
	at gov.nasa.jpf.symbc.numeric.PCParser.getExpression(PCParser.java:130)
	at gov.nasa.jpf.symbc.numeric.PCParser.getExpression(PCParser.java:126)
	at gov.nasa.jpf.symbc.numeric.PCParser.getExpression(PCParser.java:130)
	at gov.nasa.jpf.symbc.numeric.PCParser.getExpression(PCParser.java:126)
	at gov.nasa.jpf.symbc.numeric.PCParser.getExpression(PCParser.java:130)
	at gov.nasa.jpf.symbc.numeric.PCParser.getExpression(PCParser.java:126)
	at gov.nasa.jpf.symbc.numeric.PCParser.getExpression(PCParser.java:130)
	at gov.nasa.jpf.symbc.numeric.PCParser.getExpression(PCParser.java:126)
	at gov.nasa.jpf.symbc.numeric.PCParser.getExpression(PCParser.java:130)
	at gov.nasa.jpf.symbc.numeric.PCParser.getExpression(PCParser.java:126)
	at gov.nasa.jpf.symbc.numeric.PCParser.getExpression(PCParser.java:130)
	at gov.nasa.jpf.symbc.numeric.PCParser.getExpression(PCParser.java:126)
	at gov.nasa.jpf.symbc.numeric.PCParser.getExpression(PCParser.java:130)
	at gov.nasa.jpf.symbc.numeric.PCParser.getExpression(PCParser.java:126)
	at gov.nasa.jpf.symbc.numeric.PCParser.getExpression(PCParser.java:130)
	at gov.nasa.jpf.symbc.numeric.PCParser.getExpression(PCParser.java:126)
	at gov.nasa.jpf.symbc.numeric.PCParser.getExpression(PCParser.java:130)
	at gov.nasa.jpf.symbc.numeric.PCParser.getExpression(PCParser.java:126)
	at gov.nasa.jpf.symbc.numeric.PCParser.getExpression(PCParser.java:130)
	at gov.nasa.jpf.symbc.numeric.PCParser.getExpression(PCParser.java:126)
	at gov.nasa.jpf.symbc.numeric.PCParser.getExpression(PCParser.java:130)
	at gov.nasa.jpf.symbc.numeric.PCParser.getExpression(PCParser.java:126)
	at gov.nasa.jpf.symbc.numeric.PCParser.getExpression(PCParser.java:130)
	at gov.nasa.jpf.symbc.numeric.PCParser.getExpression(PCParser.java:126)
	at gov.nasa.jpf.symbc.numeric.PCParser.getExpression(PCParser.java:130)
	at gov.nasa.jpf.symbc.numeric.PCParser.getExpression(PCParser.java:126)
	at gov.nasa.jpf.symbc.numeric.PCParser.getExpression(PCParser.java:130)
	at gov.nasa.jpf.symbc.numeric.PCParser.getExpression(PCParser.java:126)
	at gov.nasa.jpf.symbc.numeric.PCParser.getExpression(PCParser.java:130)
	at gov.nasa.jpf.symbc.numeric.PCParser.getExpression(PCParser.java:126)
	at gov.nasa.jpf.symbc.numeric.PCParser.getExpression(PCParser.java:130)
	at gov.nasa.jpf.symbc.numeric.PCParser.getExpression(PCParser.java:126)
	at gov.nasa.jpf.symbc.numeric.PCParser.getExpression(PCParser.java:130)
	at gov.nasa.jpf.symbc.numeric.PCParser.getExpression(PCParser.java:126)
	at gov.nasa.jpf.symbc.numeric.PCParser.getExpression(PCParser.java:130)
	at gov.nasa.jpf.symbc.numeric.PCParser.getExpression(PCParser.java:126)
	at gov.nasa.jpf.symbc.numeric.PCParser.getExpression(PCParser.java:130)
	at gov.nasa.jpf.symbc.numeric.PCParser.getExpression(PCParser.java:126)
	at gov.nasa.jpf.symbc.numeric.PCParser.getExpression(PCParser.java:130)
	at gov.nasa.jpf.symbc.numeric.PCParser.getExpression(PCParser.java:126)
	at gov.nasa.jpf.symbc.numeric.PCParser.getExpression(PCParser.java:130)
	at gov.nasa.jpf.symbc.numeric.PCParser.getExpression(PCParser.java:126)
	at gov.nasa.jpf.symbc.numeric.PCParser.getExpression(PCParser.java:130)
	at gov.nasa.jpf.symbc.numeric.PCParser.getExpression(PCParser.java:126)
	at gov.nasa.jpf.symbc.numeric.PCParser.getExpression(PCParser.java:130)
	at gov.nasa.jpf.symbc.numeric.PCParser.getExpression(PCParser.java:126)
	at gov.nasa.jpf.symbc.numeric.PCParser.getExpression(PCParser.java:130)
	at gov.nasa.jpf.symbc.numeric.PCParser.getExpression(PCParser.java:126)
	at gov.nasa.jpf.symbc.numeric.PCParser.getExpression(PCParser.java:130)
	at gov.nasa.jpf.symbc.numeric.PCParser.getExpression(PCParser.java:126)
	at gov.nasa.jpf.symbc.numeric.PCParser.getExpression(PCParser.java:130)
	at gov.nasa.jpf.symbc.numeric.PCParser.getExpression(PCParser.java:126)
	at gov.nasa.jpf.symbc.numeric.PCParser.getExpression(PCParser.java:130)
	at gov.nasa.jpf.symbc.numeric.PCParser.getExpression(PCParser.java:126)
	at gov.nasa.jpf.symbc.numeric.PCParser.getExpression(PCParser.java:130)
	at gov.nasa.jpf.symbc.numeric.PCParser.getExpression(PCParser.java:126)
	at gov.nasa.jpf.symbc.numeric.PCParser.getExpression(PCParser.java:130)
	at gov.nasa.jpf.symbc.numeric.PCParser.getExpression(PCParser.java:126)
	at gov.nasa.jpf.symbc.numeric.PCParser.getExpression(PCParser.java:130)
	at gov.nasa.jpf.symbc.numeric.PCParser.getExpression(PCParser.java:126)
	at gov.nasa.jpf.symbc.numeric.PCParser.getExpression(PCParser.java:130)
	at gov.nasa.jpf.symbc.numeric.PCParser.getExpression(PCParser.java:126)
	at gov.nasa.jpf.symbc.numeric.PCParser.getExpression(PCParser.java:130)
	at gov.nasa.jpf.symbc.numeric.PCParser.getExpression(PCParser.java:126)
	at gov.nasa.jpf.symbc.numeric.PCParser.getExpression(PCParser.java:130)
	at gov.nasa.jpf.symbc.numeric.PCParser.getExpression(PCParser.java:126)
	at gov.nasa.jpf.symbc.numeric.PCParser.getExpression(PCParser.java:130)
	at gov.nasa.jpf.symbc.numeric.PCParser.getExpression(PCParser.java:126)
	at gov.nasa.jpf.symbc.numeric.PCParser.getExpression(PCParser.java:130)
	at gov.nasa.jpf.symbc.numeric.PCParser.getExpression(PCParser.java:126)
	at gov.nasa.jpf.symbc.numeric.PCParser.getExpression(PCParser.java:130)
	at gov.nasa.jpf.symbc.numeric.PCParser.getExpression(PCParser.java:126)
	at gov.nasa.jpf.symbc.numeric.PCParser.getExpression(PCParser.java:130)
	at gov.nasa.jpf.symbc.numeric.PCParser.getExpression(PCParser.java:126)
	at gov.nasa.jpf.symbc.numeric.PCParser.getExpression(PCParser.java:130)
	at gov.nasa.jpf.symbc.numeric.PCParser.getExpression(PCParser.java:126)
	at gov.nasa.jpf.symbc.numeric.PCParser.getExpression(PCParser.java:130)
	at gov.nasa.jpf.symbc.numeric.PCParser.getExpression(PCParser.java:126)
	at gov.nasa.jpf.symbc.numeric.PCParser.getExpression(PCParser.java:130)
	at gov.nasa.jpf.symbc.numeric.PCParser.getExpression(PCParser.java:126)
	at gov.nasa.jpf.symbc.numeric.PCParser.getExpression(PCParser.java:130)
	at gov.nasa.jpf.symbc.numeric.PCParser.getExpression(PCParser.java:126)
	at gov.nasa.jpf.symbc.numeric.PCParser.getExpression(PCParser.java:130)
	at gov.nasa.jpf.symbc.numeric.PCParser.getExpression(PCParser.java:126)
	at gov.nasa.jpf.symbc.numeric.PCParser.getExpression(PCParser.java:130)
	at gov.nasa.jpf.symbc.numeric.PCParser.getExpression(PCParser.java:126)
	at gov.nasa.jpf.symbc.numeric.PCParser.getExpression(PCParser.java:130)
	at gov.nasa.jpf.symbc.numeric.PCParser.getExpression(PCParser.java:126)
	at gov.nasa.jpf.symbc.numeric.PCParser.getExpression(PCParser.java:130)
	at gov.nasa.jpf.symbc.numeric.PCParser.getExpression(PCParser.java:126)
	at gov.nasa.jpf.symbc.numeric.PCParser.getExpression(PCParser.java:130)
	at gov.nasa.jpf.symbc.numeric.PCParser.getExpression(PCParser.java:126)
	at gov.nasa.jpf.symbc.numeric.PCParser.getExpression(PCParser.java:130)
	at gov.nasa.jpf.symbc.numeric.PCParser.getExpression(PCParser.java:126)
	at gov.nasa.jpf.symbc.numeric.PCParser.getExpression(PCParser.java:130)
	at gov.nasa.jpf.symbc.numeric.PCParser.getExpression(PCParser.java:126)
	at gov.nasa.jpf.symbc.numeric.PCParser.getExpression(PCParser.java:130)
	at gov.nasa.jpf.symbc.numeric.PCParser.getExpression(PCParser.java:126)
	at gov.nasa.jpf.symbc.numeric.PCParser.getExpression(PCParser.java:130)
	at gov.nasa.jpf.symbc.numeric.PCParser.getExpression(PCParser.java:126)
	at gov.nasa.jpf.symbc.numeric.PCParser.getExpression(PCParser.java:130)
	at gov.nasa.jpf.symbc.numeric.PCParser.getExpression(PCParser.java:126)
	at gov.nasa.jpf.symbc.numeric.PCParser.getExpression(PCParser.java:130)
	at gov.nasa.jpf.symbc.numeric.PCParser.getExpression(PCParser.java:126)
	at gov.nasa.jpf.symbc.numeric.PCParser.getExpression(PCParser.java:130)
	at gov.nasa.jpf.symbc.numeric.PCParser.getExpression(PCParser.java:126)
	at gov.nasa.jpf.symbc.numeric.PCParser.getExpression(PCParser.java:130)
	at gov.nasa.jpf.symbc.numeric.PCParser.getExpression(PCParser.java:126)
	at gov.nasa.jpf.symbc.numeric.PCParser.getExpression(PCParser.java:130)
	at gov.nasa.jpf.symbc.numeric.PCParser.getExpression(PCParser.java:126)
	at gov.nasa.jpf.symbc.numeric.PCParser.getExpression(PCParser.java:130)
	at gov.nasa.jpf.symbc.numeric.PCParser.getExpression(PCParser.java:126)
	at gov.nasa.jpf.symbc.numeric.PCParser.getExpression(PCParser.java:130)
	at gov.nasa.jpf.symbc.numeric.PCParser.getExpression(PCParser.java:126)
	at gov.nasa.jpf.symbc.numeric.PCParser.getExpression(PCParser.java:130)
	at gov.nasa.jpf.symbc.numeric.PCParser.getExpression(PCParser.java:126)
	at gov.nasa.jpf.symbc.numeric.PCParser.getExpression(PCParser.java:130)
	at gov.nasa.jpf.symbc.numeric.PCParser.getExpression(PCParser.java:126)
	at gov.nasa.jpf.symbc.numeric.PCParser.getExpression(PCParser.java:130)
	at gov.nasa.jpf.symbc.numeric.PCParser.getExpression(PCParser.java:126)
	at gov.nasa.jpf.symbc.numeric.PCParser.getExpression(PCParser.java:130)
	at gov.nasa.jpf.symbc.numeric.PCParser.getExpression(PCParser.java:126)
	at gov.nasa.jpf.symbc.numeric.PCParser.getExpression(PCParser.java:130)
	at gov.nasa.jpf.symbc.numeric.PCParser.getExpression(PCParser.java:126)
	at gov.nasa.jpf.symbc.numeric.PCParser.getExpression(PCParser.java:130)
	at gov.nasa.jpf.symbc.numeric.PCParser.getExpression(PCParser.java:126)
	at gov.nasa.jpf.symbc.numeric.PCParser.getExpression(PCParser.java:130)
	at gov.nasa.jpf.symbc.numeric.PCParser.getExpression(PCParser.java:126)
	at gov.nasa.jpf.symbc.numeric.PCParser.getExpression(PCParser.java:130)
	at gov.nasa.jpf.symbc.numeric.PCParser.getExpression(PCParser.java:126)
	at gov.nasa.jpf.symbc.numeric.PCParser.getExpression(PCParser.java:130)
	at gov.nasa.jpf.symbc.numeric.PCParser.getExpression(PCParser.java:126)
	at gov.nasa.jpf.symbc.numeric.PCParser.getExpression(PCParser.java:130)
	at gov.nasa.jpf.symbc.numeric.PCParser.getExpression(PCParser.java:126)
	at gov.nasa.jpf.symbc.numeric.PCParser.getExpression(PCParser.java:130)
	at gov.nasa.jpf.symbc.numeric.PCParser.getExpression(PCParser.java:126)
	at gov.nasa.jpf.symbc.numeric.PCParser.getExpression(PCParser.java:130)
	at gov.nasa.jpf.symbc.numeric.PCParser.getExpression(PCParser.java:126)
	at gov.nasa.jpf.symbc.numeric.PCParser.getExpression(PCParser.java:130)
	at gov.nasa.jpf.symbc.numeric.PCParser.getExpression(PCParser.java:126)
	at gov.nasa.jpf.symbc.numeric.PCParser.getExpression(PCParser.java:130)
	at gov.nasa.jpf.symbc.numeric.PCParser.getExpression(PCParser.java:126)
	at gov.nasa.jpf.symbc.numeric.PCParser.getExpression(PCParser.java:130)
	at gov.nasa.jpf.symbc.numeric.PCParser.getExpression(PCParser.java:126)
	at gov.nasa.jpf.symbc.numeric.PCParser.getExpression(PCParser.java:130)
	at gov.nasa.jpf.symbc.numeric.PCParser.getExpression(PCParser.java:126)
	at gov.nasa.jpf.symbc.numeric.PCParser.getExpression(PCParser.java:130)
	at gov.nasa.jpf.symbc.numeric.PCParser.getExpression(PCParser.java:126)
	at gov.nasa.jpf.symbc.numeric.PCParser.getExpression(PCParser.java:130)
	at gov.nasa.jpf.symbc.numeric.PCParser.getExpression(PCParser.java:126)
	at gov.nasa.jpf.symbc.numeric.PCParser.getExpression(PCParser.java:130)
	at gov.nasa.jpf.symbc.numeric.PCParser.getExpression(PCParser.java:126)
	at gov.nasa.jpf.symbc.numeric.PCParser.getExpression(PCParser.java:130)
	at gov.nasa.jpf.symbc.numeric.PCParser.getExpression(PCParser.java:126)
	at gov.nasa.jpf.symbc.numeric.PCParser.getExpression(PCParser.java:130)
	at gov.nasa.jpf.symbc.numeric.PCParser.getExpression(PCParser.java:126)
	at gov.nasa.jpf.symbc.numeric.PCParser.getExpression(PCParser.java:130)
	at gov.nasa.jpf.symbc.numeric.PCParser.getExpression(PCParser.java:126)
	at gov.nasa.jpf.symbc.numeric.PCParser.getExpression(PCParser.java:130)
	at gov.nasa.jpf.symbc.numeric.PCParser.getExpression(PCParser.java:126)
	at gov.nasa.jpf.symbc.numeric.PCParser.getExpression(PCParser.java:130)
	at gov.nasa.jpf.symbc.numeric.PCParser.getExpression(PCParser.java:126)
	at gov.nasa.jpf.symbc.numeric.PCParser.getExpression(PCParser.java:130)
	at gov.nasa.jpf.symbc.numeric.PCParser.getExpression(PCParser.java:126)
	at gov.nasa.jpf.symbc.numeric.PCParser.getExpression(PCParser.java:130)
	at gov.nasa.jpf.symbc.numeric.PCParser.getExpression(PCParser.java:126)
	at gov.nasa.jpf.symbc.numeric.PCParser.getExpression(PCParser.java:130)
	at gov.nasa.jpf.symbc.numeric.PCParser.getExpression(PCParser.java:126)
	at gov.nasa.jpf.symbc.numeric.PCParser.getExpression(PCParser.java:130)
	at gov.nasa.jpf.symbc.numeric.PCParser.getExpression(PCParser.java:126)
	at gov.nasa.jpf.symbc.numeric.PCParser.getExpression(PCParser.java:130)
	at gov.nasa.jpf.symbc.numeric.PCParser.getExpression(PCParser.java:126)
	at gov.nasa.jpf.symbc.numeric.PCParser.getExpression(PCParser.java:130)
	at gov.nasa.jpf.symbc.numeric.PCParser.getExpression(PCParser.java:126)
	at gov.nasa.jpf.symbc.numeric.PCParser.getExpression(PCParser.java:130)
	at gov.nasa.jpf.symbc.numeric.PCParser.getExpression(PCParser.java:126)
	at gov.nasa.jpf.symbc.numeric.PCParser.getExpression(PCParser.java:130)
	at gov.nasa.jpf.symbc.numeric.PCParser.getExpression(PCParser.java:126)
	at gov.nasa.jpf.symbc.numeric.PCParser.getExpression(PCParser.java:130)
	at gov.nasa.jpf.symbc.numeric.PCParser.getExpression(PCParser.java:126)
	at gov.nasa.jpf.symbc.numeric.PCParser.getExpression(PCParser.java:130)
	at gov.nasa.jpf.symbc.numeric.PCParser.getExpression(PCParser.java:126)
	at gov.nasa.jpf.symbc.numeric.PCParser.getExpression(PCParser.java:130)
	at gov.nasa.jpf.symbc.numeric.PCParser.getExpression(PCParser.java:126)
	at gov.nasa.jpf.symbc.numeric.PCParser.getExpression(PCParser.java:130)
	at gov.nasa.jpf.symbc.numeric.PCParser.getExpression(PCParser.java:126)
	at gov.nasa.jpf.symbc.numeric.PCParser.getExpression(PCParser.java:130)
	at gov.nasa.jpf.symbc.numeric.PCParser.getExpression(PCParser.java:126)
	at gov.nasa.jpf.symbc.numeric.PCParser.getExpression(PCParser.java:130)
	at gov.nasa.jpf.symbc.numeric.PCParser.getExpression(PCParser.java:126)
	at gov.nasa.jpf.symbc.numeric.PCParser.getExpression(PCParser.java:130)
	at gov.nasa.jpf.symbc.numeric.PCParser.getExpression(PCParser.java:126)
	at gov.nasa.jpf.symbc.numeric.PCParser.getExpression(PCParser.java:130)
	at gov.nasa.jpf.symbc.numeric.PCParser.getExpression(PCParser.java:126)
	at gov.nasa.jpf.symbc.numeric.PCParser.getExpression(PCParser.java:130)
	at gov.nasa.jpf.symbc.numeric.PCParser.getExpression(PCParser.java:126)
	at gov.nasa.jpf.symbc.numeric.PCParser.getExpression(PCParser.java:130)
	at gov.nasa.jpf.symbc.numeric.PCParser.getExpression(PCParser.java:126)
	at gov.nasa.jpf.symbc.numeric.PCParser.getExpression(PCParser.java:130)
	at gov.nasa.jpf.symbc.numeric.PCParser.getExpression(PCParser.java:126)
	at gov.nasa.jpf.symbc.numeric.PCParser.getExpression(PCParser.java:130)
	at gov.nasa.jpf.symbc.numeric.PCParser.getExpression(PCParser.java:126)
	at gov.nasa.jpf.symbc.numeric.PCParser.getExpression(PCParser.java:130)
	at gov.nasa.jpf.symbc.numeric.PCParser.getExpression(PCParser.java:126)
	at gov.nasa.jpf.symbc.numeric.PCParser.getExpression(PCParser.java:130)
	at gov.nasa.jpf.symbc.numeric.PCParser.getExpression(PCParser.java:126)
	at gov.nasa.jpf.symbc.numeric.PCParser.getExpression(PCParser.java:130)
	at gov.nasa.jpf.symbc.numeric.PCParser.getExpression(PCParser.java:126)
	at gov.nasa.jpf.symbc.numeric.PCParser.getExpression(PCParser.java:130)
	at gov.nasa.jpf.symbc.numeric.PCParser.getExpression(PCParser.java:126)
	at gov.nasa.jpf.symbc.numeric.PCParser.getExpression(PCParser.java:130)
	at gov.nasa.jpf.symbc.numeric.PCParser.getExpression(PCParser.java:126)
	at gov.nasa.jpf.symbc.numeric.PCParser.getExpression(PCParser.java:130)
	at gov.nasa.jpf.symbc.numeric.PCParser.getExpression(PCParser.java:126)
	at gov.nasa.jpf.symbc.numeric.PCParser.getExpression(PCParser.java:130)
	at gov.nasa.jpf.symbc.numeric.PCParser.getExpression(PCParser.java:126)
	at gov.nasa.jpf.symbc.numeric.PCParser.getExpression(PCParser.java:130)
	at gov.nasa.jpf.symbc.numeric.PCParser.getExpression(PCParser.java:126)
	at gov.nasa.jpf.symbc.numeric.PCParser.getExpression(PCParser.java:130)
	at gov.nasa.jpf.symbc.numeric.PCParser.getExpression(PCParser.java:126)
	at gov.nasa.jpf.symbc.numeric.PCParser.getExpression(PCParser.java:130)
	at gov.nasa.jpf.symbc.numeric.PCParser.getExpression(PCParser.java:126)
	at gov.nasa.jpf.symbc.numeric.PCParser.getExpression(PCParser.java:130)
	at gov.nasa.jpf.symbc.numeric.PCParser.getExpression(PCParser.java:126)
	at gov.nasa.jpf.symbc.numeric.PCParser.getExpression(PCParser.java:130)
	at gov.nasa.jpf.symbc.numeric.PCParser.getExpression(PCParser.java:126)
	at gov.nasa.jpf.symbc.numeric.PCParser.getExpression(PCParser.java:130)
	at gov.nasa.jpf.symbc.numeric.PCParser.getExpression(PCParser.java:126)
	at gov.nasa.jpf.symbc.numeric.PCParser.getExpression(PCParser.java:130)
	at gov.nasa.jpf.symbc.numeric.PCParser.getExpression(PCParser.java:126)
	at gov.nasa.jpf.symbc.numeric.PCParser.getExpression(PCParser.java:130)
	at gov.nasa.jpf.symbc.numeric.PCParser.getExpression(PCParser.java:126)
	at gov.nasa.jpf.symbc.numeric.PCParser.getExpression(PCParser.java:130)
	at gov.nasa.jpf.symbc.numeric.PCParser.getExpression(PCParser.java:126)
	at gov.nasa.jpf.symbc.numeric.PCParser.getExpression(PCParser.java:130)
	at gov.nasa.jpf.symbc.numeric.PCParser.getExpression(PCParser.java:126)
	at gov.nasa.jpf.symbc.numeric.PCParser.getExpression(PCParser.java:130)
	at gov.nasa.jpf.symbc.numeric.PCParser.getExpression(PCParser.java:126)
	at gov.nasa.jpf.symbc.numeric.PCParser.getExpression(PCParser.java:130)
	at gov.nasa.jpf.symbc.numeric.PCParser.getExpression(PCParser.java:126)
	at gov.nasa.jpf.symbc.numeric.PCParser.getExpression(PCParser.java:130)
	at gov.nasa.jpf.symbc.numeric.PCParser.getExpression(PCParser.java:126)
	at gov.nasa.jpf.symbc.numeric.PCParser.getExpression(PCParser.java:130)
	at gov.nasa.jpf.symbc.numeric.PCParser.getExpression(PCParser.java:126)
	at gov.nasa.jpf.symbc.numeric.PCParser.getExpression(PCParser.java:130)
	at gov.nasa.jpf.symbc.numeric.PCParser.getExpression(PCParser.java:126)
	at gov.nasa.jpf.symbc.numeric.PCParser.getExpression(PCParser.java:130)
	at gov.nasa.jpf.symbc.numeric.PCParser.getExpression(PCParser.java:126)
	at gov.nasa.jpf.symbc.numeric.PCParser.getExpression(PCParser.java:130)
	at gov.nasa.jpf.symbc.numeric.PCParser.getExpression(PCParser.java:126)
	at gov.nasa.jpf.symbc.numeric.PCParser.getExpression(PCParser.java:130)
	at gov.nasa.jpf.symbc.numeric.PCParser.getExpression(PCParser.java:126)
	at gov.nasa.jpf.symbc.numeric.PCParser.getExpression(PCParser.java:130)
	at gov.nasa.jpf.symbc.numeric.PCParser.getExpression(PCParser.java:126)
	at gov.nasa.jpf.symbc.numeric.PCParser.getExpression(PCParser.java:130)
	at gov.nasa.jpf.symbc.numeric.PCParser.getExpression(PCParser.java:126)
	at gov.nasa.jpf.symbc.numeric.PCParser.getExpression(PCParser.java:130)
	at gov.nasa.jpf.symbc.numeric.PCParser.getExpression(PCParser.java:126)
	at gov.nasa.jpf.symbc.numeric.PCParser.getExpression(PCParser.java:130)
	at gov.nasa.jpf.symbc.numeric.PCParser.getExpression(PCParser.java:126)
	at gov.nasa.jpf.symbc.numeric.PCParser.getExpression(PCParser.java:130)
	at gov.nasa.jpf.symbc.numeric.PCParser.getExpression(PCParser.java:126)
	at gov.nasa.jpf.symbc.numeric.PCParser.getExpression(PCParser.java:130)
	at gov.nasa.jpf.symbc.numeric.PCParser.getExpression(PCParser.java:126)
	at gov.nasa.jpf.symbc.numeric.PCParser.getExpression(PCParser.java:130)
	at gov.nasa.jpf.symbc.numeric.PCParser.getExpression(PCParser.java:126)
	at gov.nasa.jpf.symbc.numeric.PCParser.getExpression(PCParser.java:130)
	at gov.nasa.jpf.symbc.numeric.PCParser.getExpression(PCParser.java:126)
	at gov.nasa.jpf.symbc.numeric.PCParser.getExpression(PCParser.java:130)
	at gov.nasa.jpf.symbc.numeric.PCParser.getExpression(PCParser.java:126)
	at gov.nasa.jpf.symbc.numeric.PCParser.getExpression(PCParser.java:130)
	at gov.nasa.jpf.symbc.numeric.PCParser.getExpression(PCParser.java:126)
	at gov.nasa.jpf.symbc.numeric.PCParser.getExpression(PCParser.java:130)
	at gov.nasa.jpf.symbc.numeric.PCParser.getExpression(PCParser.java:126)
	at gov.nasa.jpf.symbc.numeric.PCParser.getExpression(PCParser.java:130)
	at gov.nasa.jpf.symbc.numeric.PCParser.getExpression(PCParser.java:126)
	at gov.nasa.jpf.symbc.numeric.PCParser.getExpression(PCParser.java:130)
	at gov.nasa.jpf.symbc.numeric.PCParser.getExpression(PCParser.java:126)
	at gov.nasa.jpf.symbc.numeric.PCParser.getExpression(PCParser.java:130)
	at gov.nasa.jpf.symbc.numeric.PCParser.getExpression(PCParser.java:126)
	at gov.nasa.jpf.symbc.numeric.PCParser.getExpression(PCParser.java:130)
	at gov.nasa.jpf.symbc.numeric.PCParser.getExpression(PCParser.java:126)
	at gov.nasa.jpf.symbc.numeric.PCParser.getExpression(PCParser.java:130)
	at gov.nasa.jpf.symbc.numeric.PCParser.getExpression(PCParser.java:126)
	at gov.nasa.jpf.symbc.numeric.PCParser.getExpression(PCParser.java:130)
	at gov.nasa.jpf.symbc.numeric.PCParser.getExpression(PCParser.java:126)
	at gov.nasa.jpf.symbc.numeric.PCParser.getExpression(PCParser.java:130)
	at gov.nasa.jpf.symbc.numeric.PCParser.getExpression(PCParser.java:126)
	at gov.nasa.jpf.symbc.numeric.PCParser.getExpression(PCParser.java:130)
	at gov.nasa.jpf.symbc.numeric.PCParser.getExpression(PCParser.java:126)
	at gov.nasa.jpf.symbc.numeric.PCParser.getExpression(PCParser.java:130)
	at gov.nasa.jpf.symbc.numeric.PCParser.getExpression(PCParser.java:126)
	at gov.nasa.jpf.symbc.numeric.PCParser.getExpression(PCParser.java:130)
	at gov.nasa.jpf.symbc.numeric.PCParser.getExpression(PCParser.java:126)
	at gov.nasa.jpf.symbc.numeric.PCParser.getExpression(PCParser.java:130)
	at gov.nasa.jpf.symbc.numeric.PCParser.getExpression(PCParser.java:126)
	at gov.nasa.jpf.symbc.numeric.PCParser.getExpression(PCParser.java:130)
	at gov.nasa.jpf.symbc.numeric.PCParser.getExpression(PCParser.java:126)
	at gov.nasa.jpf.symbc.numeric.PCParser.getExpression(PCParser.java:130)
	at gov.nasa.jpf.symbc.numeric.PCParser.getExpression(PCParser.java:126)
	at gov.nasa.jpf.symbc.numeric.PCParser.getExpression(PCParser.java:130)
	at gov.nasa.jpf.symbc.numeric.PCParser.getExpression(PCParser.java:126)
	at gov.nasa.jpf.symbc.numeric.PCParser.getExpression(PCParser.java:130)
	at gov.nasa.jpf.symbc.numeric.PCParser.getExpression(PCParser.java:126)
	at gov.nasa.jpf.symbc.numeric.PCParser.getExpression(PCParser.java:130)
	at gov.nasa.jpf.symbc.numeric.PCParser.getExpression(PCParser.java:126)
	at gov.nasa.jpf.symbc.numeric.PCParser.getExpression(PCParser.java:130)
	at gov.nasa.jpf.symbc.numeric.PCParser.getExpression(PCParser.java:126)
	at gov.nasa.jpf.symbc.numeric.PCParser.getExpression(PCParser.java:130)
	at gov.nasa.jpf.symbc.numeric.PCParser.getExpression(PCParser.java:126)
	at gov.nasa.jpf.symbc.numeric.PCParser.getExpression(PCParser.java:130)
	at gov.nasa.jpf.symbc.numeric.PCParser.getExpression(PCParser.java:126)
	at gov.nasa.jpf.symbc.numeric.PCParser.getExpression(PCParser.java:130)
	at gov.nasa.jpf.symbc.numeric.PCParser.getExpression(PCParser.java:126)
	at gov.nasa.jpf.symbc.numeric.PCParser.getExpression(PCParser.java:130)
	at gov.nasa.jpf.symbc.numeric.PCParser.getExpression(PCParser.java:126)
	at gov.nasa.jpf.symbc.numeric.PCParser.getExpression(PCParser.java:130)
	at gov.nasa.jpf.symbc.numeric.PCParser.getExpression(PCParser.java:126)
	at gov.nasa.jpf.symbc.numeric.PCParser.getExpression(PCParser.java:130)
	at gov.nasa.jpf.symbc.numeric.PCParser.getExpression(PCParser.java:126)
	at gov.nasa.jpf.symbc.numeric.PCParser.getExpression(PCParser.java:130)
	at gov.nasa.jpf.symbc.numeric.PCParser.getExpression(PCParser.java:126)
	at gov.nasa.jpf.symbc.numeric.PCParser.getExpression(PCParser.java:130)
	at gov.nasa.jpf.symbc.numeric.PCParser.getExpression(PCParser.java:126)
	at gov.nasa.jpf.symbc.numeric.PCParser.getExpression(PCParser.java:130)
	at gov.nasa.jpf.symbc.numeric.PCParser.getExpression(PCParser.java:126)
	at gov.nasa.jpf.symbc.numeric.PCParser.getExpression(PCParser.java:130)
	at gov.nasa.jpf.symbc.numeric.PCParser.getExpression(PCParser.java:126)
	at gov.nasa.jpf.symbc.numeric.PCParser.getExpression(PCParser.java:130)
	at gov.nasa.jpf.symbc.numeric.PCParser.getExpression(PCParser.java:126)
	at gov.nasa.jpf.symbc.numeric.PCParser.getExpression(PCParser.java:130)
	at gov.nasa.jpf.symbc.numeric.PCParser.getExpression(PCParser.java:126)
	at gov.nasa.jpf.symbc.numeric.PCParser.getExpression(PCParser.java:130)
	at gov.nasa.jpf.symbc.numeric.PCParser.getExpression(PCParser.java:126)
	at gov.nasa.jpf.symbc.numeric.PCParser.getExpression(PCParser.java:130)
	at gov.nasa.jpf.symbc.numeric.PCParser.getExpression(PCParser.java:126)
	at gov.nasa.jpf.symbc.numeric.PCParser.getExpression(PCParser.java:130)
	at gov.nasa.jpf.symbc.numeric.PCParser.getExpression(PCParser.java:126)
	at gov.nasa.jpf.symbc.numeric.PCParser.getExpression(PCParser.java:130)
	at gov.nasa.jpf.symbc.numeric.PCParser.getExpression(PCParser.java:126)
	at gov.nasa.jpf.symbc.numeric.PCParser.getExpression(PCParser.java:130)
	at gov.nasa.jpf.symbc.numeric.PCParser.getExpression(PCParser.java:126)
	at gov.nasa.jpf.symbc.numeric.PCParser.getExpression(PCParser.java:130)
	at gov.nasa.jpf.symbc.numeric.PCParser.getExpression(PCParser.java:126)
	at gov.nasa.jpf.symbc.numeric.PCParser.getExpression(PCParser.java:130)
	at gov.nasa.jpf.symbc.numeric.PCParser.getExpression(PCParser.java:126)
	at gov.nasa.jpf.symbc.numeric.PCParser.getExpression(PCParser.java:130)
	at gov.nasa.jpf.symbc.numeric.PCParser.getExpression(PCParser.java:126)
	at gov.nasa.jpf.symbc.numeric.PCParser.getExpression(PCParser.java:130)
	at gov.nasa.jpf.symbc.numeric.PCParser.getExpression(PCParser.java:126)
	at gov.nasa.jpf.symbc.numeric.PCParser.getExpression(PCParser.java:130)
	at gov.nasa.jpf.symbc.numeric.PCParser.getExpression(PCParser.java:126)
	at gov.nasa.jpf.symbc.numeric.PCParser.getExpression(PCParser.java:130)
	at gov.nasa.jpf.symbc.numeric.PCParser.getExpression(PCParser.java:126)
	at gov.nasa.jpf.symbc.numeric.PCParser.getExpression(PCParser.java:130)
	at gov.nasa.jpf.symbc.numeric.PCParser.getExpression(PCParser.java:126)
	at gov.nasa.jpf.symbc.numeric.PCParser.getExpression(PCParser.java:130)
	at gov.nasa.jpf.symbc.numeric.PCParser.getExpression(PCParser.java:126)
	at gov.nasa.jpf.symbc.numeric.PCParser.getExpression(PCParser.java:130)
	at gov.nasa.jpf.symbc.numeric.PCParser.getExpression(PCParser.java:126)
	at gov.nasa.jpf.symbc.numeric.PCParser.getExpression(PCParser.java:130)
	at gov.nasa.jpf.symbc.numeric.PCParser.getExpression(PCParser.java:126)
	at gov.nasa.jpf.symbc.numeric.PCParser.getExpression(PCParser.java:130)
	at gov.nasa.jpf.symbc.numeric.PCParser.getExpression(PCParser.java:126)
	at gov.nasa.jpf.symbc.numeric.PCParser.getExpression(PCParser.java:130)
	at gov.nasa.jpf.symbc.numeric.PCParser.getExpression(PCParser.java:126)
	at gov.nasa.jpf.symbc.numeric.PCParser.getExpression(PCParser.java:130)
	at gov.nasa.jpf.symbc.numeric.PCParser.getExpression(PCParser.java:126)
	at gov.nasa.jpf.symbc.numeric.PCParser.getExpression(PCParser.java:130)
	at gov.nasa.jpf.symbc.numeric.PCParser.getExpression(PCParser.java:126)
	at gov.nasa.jpf.symbc.numeric.PCParser.getExpression(PCParser.java:130)
	at gov.nasa.jpf.symbc.numeric.PCParser.getExpression(PCParser.java:126)
	at gov.nasa.jpf.symbc.numeric.PCParser.getExpression(PCParser.java:130)
	at gov.nasa.jpf.symbc.numeric.PCParser.getExpression(PCParser.java:126)
	at gov.nasa.jpf.symbc.numeric.PCParser.getExpression(PCParser.java:130)
	at gov.nasa.jpf.symbc.numeric.PCParser.getExpression(PCParser.java:126)
	at gov.nasa.jpf.symbc.numeric.PCParser.getExpression(PCParser.java:130)
	at gov.nasa.jpf.symbc.numeric.PCParser.getExpression(PCParser.java:126)
	at gov.nasa.jpf.symbc.numeric.PCParser.getExpression(PCParser.java:130)
	at gov.nasa.jpf.symbc.numeric.PCParser.getExpression(PCParser.java:126)
	at gov.nasa.jpf.symbc.numeric.PCParser.getExpression(PCParser.java:130)
	at gov.nasa.jpf.symbc.numeric.PCParser.getExpression(PCParser.java:126)
	at gov.nasa.jpf.symbc.numeric.PCParser.getExpression(PCParser.java:130)
	at gov.nasa.jpf.symbc.numeric.PCParser.getExpression(PCParser.java:126)
	at gov.nasa.jpf.symbc.numeric.PCParser.getExpression(PCParser.java:130)
	at gov.nasa.jpf.symbc.numeric.PCParser.getExpression(PCParser.java:126)
	at gov.nasa.jpf.symbc.numeric.PCParser.getExpression(PCParser.java:130)
	at gov.nasa.jpf.symbc.numeric.PCParser.getExpression(PCParser.java:126)
	at gov.nasa.jpf.symbc.numeric.PCParser.getExpression(PCParser.java:130)
	at gov.nasa.jpf.symbc.numeric.PCParser.getExpression(PCParser.java:126)
	at gov.nasa.jpf.symbc.numeric.PCParser.getExpression(PCParser.java:130)
	at gov.nasa.jpf.symbc.numeric.PCParser.getExpression(PCParser.java:126)
	at gov.nasa.jpf.symbc.numeric.PCParser.getExpression(PCParser.java:130)
	at gov.nasa.jpf.symbc.numeric.PCParser.getExpression(PCParser.java:126)
	at gov.nasa.jpf.symbc.numeric.PCParser.getExpression(PCParser.java:130)
	at gov.nasa.jpf.symbc.numeric.PCParser.getExpression(PCParser.java:126)
	at gov.nasa.jpf.symbc.numeric.PCParser.getExpression(PCParser.java:130)
	at gov.nasa.jpf.symbc.numeric.PCParser.getExpression(PCParser.java:126)
	at gov.nasa.jpf.symbc.numeric.PCParser.getExpression(PCParser.java:130)
	at gov.nasa.jpf.symbc.numeric.PCParser.getExpression(PCParser.java:126)
	at gov.nasa.jpf.symbc.numeric.PCParser.getExpression(PCParser.java:130)
	at gov.nasa.jpf.symbc.numeric.PCParser.getExpression(PCParser.java:126)
	at gov.nasa.jpf.symbc.numeric.PCParser.getExpression(PCParser.java:130)
	at gov.nasa.jpf.symbc.numeric.PCParser.getExpression(PCParser.java:126)
	at gov.nasa.jpf.symbc.numeric.PCParser.getExpression(PCParser.java:130)
	at gov.nasa.jpf.symbc.numeric.PCParser.getExpression(PCParser.java:126)
	at gov.nasa.jpf.symbc.numeric.PCParser.getExpression(PCParser.java:130)
	at gov.nasa.jpf.symbc.numeric.PCParser.getExpression(PCParser.java:126)
	at gov.nasa.jpf.symbc.numeric.PCParser.getExpression(PCParser.java:130)
	at gov.nasa.jpf.symbc.numeric.PCParser.getExpression(PCParser.java:126)
	at gov.nasa.jpf.symbc.numeric.PCParser.getExpression(PCParser.java:130)
	at gov.nasa.jpf.symbc.numeric.PCParser.getExpression(PCParser.java:126)
	at gov.nasa.jpf.symbc.numeric.PCParser.getExpression(PCParser.java:130)
	at gov.nasa.jpf.symbc.numeric.PCParser.getExpression(PCParser.java:126)
	at gov.nasa.jpf.symbc.numeric.PCParser.getExpression(PCParser.java:130)
	at gov.nasa.jpf.symbc.numeric.PCParser.getExpression(PCParser.java:126)
	at gov.nasa.jpf.symbc.numeric.PCParser.getExpression(PCParser.java:130)
	at gov.nasa.jpf.symbc.numeric.PCParser.getExpression(PCParser.java:126)
	at gov.nasa.jpf.symbc.numeric.PCParser.getExpression(PCParser.java:130)
	at gov.nasa.jpf.symbc.numeric.PCParser.getExpression(PCParser.java:126)
	at gov.nasa.jpf.symbc.numeric.PCParser.getExpression(PCParser.java:130)
	at gov.nasa.jpf.symbc.numeric.PCParser.getExpression(PCParser.java:126)
	at gov.nasa.jpf.symbc.numeric.PCParser.getExpression(PCParser.java:130)
	at gov.nasa.jpf.symbc.numeric.PCParser.getExpression(PCParser.java:126)
	at gov.nasa.jpf.symbc.numeric.PCParser.getExpression(PCParser.java:130)
	at gov.nasa.jpf.symbc.numeric.PCParser.getExpression(PCParser.java:126)
	at gov.nasa.jpf.symbc.numeric.PCParser.getExpression(PCParser.java:130)
	at gov.nasa.jpf.symbc.numeric.PCParser.getExpression(PCParser.java:126)
	at gov.nasa.jpf.symbc.numeric.PCParser.getExpression(PCParser.java:130)
	at gov.nasa.jpf.symbc.numeric.PCParser.getExpression(PCParser.java:126)
	at gov.nasa.jpf.symbc.numeric.PCParser.getExpression(PCParser.java:130)
	at gov.nasa.jpf.symbc.numeric.PCParser.getExpression(PCParser.java:126)
	at gov.nasa.jpf.symbc.numeric.PCParser.getExpression(PCParser.java:130)
	at gov.nasa.jpf.symbc.numeric.PCParser.getExpression(PCParser.java:126)
	at gov.nasa.jpf.symbc.numeric.PCParser.getExpression(PCParser.java:130)
	at gov.nasa.jpf.symbc.numeric.PCParser.getExpression(PCParser.java:126)
	at gov.nasa.jpf.symbc.numeric.PCParser.getExpression(PCParser.java:130)
	at gov.nasa.jpf.symbc.numeric.PCParser.getExpression(PCParser.java:126)
	at gov.nasa.jpf.symbc.numeric.PCParser.getExpression(PCParser.java:130)
	at gov.nasa.jpf.symbc.numeric.PCParser.getExpression(PCParser.java:126)
	at gov.nasa.jpf.symbc.numeric.PCParser.getExpression(PCParser.java:130)
	at gov.nasa.jpf.symbc.numeric.PCParser.getExpression(PCParser.java:126)
	at gov.nasa.jpf.symbc.numeric.PCParser.getExpression(PCParser.java:130)
	at gov.nasa.jpf.symbc.numeric.PCParser.getExpression(PCParser.java:126)
	at gov.nasa.jpf.symbc.numeric.PCParser.getExpression(PCParser.java:130)
	at gov.nasa.jpf.symbc.numeric.PCParser.getExpression(PCParser.java:126)
	at gov.nasa.jpf.symbc.numeric.PCParser.getExpression(PCParser.java:130)
	at gov.nasa.jpf.symbc.numeric.PCParser.getExpression(PCParser.java:126)
	at gov.nasa.jpf.symbc.numeric.PCParser.getExpression(PCParser.java:130)
	at gov.nasa.jpf.symbc.numeric.PCParser.getExpression(PCParser.java:126)
	at gov.nasa.jpf.symbc.numeric.PCParser.getExpression(PCParser.java:130)
	at gov.nasa.jpf.symbc.numeric.PCParser.getExpression(PCParser.java:126)
	at gov.nasa.jpf.symbc.numeric.PCParser.getExpression(PCParser.java:130)
	at gov.nasa.jpf.symbc.numeric.PCParser.getExpression(PCParser.java:126)
	at gov.nasa.jpf.symbc.numeric.PCParser.getExpression(PCParser.java:130)
	at gov.nasa.jpf.symbc.numeric.PCParser.getExpression(PCParser.java:126)
	at gov.nasa.jpf.symbc.numeric.PCParser.getExpression(PCParser.java:130)
	at gov.nasa.jpf.symbc.numeric.PCParser.getExpression(PCParser.java:126)
	at gov.nasa.jpf.symbc.numeric.PCParser.getExpression(PCParser.java:130)
	at gov.nasa.jpf.symbc.numeric.PCParser.getExpression(PCParser.java:126)
	at gov.nasa.jpf.symbc.numeric.PCParser.getExpression(PCParser.java:130)
	at gov.nasa.jpf.symbc.numeric.PCParser.getExpression(PCParser.java:126)
	at gov.nasa.jpf.symbc.numeric.PCParser.getExpression(PCParser.java:130)
	at gov.nasa.jpf.symbc.numeric.PCParser.getExpression(PCParser.java:126)
	at gov.nasa.jpf.symbc.numeric.PCParser.getExpression(PCParser.java:130)
	at gov.nasa.jpf.symbc.numeric.PCParser.getExpression(PCParser.java:126)
	at gov.nasa.jpf.symbc.numeric.PCParser.getExpression(PCParser.java:130)
	at gov.nasa.jpf.symbc.numeric.PCParser.getExpression(PCParser.java:126)
	at gov.nasa.jpf.symbc.numeric.PCParser.getExpression(PCParser.java:130)
	at gov.nasa.jpf.symbc.numeric.PCParser.getExpression(PCParser.java:126)
	at gov.nasa.jpf.symbc.numeric.PCParser.getExpression(PCParser.java:130)
	at gov.nasa.jpf.symbc.numeric.PCParser.getExpression(PCParser.java:126)
	at gov.nasa.jpf.symbc.numeric.PCParser.getExpression(PCParser.java:130)
	at gov.nasa.jpf.symbc.numeric.PCParser.getExpression(PCParser.java:126)
	at gov.nasa.jpf.symbc.numeric.PCParser.getExpression(PCParser.java:130)
	at gov.nasa.jpf.symbc.numeric.PCParser.getExpression(PCParser.java:126)
	at gov.nasa.jpf.symbc.numeric.PCParser.getExpression(PCParser.java:130)
	at gov.nasa.jpf.symbc.numeric.PCParser.getExpression(PCParser.java:126)
	at gov.nasa.jpf.symbc.numeric.PCParser.getExpression(PCParser.java:130)
	at gov.nasa.jpf.symbc.numeric.PCParser.getExpression(PCParser.java:126)
	at gov.nasa.jpf.symbc.numeric.PCParser.getExpression(PCParser.java:130)
	at gov.nasa.jpf.symbc.numeric.PCParser.getExpression(PCParser.java:126)
	at gov.nasa.jpf.symbc.numeric.PCParser.getExpression(PCParser.java:130)
	at gov.nasa.jpf.symbc.numeric.PCParser.getExpression(PCParser.java:126)
	at gov.nasa.jpf.symbc.numeric.PCParser.getExpression(PCParser.java:130)
	at gov.nasa.jpf.symbc.numeric.PCParser.getExpression(PCParser.java:126)
	at gov.nasa.jpf.symbc.numeric.PCParser.getExpression(PCParser.java:130)
	at gov.nasa.jpf.symbc.numeric.PCParser.getExpression(PCParser.java:126)
	at gov.nasa.jpf.symbc.numeric.PCParser.getExpression(PCParser.java:130)
	at gov.nasa.jpf.symbc.numeric.PCParser.getExpression(PCParser.java:126)
	at gov.nasa.jpf.symbc.numeric.PCParser.getExpression(PCParser.java:130)
	at gov.nasa.jpf.symbc.numeric.PCParser.getExpression(PCParser.java:126)
	at gov.nasa.jpf.symbc.numeric.PCParser.getExpression(PCParser.java:130)
	at gov.nasa.jpf.symbc.numeric.PCParser.getExpression(PCParser.java:126)
	at gov.nasa.jpf.symbc.numeric.PCParser.getExpression(PCParser.java:130)
	at gov.nasa.jpf.symbc.numeric.PCParser.getExpression(PCParser.java:126)
	at gov.nasa.jpf.symbc.numeric.PCParser.getExpression(PCParser.java:130)
	at gov.nasa.jpf.symbc.numeric.PCParser.getExpression(PCParser.java:126)
	at gov.nasa.jpf.symbc.numeric.PCParser.getExpression(PCParser.java:130)
	at gov.nasa.jpf.symbc.numeric.PCParser.getExpression(PCParser.java:126)
	at gov.nasa.jpf.symbc.numeric.PCParser.getExpression(PCParser.java:130)
	at gov.nasa.jpf.symbc.numeric.PCParser.getExpression(PCParser.java:126)
	at gov.nasa.jpf.symbc.numeric.PCParser.getExpression(PCParser.java:130)
	at gov.nasa.jpf.symbc.numeric.PCParser.getExpression(PCParser.java:126)
	at gov.nasa.jpf.symbc.numeric.PCParser.getExpression(PCParser.java:130)
	at gov.nasa.jpf.symbc.numeric.PCParser.getExpression(PCParser.java:126)
	at gov.nasa.jpf.symbc.numeric.PCParser.getExpression(PCParser.java:130)
	at gov.nasa.jpf.symbc.numeric.PCParser.getExpression(PCParser.java:126)
	at gov.nasa.jpf.symbc.numeric.PCParser.getExpression(PCParser.java:130)
	at gov.nasa.jpf.symbc.numeric.PCParser.getExpression(PCParser.java:126)
	at gov.nasa.jpf.symbc.numeric.PCParser.getExpression(PCParser.java:130)
	at gov.nasa.jpf.symbc.numeric.PCParser.getExpression(PCParser.java:126)
	at gov.nasa.jpf.symbc.numeric.PCParser.getExpression(PCParser.java:130)
	at gov.nasa.jpf.symbc.numeric.PCParser.getExpression(PCParser.java:126)
	at gov.nasa.jpf.symbc.numeric.PCParser.getExpression(PCParser.java:130)
	at gov.nasa.jpf.symbc.numeric.PCParser.getExpression(PCParser.java:126)
	at gov.nasa.jpf.symbc.numeric.PCParser.getExpression(PCParser.java:130)
	at gov.nasa.jpf.symbc.numeric.PCParser.getExpression(PCParser.java:126)
	at gov.nasa.jpf.symbc.numeric.PCParser.getExpression(PCParser.java:130)
	at gov.nasa.jpf.symbc.numeric.PCParser.getExpression(PCParser.java:126)
	at gov.nasa.jpf.symbc.numeric.PCParser.getExpression(PCParser.java:130)
	at gov.nasa.jpf.symbc.numeric.PCParser.getExpression(PCParser.java:126)
	at gov.nasa.jpf.symbc.numeric.PCParser.getExpression(PCParser.java:130)
	at gov.nasa.jpf.symbc.numeric.PCParser.getExpression(PCParser.java:126)
	at gov.nasa.jpf.symbc.numeric.PCParser.getExpression(PCParser.java:130)
	at gov.nasa.jpf.symbc.numeric.PCParser.getExpression(PCParser.java:126)
	at gov.nasa.jpf.symbc.numeric.PCParser.getExpression(PCParser.java:130)
	at gov.nasa.jpf.symbc.numeric.PCParser.getExpression(PCParser.java:126)
	at gov.nasa.jpf.symbc.numeric.PCParser.getExpression(PCParser.java:130)
	at gov.nasa.jpf.symbc.numeric.PCParser.getExpression(PCParser.java:126)
	at gov.nasa.jpf.symbc.numeric.PCParser.getExpression(PCParser.java:130)
	at gov.nasa.jpf.symbc.numeric.PCParser.getExpression(PCParser.java:126)
	at gov.nasa.jpf.symbc.numeric.PCParser.getExpression(PCParser.java:130)
	at gov.nasa.jpf.symbc.numeric.PCParser.getExpression(PCParser.java:126)
	at gov.nasa.jpf.symbc.numeric.PCParser.getExpression(PCParser.java:130)
	at gov.nasa.jpf.symbc.numeric.PCParser.getExpression(PCParser.java:126)
	at gov.nasa.jpf.symbc.numeric.PCParser.getExpression(PCParser.java:130)
	at gov.nasa.jpf.symbc.numeric.PCParser.getExpression(PCParser.java:126)
	at gov.nasa.jpf.symbc.numeric.PCParser.getExpression(PCParser.java:130)
	at gov.nasa.jpf.symbc.numeric.PCParser.getExpression(PCParser.java:126)
	at gov.nasa.jpf.symbc.numeric.PCParser.getExpression(PCParser.java:130)
	at gov.nasa.jpf.symbc.numeric.PCParser.getExpression(PCParser.java:126)
	at gov.nasa.jpf.symbc.numeric.PCParser.getExpression(PCParser.java:130)
	at gov.nasa.jpf.symbc.numeric.PCParser.getExpression(PCParser.java:126)
	at gov.nasa.jpf.symbc.numeric.PCParser.getExpression(PCParser.java:130)
	at gov.nasa.jpf.symbc.numeric.PCParser.getExpression(PCParser.java:126)
	at gov.nasa.jpf.symbc.numeric.PCParser.getExpression(PCParser.java:130)
	at gov.nasa.jpf.symbc.numeric.PCParser.getExpression(PCParser.java:126)
	at gov.nasa.jpf.symbc.numeric.PCParser.getExpression(PCParser.java:130)
	at gov.nasa.jpf.symbc.numeric.PCParser.getExpression(PCParser.java:126)
	at gov.nasa.jpf.symbc.numeric.PCParser.getExpression(PCParser.java:130)
	at gov.nasa.jpf.symbc.numeric.PCParser.getExpression(PCParser.java:126)
	at gov.nasa.jpf.symbc.numeric.PCParser.getExpression(PCParser.java:130)
	at gov.nasa.jpf.symbc.numeric.PCParser.getExpression(PCParser.java:126)
	at gov.nasa.jpf.symbc.numeric.PCParser.getExpression(PCParser.java:130)
	at gov.nasa.jpf.symbc.numeric.PCParser.getExpression(PCParser.java:126)
	at gov.nasa.jpf.symbc.numeric.PCParser.getExpression(PCParser.java:130)
	at gov.nasa.jpf.symbc.numeric.PCParser.getExpression(PCParser.java:126)
	at gov.nasa.jpf.symbc.numeric.PCParser.getExpression(PCParser.java:130)
	at gov.nasa.jpf.symbc.numeric.PCParser.getExpression(PCParser.java:126)
	at gov.nasa.jpf.symbc.numeric.PCParser.getExpression(PCParser.java:130)
	at gov.nasa.jpf.symbc.numeric.PCParser.getExpression(PCParser.java:126)
	at gov.nasa.jpf.symbc.numeric.PCParser.getExpression(PCParser.java:130)
	at gov.nasa.jpf.symbc.numeric.PCParser.getExpression(PCParser.java:126)
	at gov.nasa.jpf.symbc.numeric.PCParser.getExpression(PCParser.java:130)
	at gov.nasa.jpf.symbc.numeric.PCParser.getExpression(PCParser.java:126)
	at gov.nasa.jpf.symbc.numeric.PCParser.getExpression(PCParser.java:130)
	at gov.nasa.jpf.symbc.numeric.PCParser.getExpression(PCParser.java:126)
	at gov.nasa.jpf.symbc.numeric.PCParser.getExpression(PCParser.java:130)
	at gov.nasa.jpf.symbc.numeric.PCParser.getExpression(PCParser.java:126)
	at gov.nasa.jpf.symbc.numeric.PCParser.getExpression(PCParser.java:130)
	at gov.nasa.jpf.symbc.numeric.PCParser.getExpression(PCParser.java:126)
	at gov.nasa.jpf.symbc.numeric.PCParser.getExpression(PCParser.java:130)
	at gov.nasa.jpf.symbc.numeric.PCParser.getExpression(PCParser.java:126)
	at gov.nasa.jpf.symbc.numeric.PCParser.getExpression(PCParser.java:130)
	at gov.nasa.jpf.symbc.numeric.PCParser.getExpression(PCParser.java:126)
	at gov.nasa.jpf.symbc.numeric.PCParser.getExpression(PCParser.java:130)
	at gov.nasa.jpf.symbc.numeric.PCParser.getExpression(PCParser.java:126)
	at gov.nasa.jpf.symbc.numeric.PCParser.getExpression(PCParser.java:130)
	at gov.nasa.jpf.symbc.numeric.PCParser.getExpression(PCParser.java:126)
	at gov.nasa.jpf.symbc.numeric.PCParser.getExpression(PCParser.java:130)
	at gov.nasa.jpf.symbc.numeric.PCParser.getExpression(PCParser.java:126)
	at gov.nasa.jpf.symbc.numeric.PCParser.getExpression(PCParser.java:130)
	at gov.nasa.jpf.symbc.numeric.PCParser.getExpression(PCParser.java:126)
	at gov.nasa.jpf.symbc.numeric.PCParser.getExpression(PCParser.java:130)
	at gov.nasa.jpf.symbc.numeric.PCParser.getExpression(PCParser.java:126)
	at gov.nasa.jpf.symbc.numeric.PCParser.getExpression(PCParser.java:130)
	at gov.nasa.jpf.symbc.numeric.PCParser.getExpression(PCParser.java:126)
	at gov.nasa.jpf.symbc.numeric.PCParser.getExpression(PCParser.java:130)
	at gov.nasa.jpf.symbc.numeric.PCParser.getExpression(PCParser.java:126)
	at gov.nasa.jpf.symbc.numeric.PCParser.getExpression(PCParser.java:130)
	at gov.nasa.jpf.symbc.numeric.PCParser.getExpression(PCParser.java:126)
	at gov.nasa.jpf.symbc.numeric.PCParser.getExpression(PCParser.java:130)
	at gov.nasa.jpf.symbc.numeric.PCParser.getExpression(PCParser.java:126)
	at gov.nasa.jpf.symbc.numeric.PCParser.getExpression(PCParser.java:130)
	at gov.nasa.jpf.symbc.numeric.PCParser.getExpression(PCParser.java:126)
	at gov.nasa.jpf.symbc.numeric.PCParser.getExpression(PCParser.java:130)
	at gov.nasa.jpf.symbc.numeric.PCParser.getExpression(PCParser.java:126)
	at gov.nasa.jpf.symbc.numeric.PCParser.getExpression(PCParser.java:130)
	at gov.nasa.jpf.symbc.numeric.PCParser.getExpression(PCParser.java:126)
	at gov.nasa.jpf.symbc.numeric.PCParser.getExpression(PCParser.java:130)
	at gov.nasa.jpf.symbc.numeric.PCParser.getExpression(PCParser.java:126)
	at gov.nasa.jpf.symbc.numeric.PCParser.getExpression(PCParser.java:130)
	at gov.nasa.jpf.symbc.numeric.PCParser.getExpression(PCParser.java:126)
	at gov.nasa.jpf.symbc.numeric.PCParser.getExpression(PCParser.java:130)
	at gov.nasa.jpf.symbc.numeric.PCParser.getExpression(PCParser.java:126)
	at gov.nasa.jpf.symbc.numeric.PCParser.getExpression(PCParser.java:130)
	at gov.nasa.jpf.symbc.numeric.PCParser.getExpression(PCParser.java:126)
	at gov.nasa.jpf.symbc.numeric.PCParser.getExpression(PCParser.java:130)
	at gov.nasa.jpf.symbc.numeric.PCParser.getExpression(PCParser.java:126)
	at gov.nasa.jpf.symbc.numeric.PCParser.getExpression(PCParser.java:130)
	at gov.nasa.jpf.symbc.numeric.PCParser.getExpression(PCParser.java:126)
	at gov.nasa.jpf.symbc.numeric.PCParser.getExpression(PCParser.java:130)
	at gov.nasa.jpf.symbc.numeric.PCParser.getExpression(PCParser.java:126)
	at gov.nasa.jpf.symbc.numeric.PCParser.getExpression(PCParser.java:130)
	at gov.nasa.jpf.symbc.numeric.PCParser.getExpression(PCParser.java:126)
	at gov.nasa.jpf.symbc.numeric.PCParser.getExpression(PCParser.java:130)
	at gov.nasa.jpf.symbc.numeric.PCParser.getExpression(PCParser.java:126)
	at gov.nasa.jpf.symbc.numeric.PCParser.getExpression(PCParser.java:130)
	at gov.nasa.jpf.symbc.numeric.PCParser.getExpression(PCParser.java:126)
	at gov.nasa.jpf.symbc.numeric.PCParser.getExpression(PCParser.java:130)
	at gov.nasa.jpf.symbc.numeric.PCParser.getExpression(PCParser.java:126)
	at gov.nasa.jpf.symbc.numeric.PCParser.getExpression(PCParser.java:130)
	at gov.nasa.jpf.symbc.numeric.PCParser.getExpression(PCParser.java:126)
	at gov.nasa.jpf.symbc.numeric.PCParser.getExpression(PCParser.java:130)
	at gov.nasa.jpf.symbc.numeric.PCParser.getExpression(PCParser.java:126)
	at gov.nasa.jpf.symbc.numeric.PCParser.getExpression(PCParser.java:130)
	at gov.nasa.jpf.symbc.numeric.PCParser.getExpression(PCParser.java:126)
	at gov.nasa.jpf.symbc.numeric.PCParser.getExpression(PCParser.java:130)
	at gov.nasa.jpf.symbc.numeric.PCParser.getExpression(PCParser.java:126)
	at gov.nasa.jpf.symbc.numeric.PCParser.getExpression(PCParser.java:130)
	at gov.nasa.jpf.symbc.numeric.PCParser.getExpression(PCParser.java:126)
	at gov.nasa.jpf.symbc.numeric.PCParser.getExpression(PCParser.java:130)
	at gov.nasa.jpf.symbc.numeric.PCParser.getExpression(PCParser.java:126)
	at gov.nasa.jpf.symbc.numeric.PCParser.getExpression(PCParser.java:130)
	at gov.nasa.jpf.symbc.numeric.PCParser.getExpression(PCParser.java:126)
	at gov.nasa.jpf.symbc.numeric.PCParser.getExpression(PCParser.java:130)
	at gov.nasa.jpf.symbc.numeric.PCParser.getExpression(PCParser.java:126)
	at gov.nasa.jpf.symbc.numeric.PCParser.getExpression(PCParser.java:130)
	at gov.nasa.jpf.symbc.numeric.PCParser.getExpression(PCParser.java:126)
	at gov.nasa.jpf.symbc.numeric.PCParser.getExpression(PCParser.java:130)
	at gov.nasa.jpf.symbc.numeric.PCParser.getExpression(PCParser.java:126)
	at gov.nasa.jpf.symbc.numeric.PCParser.getExpression(PCParser.java:130)
	at gov.nasa.jpf.symbc.numeric.PCParser.getExpression(PCParser.java:126)
	at gov.nasa.jpf.symbc.numeric.PCParser.getExpression(PCParser.java:130)
	at gov.nasa.jpf.symbc.numeric.PCParser.getExpression(PCParser.java:126)
	at gov.nasa.jpf.symbc.numeric.PCParser.getExpression(PCParser.java:130)
	at gov.nasa.jpf.symbc.numeric.PCParser.getExpression(PCParser.java:126)
	at gov.nasa.jpf.symbc.numeric.PCParser.getExpression(PCParser.java:130)
	at gov.nasa.jpf.symbc.numeric.PCParser.getExpression(PCParser.java:126)
	at gov.nasa.jpf.symbc.numeric.PCParser.getExpression(PCParser.java:130)
	at gov.nasa.jpf.symbc.numeric.PCParser.getExpression(PCParser.java:126)
	at gov.nasa.jpf.symbc.numeric.PCParser.getExpression(PCParser.java:130)
	at gov.nasa.jpf.symbc.numeric.PCParser.getExpression(PCParser.java:126)
	at gov.nasa.jpf.symbc.numeric.PCParser.getExpression(PCParser.java:130)
	at gov.nasa.jpf.symbc.numeric.PCParser.getExpression(PCParser.java:126)
	at gov.nasa.jpf.symbc.numeric.PCParser.getExpression(PCParser.java:130)
	at gov.nasa.jpf.symbc.numeric.PCParser.getExpression(PCParser.java:126)
	at gov.nasa.jpf.symbc.numeric.PCParser.getExpression(PCParser.java:130)
	at gov.nasa.jpf.symbc.numeric.PCParser.getExpression(PCParser.java:126)
	at gov.nasa.jpf.symbc.numeric.PCParser.getExpression(PCParser.java:130)
	at gov.nasa.jpf.symbc.numeric.PCParser.getExpression(PCParser.java:126)
	at gov.nasa.jpf.symbc.numeric.PCParser.getExpression(PCParser.java:130)
	at gov.nasa.jpf.symbc.numeric.PCParser.getExpression(PCParser.java:126)
	at gov.nasa.jpf.symbc.numeric.PCParser.getExpression(PCParser.java:130)
	at gov.nasa.jpf.symbc.numeric.PCParser.getExpression(PCParser.java:126)
	at gov.nasa.jpf.symbc.numeric.PCParser.getExpression(PCParser.java:130)
	at gov.nasa.jpf.symbc.numeric.PCParser.getExpression(PCParser.java:126)
	at gov.nasa.jpf.symbc.numeric.PCParser.getExpression(PCParser.java:130)
	at gov.nasa.jpf.symbc.numeric.PCParser.getExpression(PCParser.java:126)
	at gov.nasa.jpf.symbc.numeric.PCParser.getExpression(PCParser.java:130)
	at gov.nasa.jpf.symbc.numeric.PCParser.getExpression(PCParser.java:126)
	at gov.nasa.jpf.symbc.numeric.PCParser.getExpression(PCParser.java:130)
	at gov.nasa.jpf.symbc.numeric.PCParser.getExpression(PCParser.java:126)
	at gov.nasa.jpf.symbc.numeric.PCParser.getExpression(PCParser.java:130)
	at gov.nasa.jpf.symbc.numeric.PCParser.getExpression(PCParser.java:126)
	at gov.nasa.jpf.symbc.numeric.PCParser.getExpression(PCParser.java:130)
	at gov.nasa.jpf.symbc.numeric.PCParser.getExpression(PCParser.java:126)
	at gov.nasa.jpf.symbc.numeric.PCParser.getExpression(PCParser.java:130)
	at gov.nasa.jpf.symbc.numeric.PCParser.getExpression(PCParser.java:126)
	at gov.nasa.jpf.symbc.numeric.PCParser.getExpression(PCParser.java:130)
	at gov.nasa.jpf.symbc.numeric.PCParser.getExpression(PCParser.java:126)
	at gov.nasa.jpf.symbc.numeric.PCParser.getExpression(PCParser.java:130)
	at gov.nasa.jpf.symbc.numeric.PCParser.getExpression(PCParser.java:126)
	at gov.nasa.jpf.symbc.numeric.PCParser.getExpression(PCParser.java:130)
	at gov.nasa.jpf.symbc.numeric.PCParser.getExpression(PCParser.java:126)
	at gov.nasa.jpf.symbc.numeric.PCParser.getExpression(PCParser.java:130)
	at gov.nasa.jpf.symbc.numeric.PCParser.getExpression(PCParser.java:126)
	at gov.nasa.jpf.symbc.numeric.PCParser.getExpression(PCParser.java:130)
	at gov.nasa.jpf.symbc.numeric.PCParser.getExpression(PCParser.java:126)
	at gov.nasa.jpf.symbc.numeric.PCParser.getExpression(PCParser.java:130)
	at gov.nasa.jpf.symbc.numeric.PCParser.getExpression(PCParser.java:126)
	at gov.nasa.jpf.symbc.numeric.PCParser.getExpression(PCParser.java:130)
	at gov.nasa.jpf.symbc.numeric.PCParser.getExpression(PCParser.java:126)
	at gov.nasa.jpf.symbc.numeric.PCParser.getExpression(PCParser.java:130)
	at gov.nasa.jpf.symbc.numeric.PCParser.getExpression(PCParser.java:126)
	at gov.nasa.jpf.symbc.numeric.PCParser.getExpression(PCParser.java:130)
	at gov.nasa.jpf.symbc.numeric.PCParser.getExpression(PCParser.java:126)
	at gov.nasa.jpf.symbc.numeric.PCParser.getExpression(PCParser.java:130)
	at gov.nasa.jpf.symbc.numeric.PCParser.getExpression(PCParser.java:126)
	at gov.nasa.jpf.symbc.numeric.PCParser.getExpression(PCParser.java:130)
	at gov.nasa.jpf.symbc.numeric.PCParser.getExpression(PCParser.java:126)
	at gov.nasa.jpf.symbc.numeric.PCParser.getExpression(PCParser.java:130)
	at gov.nasa.jpf.symbc.numeric.PCParser.getExpression(PCParser.java:126)
	at gov.nasa.jpf.symbc.numeric.PCParser.getExpression(PCParser.java:130)
	at gov.nasa.jpf.symbc.numeric.PCParser.getExpression(PCParser.java:126)
	at gov.nasa.jpf.symbc.numeric.PCParser.getExpression(PCParser.java:130)
	at gov.nasa.jpf.symbc.numeric.PCParser.getExpression(PCParser.java:126)
	at gov.nasa.jpf.symbc.numeric.PCParser.getExpression(PCParser.java:130)
	at gov.nasa.jpf.symbc.numeric.PCParser.getExpression(PCParser.java:126)
	at gov.nasa.jpf.symbc.numeric.PCParser.getExpression(PCParser.java:130)
	at gov.nasa.jpf.symbc.numeric.PCParser.getExpression(PCParser.java:126)
	at gov.nasa.jpf.symbc.numeric.PCParser.getExpression(PCParser.java:130)
	at gov.nasa.jpf.symbc.numeric.PCParser.getExpression(PCParser.java:126)
	at gov.nasa.jpf.symbc.numeric.PCParser.getExpression(PCParser.java:130)
	at gov.nasa.jpf.symbc.numeric.PCParser.getExpression(PCParser.java:126)
	at gov.nasa.jpf.symbc.numeric.PCParser.getExpression(PCParser.java:130)
	at gov.nasa.jpf.symbc.numeric.PCParser.getExpression(PCParser.java:126)
	at gov.nasa.jpf.symbc.numeric.PCParser.getExpression(PCParser.java:130)
	at gov.nasa.jpf.symbc.numeric.PCParser.getExpression(PCParser.java:126)
	at gov.nasa.jpf.symbc.numeric.PCParser.getExpression(PCParser.java:130)
	at gov.nasa.jpf.symbc.numeric.PCParser.getExpression(PCParser.java:126)
	at gov.nasa.jpf.symbc.numeric.PCParser.getExpression(PCParser.java:130)
	at gov.nasa.jpf.symbc.numeric.PCParser.getExpression(PCParser.java:126)
	at gov.nasa.jpf.symbc.numeric.PCParser.getExpression(PCParser.java:130)
	at gov.nasa.jpf.symbc.numeric.PCParser.getExpression(PCParser.java:126)
	at gov.nasa.jpf.symbc.numeric.PCParser.getExpression(PCParser.java:130)
	at gov.nasa.jpf.symbc.numeric.PCParser.getExpression(PCParser.java:126)
	at gov.nasa.jpf.symbc.numeric.PCParser.getExpression(PCParser.java:130)
	at gov.nasa.jpf.symbc.numeric.PCParser.getExpression(PCParser.java:126)
	at gov.nasa.jpf.symbc.numeric.PCParser.getExpression(PCParser.java:130)
	at gov.nasa.jpf.symbc.numeric.PCParser.getExpression(PCParser.java:126)
	at gov.nasa.jpf.symbc.numeric.PCParser.getExpression(PCParser.java:130)
	at gov.nasa.jpf.symbc.numeric.PCParser.getExpression(PCParser.java:126)
	at gov.nasa.jpf.symbc.numeric.PCParser.getExpression(PCParser.java:130)
	at gov.nasa.jpf.symbc.numeric.PCParser.getExpression(PCParser.java:126)
	at gov.nasa.jpf.symbc.numeric.PCParser.getExpression(PCParser.java:130)
	at gov.nasa.jpf.symbc.numeric.PCParser.getExpression(PCParser.java:126)
	at gov.nasa.jpf.symbc.numeric.PCParser.getExpression(PCParser.java:130)
	at gov.nasa.jpf.symbc.numeric.PCParser.getExpression(PCParser.java:126)
	at gov.nasa.jpf.symbc.numeric.PCParser.getExpression(PCParser.java:130)
	at gov.nasa.jpf.symbc.numeric.PCParser.getExpression(PCParser.java:126)
	at gov.nasa.jpf.symbc.numeric.PCParser.getExpression(PCParser.java:130)
	at gov.nasa.jpf.symbc.numeric.PCParser.getExpression(PCParser.java:126)
	at gov.nasa.jpf.symbc.numeric.PCParser.getExpression(PCParser.java:130)
	at gov.nasa.jpf.symbc.numeric.PCParser.getExpression(PCParser.java:126)
	at gov.nasa.jpf.symbc.numeric.PCParser.getExpression(PCParser.java:130)
	at gov.nasa.jpf.symbc.numeric.PCParser.getExpression(PCParser.java:126)
	at gov.nasa.jpf.symbc.numeric.PCParser.getExpression(PCParser.java:130)
	at gov.nasa.jpf.symbc.numeric.PCParser.getExpression(PCParser.java:126)
	at gov.nasa.jpf.symbc.numeric.PCParser.getExpression(PCParser.java:130)
	at gov.nasa.jpf.symbc.numeric.PCParser.getExpression(PCParser.java:126)
	at gov.nasa.jpf.symbc.numeric.PCParser.getExpression(PCParser.java:130)
	at gov.nasa.jpf.symbc.numeric.PCParser.getExpression(PCParser.java:126)
	at gov.nasa.jpf.symbc.numeric.PCParser.getExpression(PCParser.java:130)
	at gov.nasa.jpf.symbc.numeric.PCParser.getExpression(PCParser.java:126)
	at gov.nasa.jpf.symbc.numeric.PCParser.getExpression(PCParser.java:130)
	at gov.nasa.jpf.symbc.numeric.PCParser.getExpression(PCParser.java:126)
	at gov.nasa.jpf.symbc.numeric.PCParser.getExpression(PCParser.java:130)
	at gov.nasa.jpf.symbc.numeric.PCParser.getExpression(PCParser.java:126)
	at gov.nasa.jpf.symbc.numeric.PCParser.getExpression(PCParser.java:130)
UNKNOWN
