./jpf-sv-comp --propertyfile ../../sv-benchmarks/java/properties/runtime-exception.prp ../../sv-benchmarks/java/common ../../sv-benchmarks/java/float-nonlinear-calculation/MathSin ../../sv-benchmarks/java/float-nonlinear-calculation/common


--------------------------------------------------------------------------------


PROP_FILE=../../sv-benchmarks/java/properties/runtime-exception.prp
CHECK(init(Main.main()), LTL(G ! uncaught(java.lang.RuntimeException)))
ASSERTION_MODE=FALSE
RUNTIME_EXCEPTION_MODE=TRUE
/tmp/jpf-benchmark.YxrAHh/config.jpf
LD_LIBRARY_PATH=/home/f8/Desktop/bench-defs/bin/spf-2Fi5DX82Mr/jpf-symbc/lib:/home/f8/Desktop/SPF/jpf-symbc/lib:
symbolic.min_int=-2147483648
symbolic.min_long=-9223372036854775808
symbolic.min_short=-32768
symbolic.min_byte=-128
symbolic.min_char=0
symbolic.max_int=2147483647
symbolic.max_long=9223372036854775807
symbolic.max_short=32767
symbolic.max_byte=127
symbolic.max_char=65535
symbolic.min_double=4.9E-324
symbolic.max_double=1.7976931348623157E308
JavaPathfinder core system v8.0 (rev a9cfdfd20e921dacd2aaa6e92103681eb28cc81d) - (C) 2005-2014 United States Government. All rights reserved.


====================================================== system under test
Main.main()

====================================================== search started: 7/8/25 3:11 AM
pi2_hi = 1.5707963267948966
pi2_lo = 6.123233995736766E-17
pi2_lo2 = -1.4973849048591698E-33
_2_pi_hi = 0.6366197723675814
_2_pi_lo = -3.935735335036497E-17
splitting: 1.5707963267948966
raw=4609753056924675352
sign=0
exp=1023
exp (unbiased)=0
m1=148470
m2=1413754136
in split: a1=6.96279869E-315
in split: a2=1.5707963267948966
splitting: 6.123233995736766E-17
raw=4364452196894661639
sign=0
exp=969
exp (unbiased)=-54
m1=216140
m2=856972295
in split: a1=3.97874211E-315
in split: a2=6.123233995736766E-17
java.lang.RuntimeException: ERROR: symbolic method not handled: doubleToRawLongBits
	at gov.nasa.jpf.symbc.bytecode.SymbolicStringHandler.handleSymbolicStrings(SymbolicStringHandler.java:324)
	at gov.nasa.jpf.symbc.bytecode.BytecodeUtils.execute(BytecodeUtils.java:218)
	at gov.nasa.jpf.symbc.bytecode.INVOKESTATIC.execute(INVOKESTATIC.java:45)
	at gov.nasa.jpf.vm.ThreadInfo.executeInstruction(ThreadInfo.java:1908)
	at gov.nasa.jpf.vm.ThreadInfo.executeTransition(ThreadInfo.java:1859)
	at gov.nasa.jpf.vm.SystemState.executeNextTransition(SystemState.java:765)
	at gov.nasa.jpf.vm.VM.forward(VM.java:1722)
	at gov.nasa.jpf.search.Search.forward(Search.java:937)
	at gov.nasa.jpf.search.DFSearch.search(DFSearch.java:79)
	at gov.nasa.jpf.JPF.run(JPF.java:613)
	at gov.nasa.jpf.JPF.start(JPF.java:189)
	at sun.reflect.NativeMethodAccessorImpl.invoke0(Native Method)
	at sun.reflect.NativeMethodAccessorImpl.invoke(NativeMethodAccessorImpl.java:62)
	at sun.reflect.DelegatingMethodAccessorImpl.invoke(DelegatingMethodAccessorImpl.java:43)
	at java.lang.reflect.Method.invoke(Method.java:498)
	at gov.nasa.jpf.tool.Run.call(Run.java:80)
	at gov.nasa.jpf.tool.RunJPF.main(RunJPF.java:116)
inside runtime_exception_mode=true
UNKNOWN
