./jpf-sv-comp --propertyfile ../../sv-benchmarks/java/properties/runtime-exception.prp ../../sv-benchmarks/java/common ../../sv-benchmarks/java/jpf-regression/ExSymExeLCMP_true


--------------------------------------------------------------------------------


/tmp/jpf-benchmark.EAKZl8/config.jpf
LD_LIBRARY_PATH=/home/f8/Desktop/bench-defs/bin/spf-S2wZ7gwkvo/jpf-symbc/lib:/home/f8/Desktop/SPF/jpf-symbc/lib:
symbolic.min_int=-2147483648
symbolic.min_long=-9223372036854775808
symbolic.min_short=-32768
symbolic.min_byte=-128
symbolic.min_char=0
symbolic.max_int=2147483647
symbolic.max_long=9223372036854775807
symbolic.max_short=32767
symbolic.max_byte=127
symbolic.max_char=65535
symbolic.min_double=4.9E-324
symbolic.max_double=1.7976931348623157E308
JavaPathfinder core system v8.0 (rev 8b82638acdeb8140d063107c30b29a0161fcc31c) - (C) 2005-2014 United States Government. All rights reserved.


====================================================== system under test
Main.main()

====================================================== search started: 26/7/25 2:57 AM
x <=0

====================================================== results
no errors detected

====================================================== statistics
elapsed time:       00:00:00
states:             new=4,visited=0,backtracked=4,end=1
search:             maxDepth=2,constraints=0
choice generators:  thread=1 (signal=0,lock=1,sharedRef=0,threadApi=0,reschedule=0), data=1
heap:               new=469,released=18,maxLive=459,gcCycles=2
instructions:       6384
max memory:         44MB
loaded code:        classes=85,methods=1829

====================================================== search finished: 26/7/25 2:58 AM
SAFE
