./jpf-sv-comp --propertyfile ../../sv-benchmarks/java/properties/runtime-exception.prp ../../sv-benchmarks/java/common ../../sv-benchmarks/java/java-ranger-regression/nanoxml_eqchk/impl ../../sv-benchmarks/java/java-ranger-regression/nanoxml_eqchk/prop1


--------------------------------------------------------------------------------


Note: Some input files use unchecked or unsafe operations.
Note: Recompile with -Xlint:unchecked for details.
/tmp/jpf-benchmark.P1VQl4/config.jpf
LD_LIBRARY_PATH=/home/f8/Desktop/bench-defs/bin/spf-S2wZ7gwkvo/jpf-symbc/lib:/home/f8/Desktop/SPF/jpf-symbc/lib:
symbolic.min_int=-2147483648
symbolic.min_long=-9223372036854775808
symbolic.min_short=-32768
symbolic.min_byte=-128
symbolic.min_char=0
symbolic.max_int=2147483647
symbolic.max_long=9223372036854775807
symbolic.max_short=32767
symbolic.max_byte=127
symbolic.max_char=65535
symbolic.min_double=4.9E-324
symbolic.max_double=1.7976931348623157E308
JavaPathfinder core system v8.0 (rev 8b82638acdeb8140d063107c30b29a0161fcc31c) - (C) 2005-2014 United States Government. All rights reserved.


====================================================== system under test
Main.main()

====================================================== search started: 26/7/25 2:58 AM
java.io.IOException: IntReader EOF
	at IntReader.read(IntReader.java:23)
	at java.io.FilterReader.read(FilterReader.java:65)
	at java.io.PushbackReader.read(PushbackReader.java:90)
	at StdXMLReader.read(StdXMLReader.java:91)
	at StdXMLParser.scanEntity(StdXMLParser.java:797)
	at StdXMLParser.read(StdXMLParser.java:923)
	at StdXMLParser.scanData(StdXMLParser.java:106)
	at StdXMLParser.parse(StdXMLParser.java:92)
	at DumpXML.mainProcess(DumpXML.java:29)
	at Main.main(Main.java:16)
java.io.IOException: IntReader EOF
	at IntReader.read(IntReader.java:23)
	at java.io.FilterReader.read(FilterReader.java:65)
	at java.io.PushbackReader.read(PushbackReader.java:90)
	at StdXMLReader.read(StdXMLReader.java:91)
	at StdXMLParser.scanEntity(StdXMLParser.java:797)
	at StdXMLParser.read(StdXMLParser.java:923)
	at StdXMLParser.scanData(StdXMLParser.java:106)
	at StdXMLParser.parse(StdXMLParser.java:92)
	at DumpXML.mainProcess(DumpXML.java:29)
	at Main.main(Main.java:18)
Match

====================================================== error 1
gov.nasa.jpf.vm.NoUncaughtExceptionsProperty
java.lang.NullPointerException: Calling 'printStackTrace()V' on null object
	at DumpXML.mainProcess(DumpXML.java:32)
	at Main.main(Main.java:16)


====================================================== snapshot #1
thread java.lang.Thread:{id:0,name:main,status:RUNNING,priority:5,isDaemon:false,lockCount:0,suspendCount:0}
  call stack:
	at DumpXML.mainProcess(DumpXML.java:32)
	at Main.main(Main.java:16)


====================================================== results
error #1: gov.nasa.jpf.vm.NoUncaughtExceptionsProperty "java.lang.NullPointerException: Calling 'printStac..."

====================================================== statistics
elapsed time:       00:00:01
states:             new=12,visited=0,backtracked=1,end=1
search:             maxDepth=11,constraints=0
choice generators:  thread=1 (signal=0,lock=1,sharedRef=0,threadApi=0,reschedule=0), data=10
heap:               new=601,released=76,maxLive=508,gcCycles=11
instructions:       8943
max memory:         44MB
loaded code:        classes=102,methods=2112

====================================================== search finished: 26/7/25 2:58 AM
UNKNOWN
