./jpf-sv-comp --propertyfile ../../sv-benchmarks/java/properties/runtime-exception.prp ../../sv-benchmarks/java/common ../../sv-benchmarks/java/algorithms/RedBlackTree-MemSat01 ../../sv-benchmarks/java/algorithms/RedBlackTree-MemSat01/rbtree


--------------------------------------------------------------------------------


/tmp/jpf-benchmark.oFhGKP/config.jpf
LD_LIBRARY_PATH=/home/f8/Desktop/bench-defs/bin/spf-S2wZ7gwkvo/jpf-symbc/lib:/home/f8/Desktop/SPF/jpf-symbc/lib:
symbolic.min_int=-2147483648
symbolic.min_long=-9223372036854775808
symbolic.min_short=-32768
symbolic.min_byte=-128
symbolic.min_char=0
symbolic.max_int=2147483647
symbolic.max_long=9223372036854775807
symbolic.max_short=32767
symbolic.max_byte=127
symbolic.max_char=65535
symbolic.min_double=4.9E-324
symbolic.max_double=1.7976931348623157E308
JavaPathfinder core system v8.0 (rev 8b82638acdeb8140d063107c30b29a0161fcc31c) - (C) 2005-2014 United States Government. All rights reserved.


====================================================== system under test
Main.main()

====================================================== search started: 26/7/25 3:00 AM

====================================================== search constraint
depth limit reached: 13

====================================================== snapshot 
thread java.lang.Thread:{id:0,name:main,status:RUNNING,priority:5,isDaemon:false,lockCount:0,suspendCount:0}
  call stack:
	at rbtree.RedBlackTree.treeInsert(RedBlackTree.java:51)
	at Main.main(Main.java:53)


====================================================== search constraint
depth limit reached: 13

====================================================== snapshot 
thread java.lang.Thread:{id:0,name:main,status:RUNNING,priority:5,isDaemon:false,lockCount:0,suspendCount:0}
  call stack:
	at Main.main(Main.java:51)


====================================================== search constraint
depth limit reached: 13

====================================================== snapshot 
thread java.lang.Thread:{id:0,name:main,status:RUNNING,priority:5,isDaemon:false,lockCount:0,suspendCount:0}
  call stack:
	at Main.main(Main.java:51)


====================================================== search constraint
depth limit reached: 13

====================================================== snapshot 
thread java.lang.Thread:{id:0,name:main,status:RUNNING,priority:5,isDaemon:false,lockCount:0,suspendCount:0}
  call stack:
	at Main.main(Main.java:51)


====================================================== search constraint
depth limit reached: 13

====================================================== snapshot 
thread java.lang.Thread:{id:0,name:main,status:RUNNING,priority:5,isDaemon:false,lockCount:0,suspendCount:0}
  call stack:
	at rbtree.RedBlackTree.treeSearch(RedBlackTree.java:348)
	at rbtree.RedBlackTree.treeSearch(RedBlackTree.java:352)
	at Main.main(Main.java:57)


====================================================== search constraint
depth limit reached: 13

====================================================== snapshot 
thread java.lang.Thread:{id:0,name:main,status:RUNNING,priority:5,isDaemon:false,lockCount:0,suspendCount:0}
  call stack:
	at rbtree.RedBlackTree.treeSearch(RedBlackTree.java:348)
	at rbtree.RedBlackTree.treeSearch(RedBlackTree.java:354)
	at Main.main(Main.java:57)


====================================================== search constraint
depth limit reached: 13

====================================================== snapshot 
thread java.lang.Thread:{id:0,name:main,status:RUNNING,priority:5,isDaemon:false,lockCount:0,suspendCount:0}
  call stack:
	at Main.main(Main.java:51)


====================================================== search constraint
depth limit reached: 13

====================================================== snapshot 
thread java.lang.Thread:{id:0,name:main,status:RUNNING,priority:5,isDaemon:false,lockCount:0,suspendCount:0}
  call stack:
	at rbtree.RedBlackTree.treeInsert(RedBlackTree.java:51)
	at Main.main(Main.java:53)


====================================================== search constraint
depth limit reached: 13

====================================================== snapshot 
thread java.lang.Thread:{id:0,name:main,status:RUNNING,priority:5,isDaemon:false,lockCount:0,suspendCount:0}
  call stack:
	at Main.main(Main.java:51)


====================================================== search constraint
depth limit reached: 13

====================================================== snapshot 
thread java.lang.Thread:{id:0,name:main,status:RUNNING,priority:5,isDaemon:false,lockCount:0,suspendCount:0}
  call stack:
	at Main.main(Main.java:51)


====================================================== search constraint
depth limit reached: 13

====================================================== snapshot 
thread java.lang.Thread:{id:0,name:main,status:RUNNING,priority:5,isDaemon:false,lockCount:0,suspendCount:0}
  call stack:
	at rbtree.RedBlackTree.treeSearch(RedBlackTree.java:348)
	at rbtree.RedBlackTree.treeSearch(RedBlackTree.java:352)
	at Main.main(Main.java:57)


====================================================== search constraint
depth limit reached: 13

====================================================== snapshot 
thread java.lang.Thread:{id:0,name:main,status:RUNNING,priority:5,isDaemon:false,lockCount:0,suspendCount:0}
  call stack:
	at rbtree.RedBlackTree.treeSearch(RedBlackTree.java:348)
	at rbtree.RedBlackTree.treeSearch(RedBlackTree.java:354)
	at Main.main(Main.java:57)


====================================================== search constraint
depth limit reached: 13

====================================================== snapshot 
thread java.lang.Thread:{id:0,name:main,status:RUNNING,priority:5,isDaemon:false,lockCount:0,suspendCount:0}
  call stack:
	at Main.main(Main.java:51)


====================================================== search constraint
depth limit reached: 13

====================================================== snapshot 
thread java.lang.Thread:{id:0,name:main,status:RUNNING,priority:5,isDaemon:false,lockCount:0,suspendCount:0}
  call stack:
	at Main.main(Main.java:51)


====================================================== search constraint
depth limit reached: 13

====================================================== snapshot 
thread java.lang.Thread:{id:0,name:main,status:RUNNING,priority:5,isDaemon:false,lockCount:0,suspendCount:0}
  call stack:
	at rbtree.RedBlackTree.treeInsert(RedBlackTree.java:51)
	at Main.main(Main.java:53)


====================================================== search constraint
depth limit reached: 13

====================================================== snapshot 
thread java.lang.Thread:{id:0,name:main,status:RUNNING,priority:5,isDaemon:false,lockCount:0,suspendCount:0}
  call stack:
	at Main.main(Main.java:51)


====================================================== search constraint
depth limit reached: 13

====================================================== snapshot 
thread java.lang.Thread:{id:0,name:main,status:RUNNING,priority:5,isDaemon:false,lockCount:0,suspendCount:0}
  call stack:
	at rbtree.RedBlackTree.treeSearch(RedBlackTree.java:348)
	at rbtree.RedBlackTree.treeSearch(RedBlackTree.java:352)
	at Main.main(Main.java:57)


====================================================== search constraint
depth limit reached: 13

====================================================== snapshot 
thread java.lang.Thread:{id:0,name:main,status:RUNNING,priority:5,isDaemon:false,lockCount:0,suspendCount:0}
  call stack:
	at rbtree.RedBlackTree.treeSearch(RedBlackTree.java:348)
	at rbtree.RedBlackTree.treeSearch(RedBlackTree.java:354)
	at Main.main(Main.java:57)


====================================================== search constraint
depth limit reached: 13

====================================================== snapshot 
thread java.lang.Thread:{id:0,name:main,status:RUNNING,priority:5,isDaemon:false,lockCount:0,suspendCount:0}
  call stack:
	at Main.main(Main.java:51)


====================================================== search constraint
depth limit reached: 13

====================================================== snapshot 
thread java.lang.Thread:{id:0,name:main,status:RUNNING,priority:5,isDaemon:false,lockCount:0,suspendCount:0}
  call stack:
	at Main.main(Main.java:51)


====================================================== search constraint
depth limit reached: 13

====================================================== snapshot 
thread java.lang.Thread:{id:0,name:main,status:RUNNING,priority:5,isDaemon:false,lockCount:0,suspendCount:0}
  call stack:
	at Main.main(Main.java:51)


====================================================== search constraint
depth limit reached: 13

====================================================== snapshot 
thread java.lang.Thread:{id:0,name:main,status:RUNNING,priority:5,isDaemon:false,lockCount:0,suspendCount:0}
  call stack:
	at rbtree.RedBlackTree.treeInsert(RedBlackTree.java:51)
	at Main.main(Main.java:53)


====================================================== search constraint
depth limit reached: 13

====================================================== snapshot 
thread java.lang.Thread:{id:0,name:main,status:RUNNING,priority:5,isDaemon:false,lockCount:0,suspendCount:0}
  call stack:
	at rbtree.RedBlackTree.treeSearch(RedBlackTree.java:348)
	at rbtree.RedBlackTree.treeSearch(RedBlackTree.java:352)
	at Main.main(Main.java:57)


====================================================== search constraint
depth limit reached: 13

====================================================== snapshot 
thread java.lang.Thread:{id:0,name:main,status:RUNNING,priority:5,isDaemon:false,lockCount:0,suspendCount:0}
  call stack:
	at rbtree.RedBlackTree.treeSearch(RedBlackTree.java:348)
	at rbtree.RedBlackTree.treeSearch(RedBlackTree.java:354)
	at Main.main(Main.java:57)


====================================================== search constraint
depth limit reached: 13

====================================================== snapshot 
thread java.lang.Thread:{id:0,name:main,status:RUNNING,priority:5,isDaemon:false,lockCount:0,suspendCount:0}
  call stack:
	at rbtree.RedBlackTree.treeInsert(RedBlackTree.java:51)
	at Main.main(Main.java:53)


====================================================== search constraint
depth limit reached: 13

====================================================== snapshot 
thread java.lang.Thread:{id:0,name:main,status:RUNNING,priority:5,isDaemon:false,lockCount:0,suspendCount:0}
  call stack:
	at Main.main(Main.java:51)


====================================================== search constraint
depth limit reached: 13

====================================================== snapshot 
thread java.lang.Thread:{id:0,name:main,status:RUNNING,priority:5,isDaemon:false,lockCount:0,suspendCount:0}
  call stack:
	at Main.main(Main.java:51)


====================================================== search constraint
depth limit reached: 13

====================================================== snapshot 
thread java.lang.Thread:{id:0,name:main,status:RUNNING,priority:5,isDaemon:false,lockCount:0,suspendCount:0}
  call stack:
	at Main.main(Main.java:51)


====================================================== search constraint
depth limit reached: 13

====================================================== snapshot 
thread java.lang.Thread:{id:0,name:main,status:RUNNING,priority:5,isDaemon:false,lockCount:0,suspendCount:0}
  call stack:
	at rbtree.RedBlackTree.treeSearch(RedBlackTree.java:348)
	at rbtree.RedBlackTree.treeSearch(RedBlackTree.java:352)
	at Main.main(Main.java:57)


====================================================== search constraint
depth limit reached: 13

====================================================== snapshot 
thread java.lang.Thread:{id:0,name:main,status:RUNNING,priority:5,isDaemon:false,lockCount:0,suspendCount:0}
  call stack:
	at rbtree.RedBlackTree.treeSearch(RedBlackTree.java:348)
	at rbtree.RedBlackTree.treeSearch(RedBlackTree.java:354)
	at Main.main(Main.java:57)


====================================================== search constraint
depth limit reached: 13

====================================================== snapshot 
thread java.lang.Thread:{id:0,name:main,status:RUNNING,priority:5,isDaemon:false,lockCount:0,suspendCount:0}
  call stack:
	at Main.main(Main.java:51)


====================================================== search constraint
depth limit reached: 13

====================================================== snapshot 
thread java.lang.Thread:{id:0,name:main,status:RUNNING,priority:5,isDaemon:false,lockCount:0,suspendCount:0}
  call stack:
	at rbtree.RedBlackTree.treeInsert(RedBlackTree.java:51)
	at Main.main(Main.java:53)


====================================================== search constraint
depth limit reached: 13

====================================================== snapshot 
thread java.lang.Thread:{id:0,name:main,status:RUNNING,priority:5,isDaemon:false,lockCount:0,suspendCount:0}
  call stack:
	at Main.main(Main.java:51)


====================================================== search constraint
depth limit reached: 13

====================================================== snapshot 
thread java.lang.Thread:{id:0,name:main,status:RUNNING,priority:5,isDaemon:false,lockCount:0,suspendCount:0}
  call stack:
	at Main.main(Main.java:51)


====================================================== search constraint
depth limit reached: 13

====================================================== snapshot 
thread java.lang.Thread:{id:0,name:main,status:RUNNING,priority:5,isDaemon:false,lockCount:0,suspendCount:0}
  call stack:
	at rbtree.RedBlackTree.treeSearch(RedBlackTree.java:348)
	at rbtree.RedBlackTree.treeSearch(RedBlackTree.java:352)
	at Main.main(Main.java:57)


====================================================== search constraint
depth limit reached: 13

====================================================== snapshot 
thread java.lang.Thread:{id:0,name:main,status:RUNNING,priority:5,isDaemon:false,lockCount:0,suspendCount:0}
  call stack:
	at rbtree.RedBlackTree.treeSearch(RedBlackTree.java:348)
	at rbtree.RedBlackTree.treeSearch(RedBlackTree.java:354)
	at Main.main(Main.java:57)


====================================================== search constraint
depth limit reached: 13

====================================================== snapshot 
thread java.lang.Thread:{id:0,name:main,status:RUNNING,priority:5,isDaemon:false,lockCount:0,suspendCount:0}
  call stack:
	at Main.main(Main.java:51)


====================================================== search constraint
depth limit reached: 13

====================================================== snapshot 
thread java.lang.Thread:{id:0,name:main,status:RUNNING,priority:5,isDaemon:false,lockCount:0,suspendCount:0}
  call stack:
	at Main.main(Main.java:51)


====================================================== search constraint
depth limit reached: 13

====================================================== snapshot 
thread java.lang.Thread:{id:0,name:main,status:RUNNING,priority:5,isDaemon:false,lockCount:0,suspendCount:0}
  call stack:
	at rbtree.RedBlackTree.treeInsert(RedBlackTree.java:51)
	at Main.main(Main.java:53)


====================================================== search constraint
depth limit reached: 13

====================================================== snapshot 
thread java.lang.Thread:{id:0,name:main,status:RUNNING,priority:5,isDaemon:false,lockCount:0,suspendCount:0}
  call stack:
	at Main.main(Main.java:51)


====================================================== search constraint
depth limit reached: 13

====================================================== snapshot 
thread java.lang.Thread:{id:0,name:main,status:RUNNING,priority:5,isDaemon:false,lockCount:0,suspendCount:0}
  call stack:
	at rbtree.RedBlackTree.treeSearch(RedBlackTree.java:348)
	at rbtree.RedBlackTree.treeSearch(RedBlackTree.java:352)
	at Main.main(Main.java:57)


====================================================== search constraint
depth limit reached: 13

====================================================== snapshot 
thread java.lang.Thread:{id:0,name:main,status:RUNNING,priority:5,isDaemon:false,lockCount:0,suspendCount:0}
  call stack:
	at rbtree.RedBlackTree.treeSearch(RedBlackTree.java:348)
	at rbtree.RedBlackTree.treeSearch(RedBlackTree.java:354)
	at Main.main(Main.java:57)


====================================================== search constraint
depth limit reached: 13

====================================================== snapshot 
thread java.lang.Thread:{id:0,name:main,status:RUNNING,priority:5,isDaemon:false,lockCount:0,suspendCount:0}
  call stack:
	at Main.main(Main.java:51)


====================================================== search constraint
depth limit reached: 13

====================================================== snapshot 
thread java.lang.Thread:{id:0,name:main,status:RUNNING,priority:5,isDaemon:false,lockCount:0,suspendCount:0}
  call stack:
	at Main.main(Main.java:51)


====================================================== search constraint
depth limit reached: 13

====================================================== snapshot 
thread java.lang.Thread:{id:0,name:main,status:RUNNING,priority:5,isDaemon:false,lockCount:0,suspendCount:0}
  call stack:
	at Main.main(Main.java:51)


====================================================== search constraint
depth limit reached: 13

====================================================== snapshot 
thread java.lang.Thread:{id:0,name:main,status:RUNNING,priority:5,isDaemon:false,lockCount:0,suspendCount:0}
  call stack:
	at rbtree.RedBlackTree.treeInsert(RedBlackTree.java:51)
	at Main.main(Main.java:53)


====================================================== search constraint
depth limit reached: 13

====================================================== snapshot 
thread java.lang.Thread:{id:0,name:main,status:RUNNING,priority:5,isDaemon:false,lockCount:0,suspendCount:0}
  call stack:
	at rbtree.RedBlackTree.treeSearch(RedBlackTree.java:348)
	at rbtree.RedBlackTree.treeSearch(RedBlackTree.java:352)
	at Main.main(Main.java:57)


====================================================== search constraint
depth limit reached: 13

====================================================== snapshot 
thread java.lang.Thread:{id:0,name:main,status:RUNNING,priority:5,isDaemon:false,lockCount:0,suspendCount:0}
  call stack:
	at rbtree.RedBlackTree.treeSearch(RedBlackTree.java:348)
	at rbtree.RedBlackTree.treeSearch(RedBlackTree.java:354)
	at Main.main(Main.java:57)


====================================================== search constraint
depth limit reached: 13

====================================================== snapshot 
thread java.lang.Thread:{id:0,name:main,status:RUNNING,priority:5,isDaemon:false,lockCount:0,suspendCount:0}
  call stack:
	at Main.main(Main.java:51)


====================================================== search constraint
depth limit reached: 13

====================================================== snapshot 
thread java.lang.Thread:{id:0,name:main,status:RUNNING,priority:5,isDaemon:false,lockCount:0,suspendCount:0}
  call stack:
	at Main.main(Main.java:51)


====================================================== search constraint
depth limit reached: 13

====================================================== snapshot 
thread java.lang.Thread:{id:0,name:main,status:RUNNING,priority:5,isDaemon:false,lockCount:0,suspendCount:0}
  call stack:
	at rbtree.RedBlackTree.treeInsert(RedBlackTree.java:51)
	at Main.main(Main.java:53)


====================================================== search constraint
depth limit reached: 13

====================================================== snapshot 
thread java.lang.Thread:{id:0,name:main,status:RUNNING,priority:5,isDaemon:false,lockCount:0,suspendCount:0}
  call stack:
	at rbtree.RedBlackTree.treeSearch(RedBlackTree.java:348)
	at Main.main(Main.java:57)


====================================================== search constraint
depth limit reached: 13

====================================================== snapshot 
thread java.lang.Thread:{id:0,name:main,status:RUNNING,priority:5,isDaemon:false,lockCount:0,suspendCount:0}
  call stack:
	at rbtree.RedBlackTree.treeInsert(RedBlackTree.java:51)
	at Main.main(Main.java:53)


====================================================== search constraint
depth limit reached: 13

====================================================== snapshot 
thread java.lang.Thread:{id:0,name:main,status:RUNNING,priority:5,isDaemon:false,lockCount:0,suspendCount:0}
  call stack:
	at rbtree.RedBlackTree.treeSearch(RedBlackTree.java:348)
	at Main.main(Main.java:57)


====================================================== search constraint
depth limit reached: 13

====================================================== snapshot 
thread java.lang.Thread:{id:0,name:main,status:RUNNING,priority:5,isDaemon:false,lockCount:0,suspendCount:0}
  call stack:
	at rbtree.RedBlackTree.treeInsert(RedBlackTree.java:51)
	at Main.main(Main.java:53)


====================================================== search constraint
depth limit reached: 13

====================================================== snapshot 
thread java.lang.Thread:{id:0,name:main,status:RUNNING,priority:5,isDaemon:false,lockCount:0,suspendCount:0}
  call stack:
	at rbtree.RedBlackTree.treeSearch(RedBlackTree.java:348)
	at Main.main(Main.java:57)


====================================================== search constraint
depth limit reached: 13

====================================================== snapshot 
no live threads

====================================================== search constraint
depth limit reached: 13

====================================================== snapshot 
thread java.lang.Thread:{id:0,name:main,status:RUNNING,priority:5,isDaemon:false,lockCount:0,suspendCount:0}
  call stack:
	at rbtree.RedBlackTree.treeSearch(RedBlackTree.java:351)
	at rbtree.RedBlackTree.treeSearch(RedBlackTree.java:352)
	at Main.main(Main.java:57)


====================================================== search constraint
depth limit reached: 13

====================================================== snapshot 
no live threads

====================================================== search constraint
depth limit reached: 13

====================================================== snapshot 
thread java.lang.Thread:{id:0,name:main,status:RUNNING,priority:5,isDaemon:false,lockCount:0,suspendCount:0}
  call stack:
	at rbtree.RedBlackTree.treeSearch(RedBlackTree.java:351)
	at rbtree.RedBlackTree.treeSearch(RedBlackTree.java:354)
	at Main.main(Main.java:57)


====================================================== search constraint
depth limit reached: 13

====================================================== snapshot 
thread java.lang.Thread:{id:0,name:main,status:RUNNING,priority:5,isDaemon:false,lockCount:0,suspendCount:0}
  call stack:
	at rbtree.RedBlackTree.treeInsert(RedBlackTree.java:51)
	at Main.main(Main.java:53)


====================================================== search constraint
depth limit reached: 13

====================================================== snapshot 
thread java.lang.Thread:{id:0,name:main,status:RUNNING,priority:5,isDaemon:false,lockCount:0,suspendCount:0}
  call stack:
	at rbtree.RedBlackTree.treeSearch(RedBlackTree.java:348)
	at Main.main(Main.java:57)


====================================================== search constraint
depth limit reached: 13

====================================================== snapshot 
thread java.lang.Thread:{id:0,name:main,status:RUNNING,priority:5,isDaemon:false,lockCount:0,suspendCount:0}
  call stack:
	at Main.main(Main.java:51)


====================================================== search constraint
depth limit reached: 13

====================================================== snapshot 
thread java.lang.Thread:{id:0,name:main,status:RUNNING,priority:5,isDaemon:false,lockCount:0,suspendCount:0}
  call stack:
	at Main.main(Main.java:51)


====================================================== search constraint
depth limit reached: 13

====================================================== snapshot 
thread java.lang.Thread:{id:0,name:main,status:RUNNING,priority:5,isDaemon:false,lockCount:0,suspendCount:0}
  call stack:
	at rbtree.RedBlackTree.treeInsert(RedBlackTree.java:51)
	at Main.main(Main.java:53)


====================================================== search constraint
depth limit reached: 13

====================================================== snapshot 
thread java.lang.Thread:{id:0,name:main,status:RUNNING,priority:5,isDaemon:false,lockCount:0,suspendCount:0}
  call stack:
	at rbtree.RedBlackTree.treeSearch(RedBlackTree.java:348)
	at Main.main(Main.java:57)


====================================================== search constraint
depth limit reached: 13

====================================================== snapshot 
thread java.lang.Thread:{id:0,name:main,status:RUNNING,priority:5,isDaemon:false,lockCount:0,suspendCount:0}
  call stack:
	at rbtree.RedBlackTree.treeInsert(RedBlackTree.java:51)
	at Main.main(Main.java:53)


====================================================== search constraint
depth limit reached: 13

====================================================== snapshot 
thread java.lang.Thread:{id:0,name:main,status:RUNNING,priority:5,isDaemon:false,lockCount:0,suspendCount:0}
  call stack:
	at rbtree.RedBlackTree.treeSearch(RedBlackTree.java:348)
	at Main.main(Main.java:57)


====================================================== search constraint
depth limit reached: 13

====================================================== snapshot 
no live threads

====================================================== search constraint
depth limit reached: 13

====================================================== snapshot 
thread java.lang.Thread:{id:0,name:main,status:RUNNING,priority:5,isDaemon:false,lockCount:0,suspendCount:0}
  call stack:
	at rbtree.RedBlackTree.treeSearch(RedBlackTree.java:351)
	at rbtree.RedBlackTree.treeSearch(RedBlackTree.java:352)
	at Main.main(Main.java:57)


====================================================== search constraint
depth limit reached: 13

====================================================== snapshot 
no live threads

====================================================== search constraint
depth limit reached: 13

====================================================== snapshot 
thread java.lang.Thread:{id:0,name:main,status:RUNNING,priority:5,isDaemon:false,lockCount:0,suspendCount:0}
  call stack:
	at rbtree.RedBlackTree.treeSearch(RedBlackTree.java:351)
	at rbtree.RedBlackTree.treeSearch(RedBlackTree.java:354)
	at Main.main(Main.java:57)


====================================================== search constraint
depth limit reached: 13

====================================================== snapshot 
thread java.lang.Thread:{id:0,name:main,status:RUNNING,priority:5,isDaemon:false,lockCount:0,suspendCount:0}
  call stack:
	at rbtree.RedBlackTree.treeInsert(RedBlackTree.java:51)
	at Main.main(Main.java:53)


====================================================== search constraint
depth limit reached: 13

====================================================== snapshot 
thread java.lang.Thread:{id:0,name:main,status:RUNNING,priority:5,isDaemon:false,lockCount:0,suspendCount:0}
  call stack:
	at rbtree.RedBlackTree.treeSearch(RedBlackTree.java:348)
	at Main.main(Main.java:57)


====================================================== search constraint
depth limit reached: 13

====================================================== snapshot 
thread java.lang.Thread:{id:0,name:main,status:RUNNING,priority:5,isDaemon:false,lockCount:0,suspendCount:0}
  call stack:
	at rbtree.RedBlackTree.treeInsert(RedBlackTree.java:51)
	at Main.main(Main.java:53)


====================================================== search constraint
depth limit reached: 13

====================================================== snapshot 
thread java.lang.Thread:{id:0,name:main,status:RUNNING,priority:5,isDaemon:false,lockCount:0,suspendCount:0}
  call stack:
	at rbtree.RedBlackTree.treeSearch(RedBlackTree.java:348)
	at Main.main(Main.java:57)


====================================================== search constraint
depth limit reached: 13

====================================================== snapshot 
thread java.lang.Thread:{id:0,name:main,status:RUNNING,priority:5,isDaemon:false,lockCount:0,suspendCount:0}
  call stack:
	at Main.main(Main.java:51)


====================================================== search constraint
depth limit reached: 13

====================================================== snapshot 
thread java.lang.Thread:{id:0,name:main,status:RUNNING,priority:5,isDaemon:false,lockCount:0,suspendCount:0}
  call stack:
	at Main.main(Main.java:51)


====================================================== search constraint
depth limit reached: 13

====================================================== snapshot 
thread java.lang.Thread:{id:0,name:main,status:RUNNING,priority:5,isDaemon:false,lockCount:0,suspendCount:0}
  call stack:
	at rbtree.RedBlackTree.treeInsert(RedBlackTree.java:51)
	at Main.main(Main.java:53)


====================================================== search constraint
depth limit reached: 13

====================================================== snapshot 
thread java.lang.Thread:{id:0,name:main,status:RUNNING,priority:5,isDaemon:false,lockCount:0,suspendCount:0}
  call stack:
	at rbtree.RedBlackTree.treeSearch(RedBlackTree.java:348)
	at Main.main(Main.java:57)


====================================================== search constraint
depth limit reached: 13

====================================================== snapshot 
no live threads

====================================================== search constraint
depth limit reached: 13

====================================================== snapshot 
thread java.lang.Thread:{id:0,name:main,status:RUNNING,priority:5,isDaemon:false,lockCount:0,suspendCount:0}
  call stack:
	at rbtree.RedBlackTree.treeSearch(RedBlackTree.java:351)
	at rbtree.RedBlackTree.treeSearch(RedBlackTree.java:352)
	at Main.main(Main.java:57)


====================================================== search constraint
depth limit reached: 13

====================================================== snapshot 
no live threads

====================================================== search constraint
depth limit reached: 13

====================================================== snapshot 
thread java.lang.Thread:{id:0,name:main,status:RUNNING,priority:5,isDaemon:false,lockCount:0,suspendCount:0}
  call stack:
	at rbtree.RedBlackTree.treeSearch(RedBlackTree.java:351)
	at rbtree.RedBlackTree.treeSearch(RedBlackTree.java:354)
	at Main.main(Main.java:57)


====================================================== search constraint
depth limit reached: 13

====================================================== snapshot 
thread java.lang.Thread:{id:0,name:main,status:RUNNING,priority:5,isDaemon:false,lockCount:0,suspendCount:0}
  call stack:
	at rbtree.RedBlackTree.treeInsert(RedBlackTree.java:51)
	at Main.main(Main.java:53)


====================================================== search constraint
depth limit reached: 13

====================================================== snapshot 
thread java.lang.Thread:{id:0,name:main,status:RUNNING,priority:5,isDaemon:false,lockCount:0,suspendCount:0}
  call stack:
	at rbtree.RedBlackTree.treeSearch(RedBlackTree.java:348)
	at Main.main(Main.java:57)


====================================================== search constraint
depth limit reached: 13

====================================================== snapshot 
thread java.lang.Thread:{id:0,name:main,status:RUNNING,priority:5,isDaemon:false,lockCount:0,suspendCount:0}
  call stack:
	at rbtree.RedBlackTree.treeInsert(RedBlackTree.java:51)
	at Main.main(Main.java:53)


====================================================== search constraint
depth limit reached: 13

====================================================== snapshot 
thread java.lang.Thread:{id:0,name:main,status:RUNNING,priority:5,isDaemon:false,lockCount:0,suspendCount:0}
  call stack:
	at rbtree.RedBlackTree.treeSearch(RedBlackTree.java:348)
	at Main.main(Main.java:57)


====================================================== search constraint
depth limit reached: 13

====================================================== snapshot 
thread java.lang.Thread:{id:0,name:main,status:RUNNING,priority:5,isDaemon:false,lockCount:0,suspendCount:0}
  call stack:
	at rbtree.RedBlackTree.treeInsert(RedBlackTree.java:51)
	at Main.main(Main.java:53)


====================================================== search constraint
depth limit reached: 13

====================================================== snapshot 
thread java.lang.Thread:{id:0,name:main,status:RUNNING,priority:5,isDaemon:false,lockCount:0,suspendCount:0}
  call stack:
	at rbtree.RedBlackTree.treeSearch(RedBlackTree.java:348)
	at Main.main(Main.java:57)


====================================================== search constraint
depth limit reached: 13

====================================================== snapshot 
thread java.lang.Thread:{id:0,name:main,status:RUNNING,priority:5,isDaemon:false,lockCount:0,suspendCount:0}
  call stack:
	at Main.main(Main.java:51)


====================================================== search constraint
depth limit reached: 13

====================================================== snapshot 
thread java.lang.Thread:{id:0,name:main,status:RUNNING,priority:5,isDaemon:false,lockCount:0,suspendCount:0}
  call stack:
	at Main.main(Main.java:51)


====================================================== search constraint
depth limit reached: 13

====================================================== snapshot 
no live threads

====================================================== search constraint
depth limit reached: 13

====================================================== snapshot 
thread java.lang.Thread:{id:0,name:main,status:RUNNING,priority:5,isDaemon:false,lockCount:0,suspendCount:0}
  call stack:
	at rbtree.RedBlackTree.treeSearch(RedBlackTree.java:351)
	at rbtree.RedBlackTree.treeSearch(RedBlackTree.java:352)
	at Main.main(Main.java:57)


====================================================== search constraint
depth limit reached: 13

====================================================== snapshot 
no live threads

====================================================== search constraint
depth limit reached: 13

====================================================== snapshot 
thread java.lang.Thread:{id:0,name:main,status:RUNNING,priority:5,isDaemon:false,lockCount:0,suspendCount:0}
  call stack:
	at rbtree.RedBlackTree.treeSearch(RedBlackTree.java:351)
	at rbtree.RedBlackTree.treeSearch(RedBlackTree.java:354)
	at Main.main(Main.java:57)


====================================================== search constraint
depth limit reached: 13

====================================================== snapshot 
thread java.lang.Thread:{id:0,name:main,status:RUNNING,priority:5,isDaemon:false,lockCount:0,suspendCount:0}
  call stack:
	at Main.main(Main.java:51)


====================================================== search constraint
depth limit reached: 13

====================================================== snapshot 
thread java.lang.Thread:{id:0,name:main,status:RUNNING,priority:5,isDaemon:false,lockCount:0,suspendCount:0}
  call stack:
	at Main.main(Main.java:51)


====================================================== search constraint
depth limit reached: 13

====================================================== snapshot 
thread java.lang.Thread:{id:0,name:main,status:RUNNING,priority:5,isDaemon:false,lockCount:0,suspendCount:0}
  call stack:
	at rbtree.RedBlackTree.treeInsert(RedBlackTree.java:51)
	at Main.main(Main.java:53)


====================================================== search constraint
depth limit reached: 13

====================================================== snapshot 
thread java.lang.Thread:{id:0,name:main,status:RUNNING,priority:5,isDaemon:false,lockCount:0,suspendCount:0}
  call stack:
	at rbtree.RedBlackTree.treeSearch(RedBlackTree.java:348)
	at Main.main(Main.java:57)


====================================================== search constraint
depth limit reached: 13

====================================================== snapshot 
thread java.lang.Thread:{id:0,name:main,status:RUNNING,priority:5,isDaemon:false,lockCount:0,suspendCount:0}
  call stack:
	at rbtree.RedBlackTree.treeInsert(RedBlackTree.java:51)
	at Main.main(Main.java:53)


====================================================== search constraint
depth limit reached: 13

====================================================== snapshot 
thread java.lang.Thread:{id:0,name:main,status:RUNNING,priority:5,isDaemon:false,lockCount:0,suspendCount:0}
  call stack:
	at rbtree.RedBlackTree.treeSearch(RedBlackTree.java:348)
	at Main.main(Main.java:57)


====================================================== search constraint
depth limit reached: 13

====================================================== snapshot 
thread java.lang.Thread:{id:0,name:main,status:RUNNING,priority:5,isDaemon:false,lockCount:0,suspendCount:0}
  call stack:
	at rbtree.RedBlackTree.treeInsert(RedBlackTree.java:51)
	at Main.main(Main.java:53)


====================================================== search constraint
depth limit reached: 13

====================================================== snapshot 
thread java.lang.Thread:{id:0,name:main,status:RUNNING,priority:5,isDaemon:false,lockCount:0,suspendCount:0}
  call stack:
	at rbtree.RedBlackTree.treeSearch(RedBlackTree.java:348)
	at Main.main(Main.java:57)


====================================================== search constraint
depth limit reached: 13

====================================================== snapshot 
no live threads

====================================================== search constraint
depth limit reached: 13

====================================================== snapshot 
thread java.lang.Thread:{id:0,name:main,status:RUNNING,priority:5,isDaemon:false,lockCount:0,suspendCount:0}
  call stack:
	at rbtree.RedBlackTree.treeSearch(RedBlackTree.java:351)
	at rbtree.RedBlackTree.treeSearch(RedBlackTree.java:352)
	at Main.main(Main.java:57)


====================================================== search constraint
depth limit reached: 13

====================================================== snapshot 
no live threads

====================================================== search constraint
depth limit reached: 13

====================================================== snapshot 
thread java.lang.Thread:{id:0,name:main,status:RUNNING,priority:5,isDaemon:false,lockCount:0,suspendCount:0}
  call stack:
	at rbtree.RedBlackTree.treeSearch(RedBlackTree.java:351)
	at rbtree.RedBlackTree.treeSearch(RedBlackTree.java:354)
	at Main.main(Main.java:57)


====================================================== search constraint
depth limit reached: 13

====================================================== snapshot 
thread java.lang.Thread:{id:0,name:main,status:RUNNING,priority:5,isDaemon:false,lockCount:0,suspendCount:0}
  call stack:
	at rbtree.RedBlackTree.treeInsert(RedBlackTree.java:51)
	at Main.main(Main.java:53)


====================================================== search constraint
depth limit reached: 13

====================================================== snapshot 
thread java.lang.Thread:{id:0,name:main,status:RUNNING,priority:5,isDaemon:false,lockCount:0,suspendCount:0}
  call stack:
	at rbtree.RedBlackTree.treeSearch(RedBlackTree.java:348)
	at Main.main(Main.java:57)


====================================================== search constraint
depth limit reached: 13

====================================================== snapshot 
thread java.lang.Thread:{id:0,name:main,status:RUNNING,priority:5,isDaemon:false,lockCount:0,suspendCount:0}
  call stack:
	at Main.main(Main.java:51)


====================================================== search constraint
depth limit reached: 13

====================================================== snapshot 
thread java.lang.Thread:{id:0,name:main,status:RUNNING,priority:5,isDaemon:false,lockCount:0,suspendCount:0}
  call stack:
	at Main.main(Main.java:51)


====================================================== search constraint
depth limit reached: 13

====================================================== snapshot 
thread java.lang.Thread:{id:0,name:main,status:RUNNING,priority:5,isDaemon:false,lockCount:0,suspendCount:0}
  call stack:
	at rbtree.RedBlackTree.treeInsert(RedBlackTree.java:51)
	at Main.main(Main.java:53)


====================================================== search constraint
depth limit reached: 13

====================================================== snapshot 
thread java.lang.Thread:{id:0,name:main,status:RUNNING,priority:5,isDaemon:false,lockCount:0,suspendCount:0}
  call stack:
	at rbtree.RedBlackTree.treeSearch(RedBlackTree.java:348)
	at Main.main(Main.java:57)


====================================================== search constraint
depth limit reached: 13

====================================================== snapshot 
thread java.lang.Thread:{id:0,name:main,status:RUNNING,priority:5,isDaemon:false,lockCount:0,suspendCount:0}
  call stack:
	at rbtree.RedBlackTree.treeInsert(RedBlackTree.java:51)
	at Main.main(Main.java:53)


====================================================== search constraint
depth limit reached: 13

====================================================== snapshot 
thread java.lang.Thread:{id:0,name:main,status:RUNNING,priority:5,isDaemon:false,lockCount:0,suspendCount:0}
  call stack:
	at rbtree.RedBlackTree.treeSearch(RedBlackTree.java:348)
	at Main.main(Main.java:57)


====================================================== search constraint
depth limit reached: 13

====================================================== snapshot 
no live threads

====================================================== search constraint
depth limit reached: 13

====================================================== snapshot 
thread java.lang.Thread:{id:0,name:main,status:RUNNING,priority:5,isDaemon:false,lockCount:0,suspendCount:0}
  call stack:
	at rbtree.RedBlackTree.treeSearch(RedBlackTree.java:351)
	at rbtree.RedBlackTree.treeSearch(RedBlackTree.java:352)
	at Main.main(Main.java:57)


====================================================== search constraint
depth limit reached: 13

====================================================== snapshot 
no live threads

====================================================== search constraint
depth limit reached: 13

====================================================== snapshot 
thread java.lang.Thread:{id:0,name:main,status:RUNNING,priority:5,isDaemon:false,lockCount:0,suspendCount:0}
  call stack:
	at rbtree.RedBlackTree.treeSearch(RedBlackTree.java:351)
	at rbtree.RedBlackTree.treeSearch(RedBlackTree.java:354)
	at Main.main(Main.java:57)


====================================================== search constraint
depth limit reached: 13

====================================================== snapshot 
thread java.lang.Thread:{id:0,name:main,status:RUNNING,priority:5,isDaemon:false,lockCount:0,suspendCount:0}
  call stack:
	at rbtree.RedBlackTree.treeInsert(RedBlackTree.java:51)
	at Main.main(Main.java:53)


====================================================== search constraint
depth limit reached: 13

====================================================== snapshot 
thread java.lang.Thread:{id:0,name:main,status:RUNNING,priority:5,isDaemon:false,lockCount:0,suspendCount:0}
  call stack:
	at rbtree.RedBlackTree.treeSearch(RedBlackTree.java:348)
	at Main.main(Main.java:57)


====================================================== search constraint
depth limit reached: 13

====================================================== snapshot 
thread java.lang.Thread:{id:0,name:main,status:RUNNING,priority:5,isDaemon:false,lockCount:0,suspendCount:0}
  call stack:
	at rbtree.RedBlackTree.treeInsert(RedBlackTree.java:51)
	at Main.main(Main.java:53)


====================================================== search constraint
depth limit reached: 13

====================================================== snapshot 
thread java.lang.Thread:{id:0,name:main,status:RUNNING,priority:5,isDaemon:false,lockCount:0,suspendCount:0}
  call stack:
	at rbtree.RedBlackTree.treeSearch(RedBlackTree.java:348)
	at Main.main(Main.java:57)


====================================================== search constraint
depth limit reached: 13

====================================================== snapshot 
thread java.lang.Thread:{id:0,name:main,status:RUNNING,priority:5,isDaemon:false,lockCount:0,suspendCount:0}
  call stack:
	at Main.main(Main.java:51)


====================================================== search constraint
depth limit reached: 13

====================================================== snapshot 
thread java.lang.Thread:{id:0,name:main,status:RUNNING,priority:5,isDaemon:false,lockCount:0,suspendCount:0}
  call stack:
	at Main.main(Main.java:51)


====================================================== search constraint
depth limit reached: 13

====================================================== snapshot 
thread java.lang.Thread:{id:0,name:main,status:RUNNING,priority:5,isDaemon:false,lockCount:0,suspendCount:0}
  call stack:
	at rbtree.RedBlackTree.treeInsert(RedBlackTree.java:51)
	at Main.main(Main.java:53)


====================================================== search constraint
depth limit reached: 13

====================================================== snapshot 
thread java.lang.Thread:{id:0,name:main,status:RUNNING,priority:5,isDaemon:false,lockCount:0,suspendCount:0}
  call stack:
	at rbtree.RedBlackTree.treeSearch(RedBlackTree.java:348)
	at Main.main(Main.java:57)


====================================================== search constraint
depth limit reached: 13

====================================================== snapshot 
no live threads

====================================================== search constraint
depth limit reached: 13

====================================================== snapshot 
thread java.lang.Thread:{id:0,name:main,status:RUNNING,priority:5,isDaemon:false,lockCount:0,suspendCount:0}
  call stack:
	at rbtree.RedBlackTree.treeSearch(RedBlackTree.java:351)
	at rbtree.RedBlackTree.treeSearch(RedBlackTree.java:352)
	at Main.main(Main.java:57)


====================================================== search constraint
depth limit reached: 13

====================================================== snapshot 
no live threads

====================================================== search constraint
depth limit reached: 13

====================================================== snapshot 
thread java.lang.Thread:{id:0,name:main,status:RUNNING,priority:5,isDaemon:false,lockCount:0,suspendCount:0}
  call stack:
	at rbtree.RedBlackTree.treeSearch(RedBlackTree.java:351)
	at rbtree.RedBlackTree.treeSearch(RedBlackTree.java:354)
	at Main.main(Main.java:57)


====================================================== search constraint
depth limit reached: 13

====================================================== snapshot 
thread java.lang.Thread:{id:0,name:main,status:RUNNING,priority:5,isDaemon:false,lockCount:0,suspendCount:0}
  call stack:
	at rbtree.RedBlackTree.treeInsert(RedBlackTree.java:51)
	at Main.main(Main.java:53)


====================================================== search constraint
depth limit reached: 13

====================================================== snapshot 
thread java.lang.Thread:{id:0,name:main,status:RUNNING,priority:5,isDaemon:false,lockCount:0,suspendCount:0}
  call stack:
	at rbtree.RedBlackTree.treeSearch(RedBlackTree.java:348)
	at Main.main(Main.java:57)


====================================================== search constraint
depth limit reached: 13

====================================================== snapshot 
thread java.lang.Thread:{id:0,name:main,status:RUNNING,priority:5,isDaemon:false,lockCount:0,suspendCount:0}
  call stack:
	at rbtree.RedBlackTree.treeInsert(RedBlackTree.java:51)
	at Main.main(Main.java:53)


====================================================== search constraint
depth limit reached: 13

====================================================== snapshot 
thread java.lang.Thread:{id:0,name:main,status:RUNNING,priority:5,isDaemon:false,lockCount:0,suspendCount:0}
  call stack:
	at rbtree.RedBlackTree.treeSearch(RedBlackTree.java:348)
	at Main.main(Main.java:57)


====================================================== search constraint
depth limit reached: 13

====================================================== snapshot 
thread java.lang.Thread:{id:0,name:main,status:RUNNING,priority:5,isDaemon:false,lockCount:0,suspendCount:0}
  call stack:
	at rbtree.RedBlackTree.treeInsert(RedBlackTree.java:51)
	at Main.main(Main.java:53)


====================================================== search constraint
depth limit reached: 13

====================================================== snapshot 
thread java.lang.Thread:{id:0,name:main,status:RUNNING,priority:5,isDaemon:false,lockCount:0,suspendCount:0}
  call stack:
	at rbtree.RedBlackTree.treeSearch(RedBlackTree.java:348)
	at Main.main(Main.java:57)


====================================================== search constraint
depth limit reached: 13

====================================================== snapshot 
thread java.lang.Thread:{id:0,name:main,status:RUNNING,priority:5,isDaemon:false,lockCount:0,suspendCount:0}
  call stack:
	at Main.main(Main.java:51)


====================================================== search constraint
depth limit reached: 13

====================================================== snapshot 
thread java.lang.Thread:{id:0,name:main,status:RUNNING,priority:5,isDaemon:false,lockCount:0,suspendCount:0}
  call stack:
	at Main.main(Main.java:51)


====================================================== search constraint
depth limit reached: 13

====================================================== snapshot 
no live threads

====================================================== search constraint
depth limit reached: 13

====================================================== snapshot 
thread java.lang.Thread:{id:0,name:main,status:RUNNING,priority:5,isDaemon:false,lockCount:0,suspendCount:0}
  call stack:
	at rbtree.RedBlackTree.treeSearch(RedBlackTree.java:351)
	at rbtree.RedBlackTree.treeSearch(RedBlackTree.java:352)
	at Main.main(Main.java:57)


====================================================== search constraint
depth limit reached: 13

====================================================== snapshot 
no live threads

====================================================== search constraint
depth limit reached: 13

====================================================== snapshot 
thread java.lang.Thread:{id:0,name:main,status:RUNNING,priority:5,isDaemon:false,lockCount:0,suspendCount:0}
  call stack:
	at rbtree.RedBlackTree.treeSearch(RedBlackTree.java:351)
	at rbtree.RedBlackTree.treeSearch(RedBlackTree.java:354)
	at Main.main(Main.java:57)


====================================================== search constraint
depth limit reached: 13

====================================================== snapshot 
thread java.lang.Thread:{id:0,name:main,status:RUNNING,priority:5,isDaemon:false,lockCount:0,suspendCount:0}
  call stack:
	at rbtree.RedBlackTree.treeInsert(RedBlackTree.java:51)
	at Main.main(Main.java:53)


====================================================== search constraint
depth limit reached: 13

====================================================== snapshot 
thread java.lang.Thread:{id:0,name:main,status:RUNNING,priority:5,isDaemon:false,lockCount:0,suspendCount:0}
  call stack:
	at Main.main(Main.java:51)


====================================================== search constraint
depth limit reached: 13

====================================================== snapshot 
thread java.lang.Thread:{id:0,name:main,status:RUNNING,priority:5,isDaemon:false,lockCount:0,suspendCount:0}
  call stack:
	at Main.main(Main.java:51)


====================================================== search constraint
depth limit reached: 13

====================================================== snapshot 
thread java.lang.Thread:{id:0,name:main,status:RUNNING,priority:5,isDaemon:false,lockCount:0,suspendCount:0}
  call stack:
	at Main.main(Main.java:51)


====================================================== search constraint
depth limit reached: 13

====================================================== snapshot 
thread java.lang.Thread:{id:0,name:main,status:RUNNING,priority:5,isDaemon:false,lockCount:0,suspendCount:0}
  call stack:
	at rbtree.RedBlackTree.treeSearch(RedBlackTree.java:348)
	at rbtree.RedBlackTree.treeSearch(RedBlackTree.java:352)
	at Main.main(Main.java:57)


====================================================== search constraint
depth limit reached: 13

====================================================== snapshot 
thread java.lang.Thread:{id:0,name:main,status:RUNNING,priority:5,isDaemon:false,lockCount:0,suspendCount:0}
  call stack:
	at rbtree.RedBlackTree.treeSearch(RedBlackTree.java:348)
	at rbtree.RedBlackTree.treeSearch(RedBlackTree.java:354)
	at Main.main(Main.java:57)


====================================================== search constraint
depth limit reached: 13

====================================================== snapshot 
thread java.lang.Thread:{id:0,name:main,status:RUNNING,priority:5,isDaemon:false,lockCount:0,suspendCount:0}
  call stack:
	at Main.main(Main.java:51)


====================================================== search constraint
depth limit reached: 13

====================================================== snapshot 
thread java.lang.Thread:{id:0,name:main,status:RUNNING,priority:5,isDaemon:false,lockCount:0,suspendCount:0}
  call stack:
	at rbtree.RedBlackTree.treeInsert(RedBlackTree.java:51)
	at Main.main(Main.java:53)


====================================================== search constraint
depth limit reached: 13

====================================================== snapshot 
thread java.lang.Thread:{id:0,name:main,status:RUNNING,priority:5,isDaemon:false,lockCount:0,suspendCount:0}
  call stack:
	at Main.main(Main.java:51)


====================================================== search constraint
depth limit reached: 13

====================================================== snapshot 
thread java.lang.Thread:{id:0,name:main,status:RUNNING,priority:5,isDaemon:false,lockCount:0,suspendCount:0}
  call stack:
	at Main.main(Main.java:51)


====================================================== search constraint
depth limit reached: 13

====================================================== snapshot 
thread java.lang.Thread:{id:0,name:main,status:RUNNING,priority:5,isDaemon:false,lockCount:0,suspendCount:0}
  call stack:
	at rbtree.RedBlackTree.treeSearch(RedBlackTree.java:348)
	at rbtree.RedBlackTree.treeSearch(RedBlackTree.java:352)
	at Main.main(Main.java:57)


====================================================== search constraint
depth limit reached: 13

====================================================== snapshot 
thread java.lang.Thread:{id:0,name:main,status:RUNNING,priority:5,isDaemon:false,lockCount:0,suspendCount:0}
  call stack:
	at rbtree.RedBlackTree.treeSearch(RedBlackTree.java:348)
	at rbtree.RedBlackTree.treeSearch(RedBlackTree.java:354)
	at Main.main(Main.java:57)


====================================================== search constraint
depth limit reached: 13

====================================================== snapshot 
thread java.lang.Thread:{id:0,name:main,status:RUNNING,priority:5,isDaemon:false,lockCount:0,suspendCount:0}
  call stack:
	at Main.main(Main.java:51)


====================================================== search constraint
depth limit reached: 13

====================================================== snapshot 
thread java.lang.Thread:{id:0,name:main,status:RUNNING,priority:5,isDaemon:false,lockCount:0,suspendCount:0}
  call stack:
	at Main.main(Main.java:51)


====================================================== search constraint
depth limit reached: 13

====================================================== snapshot 
thread java.lang.Thread:{id:0,name:main,status:RUNNING,priority:5,isDaemon:false,lockCount:0,suspendCount:0}
  call stack:
	at rbtree.RedBlackTree.treeInsert(RedBlackTree.java:51)
	at Main.main(Main.java:53)


====================================================== search constraint
depth limit reached: 13

====================================================== snapshot 
thread java.lang.Thread:{id:0,name:main,status:RUNNING,priority:5,isDaemon:false,lockCount:0,suspendCount:0}
  call stack:
	at Main.main(Main.java:51)


====================================================== search constraint
depth limit reached: 13

====================================================== snapshot 
thread java.lang.Thread:{id:0,name:main,status:RUNNING,priority:5,isDaemon:false,lockCount:0,suspendCount:0}
  call stack:
	at rbtree.RedBlackTree.treeSearch(RedBlackTree.java:348)
	at rbtree.RedBlackTree.treeSearch(RedBlackTree.java:352)
	at Main.main(Main.java:57)


====================================================== search constraint
depth limit reached: 13

====================================================== snapshot 
thread java.lang.Thread:{id:0,name:main,status:RUNNING,priority:5,isDaemon:false,lockCount:0,suspendCount:0}
  call stack:
	at rbtree.RedBlackTree.treeSearch(RedBlackTree.java:348)
	at rbtree.RedBlackTree.treeSearch(RedBlackTree.java:354)
	at Main.main(Main.java:57)


====================================================== search constraint
depth limit reached: 13

====================================================== snapshot 
thread java.lang.Thread:{id:0,name:main,status:RUNNING,priority:5,isDaemon:false,lockCount:0,suspendCount:0}
  call stack:
	at Main.main(Main.java:51)


====================================================== search constraint
depth limit reached: 13

====================================================== snapshot 
thread java.lang.Thread:{id:0,name:main,status:RUNNING,priority:5,isDaemon:false,lockCount:0,suspendCount:0}
  call stack:
	at Main.main(Main.java:51)


====================================================== search constraint
depth limit reached: 13

====================================================== snapshot 
thread java.lang.Thread:{id:0,name:main,status:RUNNING,priority:5,isDaemon:false,lockCount:0,suspendCount:0}
  call stack:
	at Main.main(Main.java:51)


====================================================== search constraint
depth limit reached: 13

====================================================== snapshot 
thread java.lang.Thread:{id:0,name:main,status:RUNNING,priority:5,isDaemon:false,lockCount:0,suspendCount:0}
  call stack:
	at rbtree.RedBlackTree.treeInsert(RedBlackTree.java:51)
	at Main.main(Main.java:53)


====================================================== search constraint
depth limit reached: 13

====================================================== snapshot 
thread java.lang.Thread:{id:0,name:main,status:RUNNING,priority:5,isDaemon:false,lockCount:0,suspendCount:0}
  call stack:
	at rbtree.RedBlackTree.treeSearch(RedBlackTree.java:348)
	at rbtree.RedBlackTree.treeSearch(RedBlackTree.java:352)
	at Main.main(Main.java:57)


====================================================== search constraint
depth limit reached: 13

====================================================== snapshot 
thread java.lang.Thread:{id:0,name:main,status:RUNNING,priority:5,isDaemon:false,lockCount:0,suspendCount:0}
  call stack:
	at rbtree.RedBlackTree.treeSearch(RedBlackTree.java:348)
	at rbtree.RedBlackTree.treeSearch(RedBlackTree.java:354)
	at Main.main(Main.java:57)


====================================================== search constraint
depth limit reached: 13

====================================================== snapshot 
thread java.lang.Thread:{id:0,name:main,status:RUNNING,priority:5,isDaemon:false,lockCount:0,suspendCount:0}
  call stack:
	at rbtree.RedBlackTree.treeInsert(RedBlackTree.java:51)
	at Main.main(Main.java:53)


====================================================== search constraint
depth limit reached: 13

====================================================== snapshot 
thread java.lang.Thread:{id:0,name:main,status:RUNNING,priority:5,isDaemon:false,lockCount:0,suspendCount:0}
  call stack:
	at Main.main(Main.java:51)


====================================================== search constraint
depth limit reached: 13

====================================================== snapshot 
thread java.lang.Thread:{id:0,name:main,status:RUNNING,priority:5,isDaemon:false,lockCount:0,suspendCount:0}
  call stack:
	at Main.main(Main.java:51)


====================================================== search constraint
depth limit reached: 13

====================================================== snapshot 
thread java.lang.Thread:{id:0,name:main,status:RUNNING,priority:5,isDaemon:false,lockCount:0,suspendCount:0}
  call stack:
	at Main.main(Main.java:51)


====================================================== search constraint
depth limit reached: 13

====================================================== snapshot 
thread java.lang.Thread:{id:0,name:main,status:RUNNING,priority:5,isDaemon:false,lockCount:0,suspendCount:0}
  call stack:
	at rbtree.RedBlackTree.treeSearch(RedBlackTree.java:348)
	at rbtree.RedBlackTree.treeSearch(RedBlackTree.java:352)
	at Main.main(Main.java:57)


====================================================== search constraint
depth limit reached: 13

====================================================== snapshot 
thread java.lang.Thread:{id:0,name:main,status:RUNNING,priority:5,isDaemon:false,lockCount:0,suspendCount:0}
  call stack:
	at rbtree.RedBlackTree.treeSearch(RedBlackTree.java:348)
	at rbtree.RedBlackTree.treeSearch(RedBlackTree.java:354)
	at Main.main(Main.java:57)


====================================================== search constraint
depth limit reached: 13

====================================================== snapshot 
thread java.lang.Thread:{id:0,name:main,status:RUNNING,priority:5,isDaemon:false,lockCount:0,suspendCount:0}
  call stack:
	at Main.main(Main.java:51)


====================================================== search constraint
depth limit reached: 13

====================================================== snapshot 
thread java.lang.Thread:{id:0,name:main,status:RUNNING,priority:5,isDaemon:false,lockCount:0,suspendCount:0}
  call stack:
	at rbtree.RedBlackTree.treeInsert(RedBlackTree.java:51)
	at Main.main(Main.java:53)


====================================================== search constraint
depth limit reached: 13

====================================================== snapshot 
thread java.lang.Thread:{id:0,name:main,status:RUNNING,priority:5,isDaemon:false,lockCount:0,suspendCount:0}
  call stack:
	at Main.main(Main.java:51)


====================================================== search constraint
depth limit reached: 13

====================================================== snapshot 
thread java.lang.Thread:{id:0,name:main,status:RUNNING,priority:5,isDaemon:false,lockCount:0,suspendCount:0}
  call stack:
	at Main.main(Main.java:51)


====================================================== search constraint
depth limit reached: 13

====================================================== snapshot 
thread java.lang.Thread:{id:0,name:main,status:RUNNING,priority:5,isDaemon:false,lockCount:0,suspendCount:0}
  call stack:
	at rbtree.RedBlackTree.treeSearch(RedBlackTree.java:348)
	at rbtree.RedBlackTree.treeSearch(RedBlackTree.java:352)
	at Main.main(Main.java:57)


====================================================== search constraint
depth limit reached: 13

====================================================== snapshot 
thread java.lang.Thread:{id:0,name:main,status:RUNNING,priority:5,isDaemon:false,lockCount:0,suspendCount:0}
  call stack:
	at rbtree.RedBlackTree.treeSearch(RedBlackTree.java:348)
	at rbtree.RedBlackTree.treeSearch(RedBlackTree.java:354)
	at Main.main(Main.java:57)


====================================================== search constraint
depth limit reached: 13

====================================================== snapshot 
thread java.lang.Thread:{id:0,name:main,status:RUNNING,priority:5,isDaemon:false,lockCount:0,suspendCount:0}
  call stack:
	at Main.main(Main.java:51)


====================================================== search constraint
depth limit reached: 13

====================================================== snapshot 
thread java.lang.Thread:{id:0,name:main,status:RUNNING,priority:5,isDaemon:false,lockCount:0,suspendCount:0}
  call stack:
	at Main.main(Main.java:51)


====================================================== search constraint
depth limit reached: 13

====================================================== snapshot 
thread java.lang.Thread:{id:0,name:main,status:RUNNING,priority:5,isDaemon:false,lockCount:0,suspendCount:0}
  call stack:
	at rbtree.RedBlackTree.treeInsert(RedBlackTree.java:51)
	at Main.main(Main.java:53)


====================================================== search constraint
depth limit reached: 13

====================================================== snapshot 
thread java.lang.Thread:{id:0,name:main,status:RUNNING,priority:5,isDaemon:false,lockCount:0,suspendCount:0}
  call stack:
	at Main.main(Main.java:51)


====================================================== search constraint
depth limit reached: 13

====================================================== snapshot 
thread java.lang.Thread:{id:0,name:main,status:RUNNING,priority:5,isDaemon:false,lockCount:0,suspendCount:0}
  call stack:
	at rbtree.RedBlackTree.treeSearch(RedBlackTree.java:348)
	at rbtree.RedBlackTree.treeSearch(RedBlackTree.java:352)
	at Main.main(Main.java:57)


====================================================== search constraint
depth limit reached: 13

====================================================== snapshot 
thread java.lang.Thread:{id:0,name:main,status:RUNNING,priority:5,isDaemon:false,lockCount:0,suspendCount:0}
  call stack:
	at rbtree.RedBlackTree.treeSearch(RedBlackTree.java:348)
	at rbtree.RedBlackTree.treeSearch(RedBlackTree.java:354)
	at Main.main(Main.java:57)


====================================================== search constraint
depth limit reached: 13

====================================================== snapshot 
thread java.lang.Thread:{id:0,name:main,status:RUNNING,priority:5,isDaemon:false,lockCount:0,suspendCount:0}
  call stack:
	at Main.main(Main.java:51)


====================================================== search constraint
depth limit reached: 13

====================================================== snapshot 
thread java.lang.Thread:{id:0,name:main,status:RUNNING,priority:5,isDaemon:false,lockCount:0,suspendCount:0}
  call stack:
	at Main.main(Main.java:51)


====================================================== search constraint
depth limit reached: 13

====================================================== snapshot 
thread java.lang.Thread:{id:0,name:main,status:RUNNING,priority:5,isDaemon:false,lockCount:0,suspendCount:0}
  call stack:
	at Main.main(Main.java:51)


====================================================== search constraint
depth limit reached: 13

====================================================== snapshot 
thread java.lang.Thread:{id:0,name:main,status:RUNNING,priority:5,isDaemon:false,lockCount:0,suspendCount:0}
  call stack:
	at rbtree.RedBlackTree.treeInsert(RedBlackTree.java:51)
	at Main.main(Main.java:53)


====================================================== search constraint
depth limit reached: 13

====================================================== snapshot 
thread java.lang.Thread:{id:0,name:main,status:RUNNING,priority:5,isDaemon:false,lockCount:0,suspendCount:0}
  call stack:
	at rbtree.RedBlackTree.treeSearch(RedBlackTree.java:348)
	at rbtree.RedBlackTree.treeSearch(RedBlackTree.java:352)
	at Main.main(Main.java:57)


====================================================== search constraint
depth limit reached: 13

====================================================== snapshot 
thread java.lang.Thread:{id:0,name:main,status:RUNNING,priority:5,isDaemon:false,lockCount:0,suspendCount:0}
  call stack:
	at rbtree.RedBlackTree.treeSearch(RedBlackTree.java:348)
	at rbtree.RedBlackTree.treeSearch(RedBlackTree.java:354)
	at Main.main(Main.java:57)


====================================================== results
no errors detected

====================================================== statistics
elapsed time:       00:00:04
states:             new=543,visited=0,backtracked=543,end=95
search:             maxDepth=13,constraints=192
choice generators:  thread=1 (signal=0,lock=1,sharedRef=0,threadApi=0,reschedule=0), data=271
heap:               new=999,released=1727,maxLive=476,gcCycles=542
instructions:       35574
max memory:         44MB
loaded code:        classes=89,methods=1967

====================================================== search finished: 26/7/25 3:00 AM
SAFE
