./jpf-sv-comp --propertyfile ../../sv-benchmarks/java/properties/runtime-exception.prp ../../sv-benchmarks/java/common ../../sv-benchmarks/java/jbmc-regression/fcmpx_dcmpx1


--------------------------------------------------------------------------------


/tmp/jpf-benchmark.C5hj1M/config.jpf
LD_LIBRARY_PATH=/home/f8/Desktop/bench-defs/bin/spf2-wqB1rj98YZ/jpf-symbc/lib:/home/f8/Desktop/SPF/jpf-symbc/lib:
symbolic.min_int=-2147483648
symbolic.min_long=-9223372036854775808
symbolic.min_short=-32768
symbolic.min_byte=-128
symbolic.min_char=0
symbolic.max_int=2147483647
symbolic.max_long=9223372036854775807
symbolic.max_short=32767
symbolic.max_byte=127
symbolic.max_char=65535
symbolic.min_double=4.9E-324
symbolic.max_double=1.7976931348623157E308
JavaPathfinder core system v8.0 (rev 8b82638acdeb8140d063107c30b29a0161fcc31c) - (C) 2005-2014 United States Government. All rights reserved.


====================================================== system under test
Main.main()

====================================================== search started: 26/7/25 4:26 AM

====================================================== results
no errors detected

====================================================== statistics
elapsed time:       00:00:00
states:             new=1,visited=0,backtracked=1,end=1
search:             maxDepth=1,constraints=0
choice generators:  thread=1 (signal=0,lock=1,sharedRef=0,threadApi=0,reschedule=0), data=0
heap:               new=450,released=13,maxLive=0,gcCycles=1
instructions:       6349
max memory:         44MB
loaded code:        classes=81,methods=1618

====================================================== search finished: 26/7/25 4:26 AM
SAFE
