./jpf-sv-comp --propertyfile ../../sv-benchmarks/java/properties/runtime-exception.prp ../../sv-benchmarks/java/common ../../sv-benchmarks/java/MinePump/spec1-5_product26


--------------------------------------------------------------------------------


PROP_FILE=../../sv-benchmarks/java/properties/runtime-exception.prp
CHECK(init(Main.main()), LTL(G ! uncaught(java.lang.RuntimeException)))
ASSERTION_MODE=FALSE
RUNTIME_EXCEPTION_MODE=TRUE
/tmp/jpf-benchmark.5Dn4HP/config.jpf
LD_LIBRARY_PATH=/home/f8/Desktop/bench-defs/bin/spf-2Fi5DX82Mr/jpf-symbc/lib:/home/f8/Desktop/SPF/jpf-symbc/lib:
symbolic.min_int=-2147483648
symbolic.min_long=-9223372036854775808
symbolic.min_short=-32768
symbolic.min_byte=-128
symbolic.min_char=0
symbolic.max_int=2147483647
symbolic.max_long=9223372036854775807
symbolic.max_short=32767
symbolic.max_byte=127
symbolic.max_char=65535
symbolic.min_double=4.9E-324
symbolic.max_double=1.7976931348623157E308
JavaPathfinder core system v8.0 (rev a9cfdfd20e921dacd2aaa6e92103681eb28cc81d) - (C) 2005-2014 United States Government. All rights reserved.


====================================================== system under test
Main.main()

====================================================== search started: 7/8/25 3:05 AM
$$$$$$$$$$$$$$$$$$$$$$$$$$$$$$$$
Calling Z3str3

Returned solutions: 
(define-fun bool2 () Int  1)
*************************************
Satisfiable: true
*************************************

$$$$$$$$$$$$$$$$$$$$$$$$$$$$$$$$
Calling Z3str3

Returned solutions: 
(define-fun bool2 () Int  0)
*************************************
Satisfiable: true
*************************************

$$$$$$$$$$$$$$$$$$$$$$$$$$$$$$$$
Calling Z3str3

Returned solutions: 
(define-fun bool2 () Int  0)
(define-fun bool0 () Int  0)
*************************************
Satisfiable: true
*************************************

$$$$$$$$$$$$$$$$$$$$$$$$$$$$$$$$
Calling Z3str3

Returned solutions: 
(define-fun bool0 () Int  1)
(define-fun bool2 () Int  0)
*************************************
Satisfiable: true
*************************************

$$$$$$$$$$$$$$$$$$$$$$$$$$$$$$$$
Calling Z3str3

Returned solutions: 
(define-fun bool0 () Int  1)
(define-fun bool2 () Int  0)
(define-fun bool1 () Int  0)
*************************************
Satisfiable: true
*************************************

$$$$$$$$$$$$$$$$$$$$$$$$$$$$$$$$
Calling Z3str3

Returned solutions: 
(define-fun bool0 () Int  1)
(define-fun bool1 () Int  1)
(define-fun bool2 () Int  0)
*************************************
Satisfiable: true
*************************************

$$$$$$$$$$$$$$$$$$$$$$$$$$$$$$$$
Calling Z3str3

Returned solutions: 
(define-fun bool0 () Int  1)
(define-fun bool1 () Int  1)
(define-fun bool2 () Int  0)
*************************************
Satisfiable: true
*************************************

$$$$$$$$$$$$$$$$$$$$$$$$$$$$$$$$
Calling Z3str3

Returned solutions: 
(define-fun bool0 () Int  1)
(define-fun bool1 () Int  1)
(define-fun bool2 () Int  0)
(define-fun bool3 () Int  0)
*************************************
Satisfiable: true
*************************************

$$$$$$$$$$$$$$$$$$$$$$$$$$$$$$$$
Calling Z3str3

Returned solutions: 
(define-fun bool0 () Int  1)
(define-fun bool1 () Int  1)
(define-fun bool3 () Int  1)
(define-fun bool2 () Int  0)
*************************************
Satisfiable: true
*************************************

$$$$$$$$$$$$$$$$$$$$$$$$$$$$$$$$
Calling Z3str3

Returned solutions: 
(define-fun bool0 () Int  1)
(define-fun bool1 () Int  1)
(define-fun bool3 () Int  1)
(define-fun bool6 () Int  1)
(define-fun bool2 () Int  0)
*************************************
Satisfiable: true
*************************************

$$$$$$$$$$$$$$$$$$$$$$$$$$$$$$$$
Calling Z3str3

Returned solutions: 
(define-fun bool0 () Int  1)
(define-fun bool1 () Int  1)
(define-fun bool3 () Int  1)
(define-fun bool2 () Int  0)
(define-fun bool6 () Int  0)
*************************************
Satisfiable: true
*************************************

$$$$$$$$$$$$$$$$$$$$$$$$$$$$$$$$
Calling Z3str3

Returned solutions: 
(define-fun bool0 () Int  1)
(define-fun bool1 () Int  1)
(define-fun bool3 () Int  1)
(define-fun bool2 () Int  0)
(define-fun bool6 () Int  0)
(define-fun bool4 () Int  0)
*************************************
Satisfiable: true
*************************************

$$$$$$$$$$$$$$$$$$$$$$$$$$$$$$$$
Calling Z3str3

Returned solutions: 
(define-fun bool0 () Int  1)
(define-fun bool1 () Int  1)
(define-fun bool3 () Int  1)
(define-fun bool4 () Int  1)
(define-fun bool2 () Int  0)
(define-fun bool6 () Int  0)
*************************************
Satisfiable: true
*************************************

$$$$$$$$$$$$$$$$$$$$$$$$$$$$$$$$
Calling Z3str3

Returned solutions: 
(define-fun bool0 () Int  1)
(define-fun bool1 () Int  1)
(define-fun bool3 () Int  1)
(define-fun bool4 () Int  1)
(define-fun bool2 () Int  0)
(define-fun bool6 () Int  0)
(define-fun bool5 () Int  0)
*************************************
Satisfiable: true
*************************************

$$$$$$$$$$$$$$$$$$$$$$$$$$$$$$$$
Calling Z3str3

Returned solutions: 
(define-fun bool0 () Int  1)
(define-fun bool1 () Int  1)
(define-fun bool3 () Int  1)
(define-fun bool4 () Int  1)
(define-fun bool5 () Int  1)
(define-fun bool2 () Int  0)
(define-fun bool6 () Int  0)
*************************************
Satisfiable: true
*************************************

$$$$$$$$$$$$$$$$$$$$$$$$$$$$$$$$
Calling Z3str3

Returned solutions: 
(define-fun bool0 () Int  1)
(define-fun bool1 () Int  1)
(define-fun bool3 () Int  1)
(define-fun bool4 () Int  1)
(define-fun bool5 () Int  1)
(define-fun bool2 () Int  0)
(define-fun bool6 () Int  0)
*************************************
Satisfiable: true
*************************************

$$$$$$$$$$$$$$$$$$$$$$$$$$$$$$$$
Calling Z3str3

Returned solutions: 
(define-fun bool0 () Int  1)
(define-fun bool1 () Int  1)
(define-fun bool3 () Int  1)
(define-fun bool4 () Int  1)
(define-fun bool5 () Int  1)
(define-fun bool2 () Int  0)
(define-fun bool6 () Int  0)
(define-fun bool7 () Int  0)
*************************************
Satisfiable: true
*************************************

$$$$$$$$$$$$$$$$$$$$$$$$$$$$$$$$
Calling Z3str3

Returned solutions: 
(define-fun bool0 () Int  1)
(define-fun bool1 () Int  1)
(define-fun bool3 () Int  1)
(define-fun bool4 () Int  1)
(define-fun bool5 () Int  1)
(define-fun bool7 () Int  1)
(define-fun bool2 () Int  0)
(define-fun bool6 () Int  0)
*************************************
Satisfiable: true
*************************************

$$$$$$$$$$$$$$$$$$$$$$$$$$$$$$$$
Calling Z3str3

Returned solutions: 
(define-fun bool0 () Int  1)
(define-fun bool1 () Int  1)
(define-fun bool3 () Int  1)
(define-fun bool4 () Int  1)
(define-fun bool5 () Int  1)
(define-fun bool7 () Int  1)
(define-fun bool2 () Int  0)
(define-fun bool6 () Int  0)
*************************************
Satisfiable: true
*************************************

Property Violated: PC is constraint # = 8
bool7[1] != CONST_0 &&
bool5[1] != CONST_0 &&
bool4[1] != CONST_0 &&
bool6[0] == CONST_0 &&
bool3[1] != CONST_0 &&
bool1[1] != CONST_0 &&
bool0[1] != CONST_0 &&
bool2[0] == CONST_0
Property Violated: result is  "java.lang.AssertionError..."
****************************

====================================================== error 1
gov.nasa.jpf.vm.NoUncaughtExceptionsProperty
java.lang.AssertionError
	at Actions.Specification3(Actions.java:104)
	at Actions.timeShift(Actions.java:50)
	at Main.randomSequenceOfActions(Main.java:50)
	at Main.main(Main.java:16)


====================================================== snapshot #1
thread java.lang.Thread:{id:0,name:main,status:RUNNING,priority:5,isDaemon:false,lockCount:0,suspendCount:0}
  call stack:
	at Actions.Specification3(Actions.java:104)
	at Actions.timeShift(Actions.java:50)
	at Main.randomSequenceOfActions(Main.java:50)
	at Main.main(Main.java:16)


====================================================== Method Summaries
Inputs: 

()  --> "java.lang.AssertionError..."

====================================================== Method Summaries (HTML)
<h1>Test Cases Generated by Symbolic JavaPath Finder for  (Path Coverage) </h1>
<table border=1>
<tr><td>RETURN</td></tr>
<tr><td>"java.lang.AssertionError..."</td></tr>
</table>

====================================================== results
error #1: gov.nasa.jpf.vm.NoUncaughtExceptionsProperty "java.lang.AssertionError  at Actions.Specification..."

====================================================== statistics
elapsed time:       00:00:01
states:             new=9,visited=0,backtracked=0,end=0
search:             maxDepth=9,constraints=0
choice generators:  thread=1 (signal=0,lock=1,sharedRef=0,threadApi=0,reschedule=0), data=8
heap:               new=545,released=37,maxLive=492,gcCycles=8
instructions:       7233
max memory:         44MB
loaded code:        classes=94,methods=1914

====================================================== search finished: 7/8/25 3:05 AM
inside runtime_exception_mode=true
UNKNOWN
