./jpf-sv-comp --propertyfile ../../sv-benchmarks/java/properties/assert_java.prp ../../sv-benchmarks/java/common ../../sv-benchmarks/java/MinePump/spec1-5_product12


--------------------------------------------------------------------------------


PROP_FILE=../../sv-benchmarks/java/properties/assert_java.prp
CHECK( init(Main.main()), LTL(G assert) )
ASSERTION_MODE=TRUE
RUNTIME_EXCEPTION_MODE=FALSE
/tmp/jpf-benchmark.rokgOU/config.jpf
LD_LIBRARY_PATH=/home/f8/Desktop/bench-defs/bin/spf-x7QRTWdPtu/jpf-symbc/lib:/home/f8/Desktop/SPF/jpf-symbc/lib:
symbolic.min_int=-2147483648
symbolic.min_long=-9223372036854775808
symbolic.min_short=-32768
symbolic.min_byte=-128
symbolic.min_char=0
symbolic.max_int=2147483647
symbolic.max_long=9223372036854775807
symbolic.max_short=32767
symbolic.max_byte=127
symbolic.max_char=65535
symbolic.min_double=4.9E-324
symbolic.max_double=1.7976931348623157E308
JavaPathfinder core system v8.0 (rev a9cfdfd20e921dacd2aaa6e92103681eb28cc81d) - (C) 2005-2014 United States Government. All rights reserved.


====================================================== system under test
Main.main()

====================================================== search started: 7/8/25 4:45 AM
$$$$$$$$$$$$$$$$$$$$$$$$$$$$$$$$
Calling Z3str3

Returned solutions: 
(define-fun bool2 () Int  1)
*************************************
Satisfiable: true
*************************************

$$$$$$$$$$$$$$$$$$$$$$$$$$$$$$$$
Calling Z3str3

Returned solutions: 
(define-fun bool2 () Int  0)
*************************************
Satisfiable: true
*************************************

$$$$$$$$$$$$$$$$$$$$$$$$$$$$$$$$
Calling Z3str3

Returned solutions: 
(define-fun bool2 () Int  0)
(define-fun bool0 () Int  0)
*************************************
Satisfiable: true
*************************************

$$$$$$$$$$$$$$$$$$$$$$$$$$$$$$$$
Calling Z3str3

Returned solutions: 
(define-fun bool0 () Int  1)
(define-fun bool2 () Int  0)
*************************************
Satisfiable: true
*************************************

$$$$$$$$$$$$$$$$$$$$$$$$$$$$$$$$
Calling Z3str3

Returned solutions: 
(define-fun bool0 () Int  1)
(define-fun bool2 () Int  0)
(define-fun bool1 () Int  0)
*************************************
Satisfiable: true
*************************************

$$$$$$$$$$$$$$$$$$$$$$$$$$$$$$$$
Calling Z3str3

Returned solutions: 
(define-fun bool0 () Int  1)
(define-fun bool1 () Int  1)
(define-fun bool2 () Int  0)
*************************************
Satisfiable: true
*************************************

$$$$$$$$$$$$$$$$$$$$$$$$$$$$$$$$
Calling Z3str3

Returned solutions: 
(define-fun bool0 () Int  1)
(define-fun bool1 () Int  1)
(define-fun bool2 () Int  0)
*************************************
Satisfiable: true
*************************************

$$$$$$$$$$$$$$$$$$$$$$$$$$$$$$$$
Calling Z3str3

Returned solutions: 
(define-fun bool0 () Int  1)
(define-fun bool1 () Int  1)
(define-fun bool2 () Int  0)
(define-fun bool3 () Int  0)
*************************************
Satisfiable: true
*************************************

$$$$$$$$$$$$$$$$$$$$$$$$$$$$$$$$
Calling Z3str3

Returned solutions: 
(define-fun bool0 () Int  1)
(define-fun bool1 () Int  1)
(define-fun bool3 () Int  1)
(define-fun bool2 () Int  0)
*************************************
Satisfiable: true
*************************************

$$$$$$$$$$$$$$$$$$$$$$$$$$$$$$$$
Calling Z3str3

Returned solutions: 
(define-fun bool0 () Int  1)
(define-fun bool1 () Int  1)
(define-fun bool3 () Int  1)
(define-fun bool6 () Int  1)
(define-fun bool2 () Int  0)
*************************************
Satisfiable: true
*************************************

$$$$$$$$$$$$$$$$$$$$$$$$$$$$$$$$
Calling Z3str3

Returned solutions: 
(define-fun bool0 () Int  1)
(define-fun bool1 () Int  1)
(define-fun bool3 () Int  1)
(define-fun bool2 () Int  0)
(define-fun bool6 () Int  0)
*************************************
Satisfiable: true
*************************************

$$$$$$$$$$$$$$$$$$$$$$$$$$$$$$$$
Calling Z3str3

Returned solutions: 
(define-fun bool0 () Int  1)
(define-fun bool1 () Int  1)
(define-fun bool3 () Int  1)
(define-fun bool2 () Int  0)
(define-fun bool6 () Int  0)
(define-fun bool4 () Int  0)
*************************************
Satisfiable: true
*************************************

$$$$$$$$$$$$$$$$$$$$$$$$$$$$$$$$
Calling Z3str3

Returned solutions: 
(define-fun bool0 () Int  1)
(define-fun bool1 () Int  1)
(define-fun bool3 () Int  1)
(define-fun bool4 () Int  1)
(define-fun bool2 () Int  0)
(define-fun bool6 () Int  0)
*************************************
Satisfiable: true
*************************************

$$$$$$$$$$$$$$$$$$$$$$$$$$$$$$$$
Calling Z3str3

Returned solutions: 
(define-fun bool0 () Int  1)
(define-fun bool1 () Int  1)
(define-fun bool3 () Int  1)
(define-fun bool4 () Int  1)
(define-fun bool2 () Int  0)
(define-fun bool6 () Int  0)
(define-fun bool5 () Int  0)
*************************************
Satisfiable: true
*************************************

$$$$$$$$$$$$$$$$$$$$$$$$$$$$$$$$
Calling Z3str3

Returned solutions: 
(define-fun bool0 () Int  1)
(define-fun bool1 () Int  1)
(define-fun bool3 () Int  1)
(define-fun bool4 () Int  1)
(define-fun bool5 () Int  1)
(define-fun bool2 () Int  0)
(define-fun bool6 () Int  0)
*************************************
Satisfiable: true
*************************************

$$$$$$$$$$$$$$$$$$$$$$$$$$$$$$$$
Calling Z3str3

Returned solutions: 
(define-fun bool0 () Int  1)
(define-fun bool1 () Int  1)
(define-fun bool3 () Int  1)
(define-fun bool4 () Int  1)
(define-fun bool5 () Int  1)
(define-fun bool2 () Int  0)
(define-fun bool6 () Int  0)
*************************************
Satisfiable: true
*************************************

$$$$$$$$$$$$$$$$$$$$$$$$$$$$$$$$
Calling Z3str3

Returned solutions: 
(define-fun bool0 () Int  1)
(define-fun bool1 () Int  1)
(define-fun bool3 () Int  1)
(define-fun bool4 () Int  1)
(define-fun bool5 () Int  1)
(define-fun bool2 () Int  0)
(define-fun bool6 () Int  0)
(define-fun bool7 () Int  0)
*************************************
Satisfiable: true
*************************************

$$$$$$$$$$$$$$$$$$$$$$$$$$$$$$$$
Calling Z3str3

Returned solutions: 
(define-fun bool0 () Int  1)
(define-fun bool1 () Int  1)
(define-fun bool3 () Int  1)
(define-fun bool4 () Int  1)
(define-fun bool5 () Int  1)
(define-fun bool7 () Int  1)
(define-fun bool2 () Int  0)
(define-fun bool6 () Int  0)
*************************************
Satisfiable: true
*************************************

$$$$$$$$$$$$$$$$$$$$$$$$$$$$$$$$
Calling Z3str3

Returned solutions: 
(define-fun bool0 () Int  1)
(define-fun bool1 () Int  1)
(define-fun bool3 () Int  1)
(define-fun bool4 () Int  1)
(define-fun bool5 () Int  1)
(define-fun bool7 () Int  1)
(define-fun bool10 () Int  1)
(define-fun bool2 () Int  0)
(define-fun bool6 () Int  0)
*************************************
Satisfiable: true
*************************************

$$$$$$$$$$$$$$$$$$$$$$$$$$$$$$$$
Calling Z3str3

Returned solutions: 
(define-fun bool0 () Int  1)
(define-fun bool1 () Int  1)
(define-fun bool3 () Int  1)
(define-fun bool4 () Int  1)
(define-fun bool5 () Int  1)
(define-fun bool7 () Int  1)
(define-fun bool2 () Int  0)
(define-fun bool6 () Int  0)
(define-fun bool10 () Int  0)
*************************************
Satisfiable: true
*************************************

$$$$$$$$$$$$$$$$$$$$$$$$$$$$$$$$
Calling Z3str3

Returned solutions: 
(define-fun bool0 () Int  1)
(define-fun bool1 () Int  1)
(define-fun bool3 () Int  1)
(define-fun bool4 () Int  1)
(define-fun bool5 () Int  1)
(define-fun bool7 () Int  1)
(define-fun bool2 () Int  0)
(define-fun bool6 () Int  0)
(define-fun bool10 () Int  0)
(define-fun bool8 () Int  0)
*************************************
Satisfiable: true
*************************************

$$$$$$$$$$$$$$$$$$$$$$$$$$$$$$$$
Calling Z3str3

Returned solutions: 
(define-fun bool0 () Int  1)
(define-fun bool1 () Int  1)
(define-fun bool3 () Int  1)
(define-fun bool4 () Int  1)
(define-fun bool5 () Int  1)
(define-fun bool7 () Int  1)
(define-fun bool8 () Int  1)
(define-fun bool2 () Int  0)
(define-fun bool6 () Int  0)
(define-fun bool10 () Int  0)
*************************************
Satisfiable: true
*************************************

$$$$$$$$$$$$$$$$$$$$$$$$$$$$$$$$
Calling Z3str3

Returned solutions: 
(define-fun bool0 () Int  1)
(define-fun bool1 () Int  1)
(define-fun bool3 () Int  1)
(define-fun bool4 () Int  1)
(define-fun bool5 () Int  1)
(define-fun bool7 () Int  1)
(define-fun bool8 () Int  1)
(define-fun bool2 () Int  0)
(define-fun bool6 () Int  0)
(define-fun bool10 () Int  0)
(define-fun bool9 () Int  0)
*************************************
Satisfiable: true
*************************************

$$$$$$$$$$$$$$$$$$$$$$$$$$$$$$$$
Calling Z3str3

Returned solutions: 
(define-fun bool0 () Int  1)
(define-fun bool1 () Int  1)
(define-fun bool3 () Int  1)
(define-fun bool4 () Int  1)
(define-fun bool5 () Int  1)
(define-fun bool7 () Int  1)
(define-fun bool8 () Int  1)
(define-fun bool9 () Int  1)
(define-fun bool2 () Int  0)
(define-fun bool6 () Int  0)
(define-fun bool10 () Int  0)
*************************************
Satisfiable: true
*************************************

$$$$$$$$$$$$$$$$$$$$$$$$$$$$$$$$
Calling Z3str3

Returned solutions: 
(define-fun bool0 () Int  1)
(define-fun bool1 () Int  1)
(define-fun bool3 () Int  1)
(define-fun bool4 () Int  1)
(define-fun bool5 () Int  1)
(define-fun bool7 () Int  1)
(define-fun bool8 () Int  1)
(define-fun bool9 () Int  1)
(define-fun bool2 () Int  0)
(define-fun bool6 () Int  0)
(define-fun bool10 () Int  0)
*************************************
Satisfiable: true
*************************************

$$$$$$$$$$$$$$$$$$$$$$$$$$$$$$$$
Calling Z3str3

Returned solutions: 
(define-fun bool0 () Int  1)
(define-fun bool1 () Int  1)
(define-fun bool3 () Int  1)
(define-fun bool4 () Int  1)
(define-fun bool5 () Int  1)
(define-fun bool7 () Int  1)
(define-fun bool8 () Int  1)
(define-fun bool9 () Int  1)
(define-fun bool2 () Int  0)
(define-fun bool6 () Int  0)
(define-fun bool10 () Int  0)
(define-fun bool11 () Int  0)
*************************************
Satisfiable: true
*************************************

$$$$$$$$$$$$$$$$$$$$$$$$$$$$$$$$
Calling Z3str3

Returned solutions: 
(define-fun bool0 () Int  1)
(define-fun bool1 () Int  1)
(define-fun bool3 () Int  1)
(define-fun bool4 () Int  1)
(define-fun bool5 () Int  1)
(define-fun bool7 () Int  1)
(define-fun bool8 () Int  1)
(define-fun bool9 () Int  1)
(define-fun bool11 () Int  1)
(define-fun bool2 () Int  0)
(define-fun bool6 () Int  0)
(define-fun bool10 () Int  0)
*************************************
Satisfiable: true
*************************************


====================================================== search constraint
depth limit reached: 13

====================================================== snapshot 
no live threads

====================================================== search constraint
depth limit reached: 13

====================================================== snapshot 
no live threads
$$$$$$$$$$$$$$$$$$$$$$$$$$$$$$$$
Calling Z3str3

Returned solutions: 
(define-fun bool0 () Int  1)
(define-fun bool1 () Int  1)
(define-fun bool3 () Int  1)
(define-fun bool4 () Int  1)
(define-fun bool5 () Int  1)
(define-fun bool7 () Int  1)
(define-fun bool8 () Int  1)
(define-fun bool2 () Int  0)
(define-fun bool6 () Int  0)
(define-fun bool10 () Int  0)
(define-fun bool9 () Int  0)
*************************************
Satisfiable: true
*************************************

$$$$$$$$$$$$$$$$$$$$$$$$$$$$$$$$
Calling Z3str3

Returned solutions: 
(define-fun bool0 () Int  1)
(define-fun bool1 () Int  1)
(define-fun bool3 () Int  1)
(define-fun bool4 () Int  1)
(define-fun bool5 () Int  1)
(define-fun bool7 () Int  1)
(define-fun bool8 () Int  1)
(define-fun bool2 () Int  0)
(define-fun bool6 () Int  0)
(define-fun bool10 () Int  0)
(define-fun bool9 () Int  0)
(define-fun bool11 () Int  0)
*************************************
Satisfiable: true
*************************************

$$$$$$$$$$$$$$$$$$$$$$$$$$$$$$$$
Calling Z3str3

Returned solutions: 
(define-fun bool0 () Int  1)
(define-fun bool1 () Int  1)
(define-fun bool3 () Int  1)
(define-fun bool4 () Int  1)
(define-fun bool5 () Int  1)
(define-fun bool7 () Int  1)
(define-fun bool8 () Int  1)
(define-fun bool11 () Int  1)
(define-fun bool2 () Int  0)
(define-fun bool6 () Int  0)
(define-fun bool10 () Int  0)
(define-fun bool9 () Int  0)
*************************************
Satisfiable: true
*************************************


====================================================== search constraint
depth limit reached: 13

====================================================== snapshot 
no live threads

====================================================== search constraint
depth limit reached: 13

====================================================== snapshot 
no live threads
$$$$$$$$$$$$$$$$$$$$$$$$$$$$$$$$
Calling Z3str3

Returned solutions: 
(define-fun bool0 () Int  1)
(define-fun bool1 () Int  1)
(define-fun bool3 () Int  1)
(define-fun bool4 () Int  1)
(define-fun bool5 () Int  1)
(define-fun bool7 () Int  1)
(define-fun bool2 () Int  0)
(define-fun bool6 () Int  0)
(define-fun bool10 () Int  0)
(define-fun bool8 () Int  0)
(define-fun bool9 () Int  0)
*************************************
Satisfiable: true
*************************************

$$$$$$$$$$$$$$$$$$$$$$$$$$$$$$$$
Calling Z3str3

Returned solutions: 
(define-fun bool0 () Int  1)
(define-fun bool1 () Int  1)
(define-fun bool3 () Int  1)
(define-fun bool4 () Int  1)
(define-fun bool5 () Int  1)
(define-fun bool7 () Int  1)
(define-fun bool9 () Int  1)
(define-fun bool2 () Int  0)
(define-fun bool6 () Int  0)
(define-fun bool10 () Int  0)
(define-fun bool8 () Int  0)
*************************************
Satisfiable: true
*************************************

$$$$$$$$$$$$$$$$$$$$$$$$$$$$$$$$
Calling Z3str3

Returned solutions: 
(define-fun bool0 () Int  1)
(define-fun bool1 () Int  1)
(define-fun bool3 () Int  1)
(define-fun bool4 () Int  1)
(define-fun bool5 () Int  1)
(define-fun bool7 () Int  1)
(define-fun bool9 () Int  1)
(define-fun bool2 () Int  0)
(define-fun bool6 () Int  0)
(define-fun bool10 () Int  0)
(define-fun bool8 () Int  0)
*************************************
Satisfiable: true
*************************************

$$$$$$$$$$$$$$$$$$$$$$$$$$$$$$$$
Calling Z3str3

Returned solutions: 
(define-fun bool0 () Int  1)
(define-fun bool1 () Int  1)
(define-fun bool3 () Int  1)
(define-fun bool4 () Int  1)
(define-fun bool5 () Int  1)
(define-fun bool7 () Int  1)
(define-fun bool9 () Int  1)
(define-fun bool2 () Int  0)
(define-fun bool6 () Int  0)
(define-fun bool10 () Int  0)
(define-fun bool8 () Int  0)
(define-fun bool11 () Int  0)
*************************************
Satisfiable: true
*************************************

$$$$$$$$$$$$$$$$$$$$$$$$$$$$$$$$
Calling Z3str3

Returned solutions: 
(define-fun bool0 () Int  1)
(define-fun bool1 () Int  1)
(define-fun bool3 () Int  1)
(define-fun bool4 () Int  1)
(define-fun bool5 () Int  1)
(define-fun bool7 () Int  1)
(define-fun bool9 () Int  1)
(define-fun bool11 () Int  1)
(define-fun bool2 () Int  0)
(define-fun bool6 () Int  0)
(define-fun bool10 () Int  0)
(define-fun bool8 () Int  0)
*************************************
Satisfiable: true
*************************************


====================================================== search constraint
depth limit reached: 13

====================================================== snapshot 
no live threads

====================================================== search constraint
depth limit reached: 13

====================================================== snapshot 
no live threads
$$$$$$$$$$$$$$$$$$$$$$$$$$$$$$$$
Calling Z3str3

Returned solutions: 
(define-fun bool0 () Int  1)
(define-fun bool1 () Int  1)
(define-fun bool3 () Int  1)
(define-fun bool4 () Int  1)
(define-fun bool5 () Int  1)
(define-fun bool7 () Int  1)
(define-fun bool2 () Int  0)
(define-fun bool6 () Int  0)
(define-fun bool10 () Int  0)
(define-fun bool8 () Int  0)
(define-fun bool9 () Int  0)
*************************************
Satisfiable: true
*************************************

$$$$$$$$$$$$$$$$$$$$$$$$$$$$$$$$
Calling Z3str3

Returned solutions: 
(define-fun bool0 () Int  1)
(define-fun bool1 () Int  1)
(define-fun bool3 () Int  1)
(define-fun bool4 () Int  1)
(define-fun bool5 () Int  1)
(define-fun bool7 () Int  1)
(define-fun bool2 () Int  0)
(define-fun bool6 () Int  0)
(define-fun bool10 () Int  0)
(define-fun bool8 () Int  0)
(define-fun bool9 () Int  0)
(define-fun bool11 () Int  0)
*************************************
Satisfiable: true
*************************************

$$$$$$$$$$$$$$$$$$$$$$$$$$$$$$$$
Calling Z3str3

Returned solutions: 
(define-fun bool0 () Int  1)
(define-fun bool1 () Int  1)
(define-fun bool3 () Int  1)
(define-fun bool4 () Int  1)
(define-fun bool5 () Int  1)
(define-fun bool7 () Int  1)
(define-fun bool11 () Int  1)
(define-fun bool2 () Int  0)
(define-fun bool6 () Int  0)
(define-fun bool10 () Int  0)
(define-fun bool8 () Int  0)
(define-fun bool9 () Int  0)
*************************************
Satisfiable: true
*************************************


====================================================== search constraint
depth limit reached: 13

====================================================== snapshot 
no live threads

====================================================== search constraint
depth limit reached: 13

====================================================== snapshot 
no live threads
$$$$$$$$$$$$$$$$$$$$$$$$$$$$$$$$
Calling Z3str3

Returned solutions: 
(define-fun bool0 () Int  1)
(define-fun bool1 () Int  1)
(define-fun bool3 () Int  1)
(define-fun bool4 () Int  1)
(define-fun bool5 () Int  1)
(define-fun bool7 () Int  1)
(define-fun bool10 () Int  1)
(define-fun bool2 () Int  0)
(define-fun bool6 () Int  0)
(define-fun bool8 () Int  0)
*************************************
Satisfiable: true
*************************************

$$$$$$$$$$$$$$$$$$$$$$$$$$$$$$$$
Calling Z3str3

Returned solutions: 
(define-fun bool0 () Int  1)
(define-fun bool1 () Int  1)
(define-fun bool3 () Int  1)
(define-fun bool4 () Int  1)
(define-fun bool5 () Int  1)
(define-fun bool7 () Int  1)
(define-fun bool10 () Int  1)
(define-fun bool8 () Int  1)
(define-fun bool2 () Int  0)
(define-fun bool6 () Int  0)
*************************************
Satisfiable: true
*************************************

$$$$$$$$$$$$$$$$$$$$$$$$$$$$$$$$
Calling Z3str3

Returned solutions: 
(define-fun bool0 () Int  1)
(define-fun bool1 () Int  1)
(define-fun bool3 () Int  1)
(define-fun bool4 () Int  1)
(define-fun bool5 () Int  1)
(define-fun bool7 () Int  1)
(define-fun bool10 () Int  1)
(define-fun bool8 () Int  1)
(define-fun bool2 () Int  0)
(define-fun bool6 () Int  0)
(define-fun bool9 () Int  0)
*************************************
Satisfiable: true
*************************************

$$$$$$$$$$$$$$$$$$$$$$$$$$$$$$$$
Calling Z3str3

Returned solutions: 
(define-fun bool0 () Int  1)
(define-fun bool1 () Int  1)
(define-fun bool3 () Int  1)
(define-fun bool4 () Int  1)
(define-fun bool5 () Int  1)
(define-fun bool7 () Int  1)
(define-fun bool10 () Int  1)
(define-fun bool8 () Int  1)
(define-fun bool9 () Int  1)
(define-fun bool2 () Int  0)
(define-fun bool6 () Int  0)
*************************************
Satisfiable: true
*************************************

$$$$$$$$$$$$$$$$$$$$$$$$$$$$$$$$
Calling Z3str3

Returned solutions: 
(define-fun bool0 () Int  1)
(define-fun bool1 () Int  1)
(define-fun bool3 () Int  1)
(define-fun bool4 () Int  1)
(define-fun bool5 () Int  1)
(define-fun bool7 () Int  1)
(define-fun bool10 () Int  1)
(define-fun bool8 () Int  1)
(define-fun bool9 () Int  1)
(define-fun bool2 () Int  0)
(define-fun bool6 () Int  0)
*************************************
Satisfiable: true
*************************************

$$$$$$$$$$$$$$$$$$$$$$$$$$$$$$$$
Calling Z3str3

Returned solutions: 
(define-fun bool0 () Int  1)
(define-fun bool1 () Int  1)
(define-fun bool3 () Int  1)
(define-fun bool4 () Int  1)
(define-fun bool5 () Int  1)
(define-fun bool7 () Int  1)
(define-fun bool10 () Int  1)
(define-fun bool8 () Int  1)
(define-fun bool2 () Int  0)
(define-fun bool6 () Int  0)
(define-fun bool9 () Int  0)
*************************************
Satisfiable: true
*************************************

$$$$$$$$$$$$$$$$$$$$$$$$$$$$$$$$
Calling Z3str3

Returned solutions: 
(define-fun bool0 () Int  1)
(define-fun bool1 () Int  1)
(define-fun bool3 () Int  1)
(define-fun bool4 () Int  1)
(define-fun bool5 () Int  1)
(define-fun bool7 () Int  1)
(define-fun bool10 () Int  1)
(define-fun bool8 () Int  1)
(define-fun bool2 () Int  0)
(define-fun bool6 () Int  0)
(define-fun bool9 () Int  0)
*************************************
Satisfiable: true
*************************************

Property Violated: PC is constraint # = 11
bool9[0] == CONST_0 &&
bool8[1] != CONST_0 &&
bool10[1] != CONST_0 &&
bool7[1] != CONST_0 &&
bool5[1] != CONST_0 &&
bool4[1] != CONST_0 &&
bool6[0] == CONST_0 &&
bool3[1] != CONST_0 &&
bool1[1] != CONST_0 &&
bool0[1] != CONST_0 &&
bool2[0] == CONST_0
Property Violated: result is  "java.lang.AssertionError..."
****************************

====================================================== error 1
gov.nasa.jpf.vm.NoUncaughtExceptionsProperty
java.lang.AssertionError
	at Actions.Specification3(Actions.java:104)
	at Actions.timeShift(Actions.java:50)
	at Main.randomSequenceOfActions(Main.java:50)
	at Main.main(Main.java:16)


====================================================== snapshot #1
thread java.lang.Thread:{id:0,name:main,status:RUNNING,priority:5,isDaemon:false,lockCount:0,suspendCount:0}
  call stack:
	at Actions.Specification3(Actions.java:104)
	at Actions.timeShift(Actions.java:50)
	at Main.randomSequenceOfActions(Main.java:50)
	at Main.main(Main.java:16)


====================================================== Method Summaries
Inputs: 

()  --> "java.lang.AssertionError..."

====================================================== Method Summaries (HTML)
<h1>Test Cases Generated by Symbolic JavaPath Finder for  (Path Coverage) </h1>
<table border=1>
<tr><td>RETURN</td></tr>
<tr><td>"java.lang.AssertionError..."</td></tr>
</table>

====================================================== results
error #1: gov.nasa.jpf.vm.NoUncaughtExceptionsProperty "java.lang.AssertionError  at Actions.Specification..."

====================================================== statistics
elapsed time:       00:00:02
states:             new=28,visited=0,backtracked=16,end=9
search:             maxDepth=13,constraints=8
choice generators:  thread=1 (signal=0,lock=1,sharedRef=0,threadApi=0,reschedule=0), data=18
heap:               new=561,released=161,maxLive=492,gcCycles=23
instructions:       8836
max memory:         44MB
loaded code:        classes=94,methods=1911

====================================================== search finished: 7/8/25 4:45 AM
inside assertion_mode=true
UNSAFE
