./jpf-sv-comp --propertyfile ../../sv-benchmarks/java/properties/assert_java.prp ../../sv-benchmarks/java/common ../../sv-benchmarks/java/jbmc-regression/ArrayIndexOutOfBoundsException1


--------------------------------------------------------------------------------


PROP_FILE=../../sv-benchmarks/java/properties/assert_java.prp
CHECK( init(Main.main()), LTL(G assert) )
ASSERTION_MODE=TRUE
RUNTIME_EXCEPTION_MODE=FALSE
/tmp/jpf-benchmark.2sH8yI/config.jpf
LD_LIBRARY_PATH=/home/f8/Desktop/bench-defs/bin/spf-x7QRTWdPtu/jpf-symbc/lib:/home/f8/Desktop/SPF/jpf-symbc/lib:
symbolic.min_int=-2147483648
symbolic.min_long=-9223372036854775808
symbolic.min_short=-32768
symbolic.min_byte=-128
symbolic.min_char=0
symbolic.max_int=2147483647
symbolic.max_long=9223372036854775807
symbolic.max_short=32767
symbolic.max_byte=127
symbolic.max_char=65535
symbolic.min_double=4.9E-324
symbolic.max_double=1.7976931348623157E308
JavaPathfinder core system v8.0 (rev a9cfdfd20e921dacd2aaa6e92103681eb28cc81d) - (C) 2005-2014 United States Government. All rights reserved.


====================================================== system under test
Main.main()

====================================================== search started: 7/8/25 4:39 AM
$$$$$$$$$$$$$$$$$$$$$$$$$$$$$$$$
Calling Z3str3

Returned solutions: 
(define-fun int0 () Int  0)
*************************************
Satisfiable: true
*************************************

$$$$$$$$$$$$$$$$$$$$$$$$$$$$$$$$
Calling Z3str3

Returned solutions: 
(define-fun int0 () Int  (- 1))
*************************************
Satisfiable: true
*************************************

$$$$$$$$$$$$$$$$$$$$$$$$$$$$$$$$
Calling Z3str3

java.lang.ClassCastException: gov.nasa.jpf.symbc.arrays.SelectExpression cannot be cast to gov.nasa.jpf.symbc.numeric.IntegerExpression
	at edu.ucsb.cs.vlab.translate.smtlib.generic.NumericConstraintTranslator$IntermediateConstraint.<init>(NumericConstraintTranslator.java:62)
	at edu.ucsb.cs.vlab.translate.smtlib.generic.NumericConstraintTranslator.lambda$createConstraint$2(NumericConstraintTranslator.java:82)
	at edu.ucsb.cs.vlab.translate.NormalFormTranslator.transform(NormalFormTranslator.java:32)
	at edu.ucsb.cs.vlab.translate.smtlib.generic.NumericConstraintTranslator.transformChain(NumericConstraintTranslator.java:41)
	at edu.ucsb.cs.vlab.translate.smtlib.generic.NumericConstraintTranslator.transformChain(NumericConstraintTranslator.java:42)
	at edu.ucsb.cs.vlab.translate.smtlib.generic.NumericConstraintTranslator.transformChain(NumericConstraintTranslator.java:19)
	at edu.ucsb.cs.vlab.translate.NormalFormTranslator.translate(NormalFormTranslator.java:44)
	at edu.ucsb.cs.vlab.translate.smtlib.generic.NumericConstraintTranslator.collect(NumericConstraintTranslator.java:27)
	at edu.ucsb.cs.vlab.translate.smtlib.from.Translator.translate(Translator.java:46)
	at edu.ucsb.cs.vlab.translate.smtlib.from.Translator.translate(Translator.java:28)
	at gov.nasa.jpf.symbc.string.translate.TranslateToZ3str3.solve(TranslateToZ3str3.java:22)
	at gov.nasa.jpf.symbc.string.SymbolicStringConstraintsGeneral.inner_isSatisfiable(SymbolicStringConstraintsGeneral.java:450)
	at gov.nasa.jpf.symbc.string.SymbolicStringConstraintsGeneral.isSatisfiable(SymbolicStringConstraintsGeneral.java:378)
	at gov.nasa.jpf.symbc.string.StringPathCondition.simplify(StringPathCondition.java:145)
	at gov.nasa.jpf.symbc.numeric.PathCondition.simplifyOld(PathCondition.java:409)
	at gov.nasa.jpf.symbc.numeric.PathCondition.simplify(PathCondition.java:340)
	at gov.nasa.jpf.symbc.bytecode.symarrays.IASTORE.execute(IASTORE.java:156)
	at gov.nasa.jpf.vm.ThreadInfo.executeInstruction(ThreadInfo.java:1908)
	at gov.nasa.jpf.vm.ThreadInfo.executeTransition(ThreadInfo.java:1859)
	at gov.nasa.jpf.vm.SystemState.executeNextTransition(SystemState.java:765)
	at gov.nasa.jpf.vm.VM.forward(VM.java:1722)
	at gov.nasa.jpf.search.Search.forward(Search.java:937)
	at gov.nasa.jpf.search.DFSearch.search(DFSearch.java:79)
	at gov.nasa.jpf.JPF.run(JPF.java:613)
	at gov.nasa.jpf.JPF.start(JPF.java:189)
	at sun.reflect.NativeMethodAccessorImpl.invoke0(Native Method)
	at sun.reflect.NativeMethodAccessorImpl.invoke(NativeMethodAccessorImpl.java:62)
	at sun.reflect.DelegatingMethodAccessorImpl.invoke(DelegatingMethodAccessorImpl.java:43)
	at java.lang.reflect.Method.invoke(Method.java:498)
	at gov.nasa.jpf.tool.Run.call(Run.java:80)
	at gov.nasa.jpf.tool.RunJPF.main(RunJPF.java:116)
inside assertion_mode=true
UNKNOWN
