./jpf-sv-comp --propertyfile ../../sv-benchmarks/java/properties/runtime-exception.prp ../../sv-benchmarks/java/common ../../sv-benchmarks/java/java-ranger-regression/TCAS_prop3


--------------------------------------------------------------------------------


/tmp/jpf-benchmark.TnIXOx/config.jpf
LD_LIBRARY_PATH=/home/f8/Desktop/bench-defs/bin/spf2-wqB1rj98YZ/jpf-symbc/lib:/home/f8/Desktop/SPF/jpf-symbc/lib:
symbolic.min_int=-2147483648
symbolic.min_long=-9223372036854775808
symbolic.min_short=-32768
symbolic.min_byte=-128
symbolic.min_char=0
symbolic.max_int=2147483647
symbolic.max_long=9223372036854775807
symbolic.max_short=32767
symbolic.max_byte=127
symbolic.max_char=65535
symbolic.min_double=4.9E-324
symbolic.max_double=1.7976931348623157E308
JavaPathfinder core system v8.0 (rev 8b82638acdeb8140d063107c30b29a0161fcc31c) - (C) 2005-2014 United States Government. All rights reserved.


====================================================== system under test
Main.main()

====================================================== search started: 26/7/25 4:28 AM

====================================================== search constraint
depth limit reached: 13

====================================================== snapshot 
no live threads

====================================================== search constraint
depth limit reached: 13

====================================================== snapshot 
no live threads

====================================================== search constraint
depth limit reached: 13

====================================================== snapshot 
no live threads

====================================================== search constraint
depth limit reached: 13

====================================================== snapshot 
no live threads

====================================================== search constraint
depth limit reached: 13

====================================================== snapshot 
no live threads

====================================================== search constraint
depth limit reached: 13

====================================================== snapshot 
no live threads

====================================================== search constraint
depth limit reached: 13

====================================================== snapshot 
no live threads

====================================================== search constraint
depth limit reached: 13

====================================================== snapshot 
no live threads

====================================================== search constraint
depth limit reached: 13

====================================================== snapshot 
no live threads

====================================================== search constraint
depth limit reached: 13

====================================================== snapshot 
no live threads

====================================================== search constraint
depth limit reached: 13

====================================================== snapshot 
no live threads

====================================================== search constraint
depth limit reached: 13

====================================================== snapshot 
no live threads

====================================================== search constraint
depth limit reached: 13

====================================================== snapshot 
no live threads

====================================================== search constraint
depth limit reached: 13

====================================================== snapshot 
no live threads

====================================================== search constraint
depth limit reached: 13

====================================================== snapshot 
no live threads

====================================================== search constraint
depth limit reached: 13

====================================================== snapshot 
no live threads

====================================================== search constraint
depth limit reached: 13

====================================================== snapshot 
thread java.lang.Thread:{id:0,name:main,status:RUNNING,priority:5,isDaemon:false,lockCount:0,suspendCount:0}
  call stack:
	at Main.mainProcess(Main.java:284)
	at Main.main(Main.java:290)


====================================================== search constraint
depth limit reached: 13

====================================================== snapshot 
thread java.lang.Thread:{id:0,name:main,status:RUNNING,priority:5,isDaemon:false,lockCount:0,suspendCount:0}
  call stack:
	at Main.mainProcess(Main.java:284)
	at Main.main(Main.java:290)


====================================================== search constraint
depth limit reached: 13

====================================================== snapshot 
thread java.lang.Thread:{id:0,name:main,status:RUNNING,priority:5,isDaemon:false,lockCount:0,suspendCount:0}
  call stack:
	at Main.mainProcess(Main.java:284)
	at Main.main(Main.java:290)


====================================================== search constraint
depth limit reached: 13

====================================================== snapshot 
thread java.lang.Thread:{id:0,name:main,status:RUNNING,priority:5,isDaemon:false,lockCount:0,suspendCount:0}
  call stack:
	at Main.mainProcess(Main.java:284)
	at Main.main(Main.java:290)


====================================================== search constraint
depth limit reached: 13

====================================================== snapshot 
thread java.lang.Thread:{id:0,name:main,status:RUNNING,priority:5,isDaemon:false,lockCount:0,suspendCount:0}
  call stack:
	at Main.mainProcess(Main.java:284)
	at Main.main(Main.java:290)


====================================================== search constraint
depth limit reached: 13

====================================================== snapshot 
thread java.lang.Thread:{id:0,name:main,status:RUNNING,priority:5,isDaemon:false,lockCount:0,suspendCount:0}
  call stack:
	at Main.mainProcess(Main.java:284)
	at Main.main(Main.java:290)


====================================================== search constraint
depth limit reached: 13

====================================================== snapshot 
thread java.lang.Thread:{id:0,name:main,status:RUNNING,priority:5,isDaemon:false,lockCount:0,suspendCount:0}
  call stack:
	at Main.mainProcess(Main.java:284)
	at Main.main(Main.java:290)


====================================================== search constraint
depth limit reached: 13

====================================================== snapshot 
thread java.lang.Thread:{id:0,name:main,status:RUNNING,priority:5,isDaemon:false,lockCount:0,suspendCount:0}
  call stack:
	at Main.mainProcess(Main.java:284)
	at Main.main(Main.java:290)


====================================================== search constraint
depth limit reached: 13

====================================================== snapshot 
thread java.lang.Thread:{id:0,name:main,status:RUNNING,priority:5,isDaemon:false,lockCount:0,suspendCount:0}
  call stack:
	at Main.Non_Crossing_Biased_Descend(Main.java:124)
	at Main.alt_assign(Main.java:174)
	at Main.alt_sep_test(Main.java:231)
	at Main.mainProcess(Main.java:278)
	at Main.main(Main.java:290)


====================================================== search constraint
depth limit reached: 13

====================================================== snapshot 
thread java.lang.Thread:{id:0,name:main,status:RUNNING,priority:5,isDaemon:false,lockCount:0,suspendCount:0}
  call stack:
	at Main.Non_Crossing_Biased_Descend(Main.java:124)
	at Main.alt_assign(Main.java:174)
	at Main.alt_sep_test(Main.java:231)
	at Main.mainProcess(Main.java:278)
	at Main.main(Main.java:290)


====================================================== search constraint
depth limit reached: 13

====================================================== snapshot 
thread java.lang.Thread:{id:0,name:main,status:RUNNING,priority:5,isDaemon:false,lockCount:0,suspendCount:0}
  call stack:
	at Main.Non_Crossing_Biased_Descend(Main.java:124)
	at Main.alt_assign(Main.java:174)
	at Main.alt_sep_test(Main.java:231)
	at Main.mainProcess(Main.java:278)
	at Main.main(Main.java:290)


====================================================== search constraint
depth limit reached: 13

====================================================== snapshot 
thread java.lang.Thread:{id:0,name:main,status:RUNNING,priority:5,isDaemon:false,lockCount:0,suspendCount:0}
  call stack:
	at Main.Non_Crossing_Biased_Descend(Main.java:124)
	at Main.alt_assign(Main.java:174)
	at Main.alt_sep_test(Main.java:231)
	at Main.mainProcess(Main.java:278)
	at Main.main(Main.java:290)


====================================================== search constraint
depth limit reached: 13

====================================================== snapshot 
thread java.lang.Thread:{id:0,name:main,status:RUNNING,priority:5,isDaemon:false,lockCount:0,suspendCount:0}
  call stack:
	at Main.Non_Crossing_Biased_Descend(Main.java:124)
	at Main.alt_assign(Main.java:174)
	at Main.alt_sep_test(Main.java:231)
	at Main.mainProcess(Main.java:278)
	at Main.main(Main.java:290)


====================================================== search constraint
depth limit reached: 13

====================================================== snapshot 
thread java.lang.Thread:{id:0,name:main,status:RUNNING,priority:5,isDaemon:false,lockCount:0,suspendCount:0}
  call stack:
	at Main.Non_Crossing_Biased_Descend(Main.java:124)
	at Main.alt_assign(Main.java:174)
	at Main.alt_sep_test(Main.java:231)
	at Main.mainProcess(Main.java:278)
	at Main.main(Main.java:290)


====================================================== search constraint
depth limit reached: 13

====================================================== snapshot 
thread java.lang.Thread:{id:0,name:main,status:RUNNING,priority:5,isDaemon:false,lockCount:0,suspendCount:0}
  call stack:
	at Main.Non_Crossing_Biased_Descend(Main.java:124)
	at Main.alt_assign(Main.java:174)
	at Main.alt_sep_test(Main.java:231)
	at Main.mainProcess(Main.java:278)
	at Main.main(Main.java:290)


====================================================== search constraint
depth limit reached: 13

====================================================== snapshot 
thread java.lang.Thread:{id:0,name:main,status:RUNNING,priority:5,isDaemon:false,lockCount:0,suspendCount:0}
  call stack:
	at Main.Non_Crossing_Biased_Descend(Main.java:124)
	at Main.alt_assign(Main.java:174)
	at Main.alt_sep_test(Main.java:231)
	at Main.mainProcess(Main.java:278)
	at Main.main(Main.java:290)


====================================================== search constraint
depth limit reached: 13

====================================================== snapshot 
no live threads

====================================================== search constraint
depth limit reached: 13

====================================================== snapshot 
no live threads

====================================================== search constraint
depth limit reached: 13

====================================================== snapshot 
no live threads

====================================================== search constraint
depth limit reached: 13

====================================================== snapshot 
no live threads

====================================================== search constraint
depth limit reached: 13

====================================================== snapshot 
thread java.lang.Thread:{id:0,name:main,status:RUNNING,priority:5,isDaemon:false,lockCount:0,suspendCount:0}
  call stack:
	at Main.mainProcess(Main.java:284)
	at Main.main(Main.java:290)


====================================================== search constraint
depth limit reached: 13

====================================================== snapshot 
no live threads

====================================================== search constraint
depth limit reached: 13

====================================================== snapshot 
thread java.lang.Thread:{id:0,name:main,status:RUNNING,priority:5,isDaemon:false,lockCount:0,suspendCount:0}
  call stack:
	at Main.mainProcess(Main.java:284)
	at Main.main(Main.java:290)


====================================================== search constraint
depth limit reached: 13

====================================================== snapshot 
no live threads

====================================================== search constraint
depth limit reached: 13

====================================================== snapshot 
thread java.lang.Thread:{id:0,name:main,status:RUNNING,priority:5,isDaemon:false,lockCount:0,suspendCount:0}
  call stack:
	at Main.Non_Crossing_Biased_Descend(Main.java:137)
	at Main.alt_assign(Main.java:174)
	at Main.alt_sep_test(Main.java:231)
	at Main.mainProcess(Main.java:278)
	at Main.main(Main.java:290)


====================================================== search constraint
depth limit reached: 13

====================================================== snapshot 
thread java.lang.Thread:{id:0,name:main,status:RUNNING,priority:5,isDaemon:false,lockCount:0,suspendCount:0}
  call stack:
	at Main.Non_Crossing_Biased_Descend(Main.java:137)
	at Main.alt_assign(Main.java:174)
	at Main.alt_sep_test(Main.java:231)
	at Main.mainProcess(Main.java:278)
	at Main.main(Main.java:290)


====================================================== search constraint
depth limit reached: 13

====================================================== snapshot 
thread java.lang.Thread:{id:0,name:main,status:RUNNING,priority:5,isDaemon:false,lockCount:0,suspendCount:0}
  call stack:
	at Main.Non_Crossing_Biased_Descend(Main.java:137)
	at Main.alt_assign(Main.java:174)
	at Main.alt_sep_test(Main.java:231)
	at Main.mainProcess(Main.java:278)
	at Main.main(Main.java:290)


====================================================== search constraint
depth limit reached: 13

====================================================== snapshot 
thread java.lang.Thread:{id:0,name:main,status:RUNNING,priority:5,isDaemon:false,lockCount:0,suspendCount:0}
  call stack:
	at Main.Non_Crossing_Biased_Descend(Main.java:137)
	at Main.alt_assign(Main.java:174)
	at Main.alt_sep_test(Main.java:231)
	at Main.mainProcess(Main.java:278)
	at Main.main(Main.java:290)


====================================================== search constraint
depth limit reached: 13

====================================================== snapshot 
no live threads

====================================================== search constraint
depth limit reached: 13

====================================================== snapshot 
no live threads

====================================================== search constraint
depth limit reached: 13

====================================================== snapshot 
no live threads

====================================================== search constraint
depth limit reached: 13

====================================================== snapshot 
no live threads

====================================================== search constraint
depth limit reached: 13

====================================================== snapshot 
thread java.lang.Thread:{id:0,name:main,status:RUNNING,priority:5,isDaemon:false,lockCount:0,suspendCount:0}
  call stack:
	at Main.mainProcess(Main.java:284)
	at Main.main(Main.java:290)


====================================================== search constraint
depth limit reached: 13

====================================================== snapshot 
thread java.lang.Thread:{id:0,name:main,status:RUNNING,priority:5,isDaemon:false,lockCount:0,suspendCount:0}
  call stack:
	at Main.mainProcess(Main.java:284)
	at Main.main(Main.java:290)


====================================================== search constraint
depth limit reached: 13

====================================================== snapshot 
no live threads

====================================================== search constraint
depth limit reached: 13

====================================================== snapshot 
no live threads

====================================================== search constraint
depth limit reached: 13

====================================================== snapshot 
thread java.lang.Thread:{id:0,name:main,status:RUNNING,priority:5,isDaemon:false,lockCount:0,suspendCount:0}
  call stack:
	at Main.Own_Above_Threat(Main.java:157)
	at Main.Non_Crossing_Biased_Descend(Main.java:135)
	at Main.alt_assign(Main.java:174)
	at Main.alt_sep_test(Main.java:231)
	at Main.mainProcess(Main.java:278)
	at Main.main(Main.java:290)


====================================================== search constraint
depth limit reached: 13

====================================================== snapshot 
thread java.lang.Thread:{id:0,name:main,status:RUNNING,priority:5,isDaemon:false,lockCount:0,suspendCount:0}
  call stack:
	at Main.Own_Above_Threat(Main.java:157)
	at Main.Non_Crossing_Biased_Climb(Main.java:101)
	at Main.alt_assign(Main.java:166)
	at Main.alt_sep_test(Main.java:231)
	at Main.mainProcess(Main.java:278)
	at Main.main(Main.java:290)


====================================================== search constraint
depth limit reached: 13

====================================================== snapshot 
thread java.lang.Thread:{id:0,name:main,status:RUNNING,priority:5,isDaemon:false,lockCount:0,suspendCount:0}
  call stack:
	at Main.Own_Above_Threat(Main.java:157)
	at Main.Non_Crossing_Biased_Descend(Main.java:135)
	at Main.alt_assign(Main.java:174)
	at Main.alt_sep_test(Main.java:231)
	at Main.mainProcess(Main.java:278)
	at Main.main(Main.java:290)


====================================================== search constraint
depth limit reached: 13

====================================================== snapshot 
thread java.lang.Thread:{id:0,name:main,status:RUNNING,priority:5,isDaemon:false,lockCount:0,suspendCount:0}
  call stack:
	at Main.Own_Above_Threat(Main.java:157)
	at Main.Non_Crossing_Biased_Climb(Main.java:101)
	at Main.alt_assign(Main.java:166)
	at Main.alt_sep_test(Main.java:231)
	at Main.mainProcess(Main.java:278)
	at Main.main(Main.java:290)


====================================================== search constraint
depth limit reached: 13

====================================================== snapshot 
no live threads

====================================================== search constraint
depth limit reached: 13

====================================================== snapshot 
no live threads

====================================================== search constraint
depth limit reached: 13

====================================================== snapshot 
no live threads

====================================================== search constraint
depth limit reached: 13

====================================================== snapshot 
no live threads

====================================================== search constraint
depth limit reached: 13

====================================================== snapshot 
no live threads

====================================================== search constraint
depth limit reached: 13

====================================================== snapshot 
no live threads

====================================================== search constraint
depth limit reached: 13

====================================================== snapshot 
no live threads

====================================================== search constraint
depth limit reached: 13

====================================================== snapshot 
no live threads

====================================================== search constraint
depth limit reached: 13

====================================================== snapshot 
thread java.lang.Thread:{id:0,name:main,status:RUNNING,priority:5,isDaemon:false,lockCount:0,suspendCount:0}
  call stack:
	at Main.mainProcess(Main.java:284)
	at Main.main(Main.java:290)


====================================================== search constraint
depth limit reached: 13

====================================================== snapshot 
thread java.lang.Thread:{id:0,name:main,status:RUNNING,priority:5,isDaemon:false,lockCount:0,suspendCount:0}
  call stack:
	at Main.mainProcess(Main.java:284)
	at Main.main(Main.java:290)


====================================================== search constraint
depth limit reached: 13

====================================================== snapshot 
thread java.lang.Thread:{id:0,name:main,status:RUNNING,priority:5,isDaemon:false,lockCount:0,suspendCount:0}
  call stack:
	at Main.mainProcess(Main.java:284)
	at Main.main(Main.java:290)


====================================================== search constraint
depth limit reached: 13

====================================================== snapshot 
thread java.lang.Thread:{id:0,name:main,status:RUNNING,priority:5,isDaemon:false,lockCount:0,suspendCount:0}
  call stack:
	at Main.mainProcess(Main.java:284)
	at Main.main(Main.java:290)


====================================================== search constraint
depth limit reached: 13

====================================================== snapshot 
no live threads

====================================================== search constraint
depth limit reached: 13

====================================================== snapshot 
no live threads

====================================================== search constraint
depth limit reached: 13

====================================================== snapshot 
no live threads

====================================================== search constraint
depth limit reached: 13

====================================================== snapshot 
no live threads

====================================================== search constraint
depth limit reached: 13

====================================================== snapshot 
thread java.lang.Thread:{id:0,name:main,status:RUNNING,priority:5,isDaemon:false,lockCount:0,suspendCount:0}
  call stack:
	at Main.Non_Crossing_Biased_Descend(Main.java:124)
	at Main.alt_assign(Main.java:174)
	at Main.alt_sep_test(Main.java:231)
	at Main.mainProcess(Main.java:278)
	at Main.main(Main.java:290)


====================================================== search constraint
depth limit reached: 13

====================================================== snapshot 
thread java.lang.Thread:{id:0,name:main,status:RUNNING,priority:5,isDaemon:false,lockCount:0,suspendCount:0}
  call stack:
	at Main.Non_Crossing_Biased_Descend(Main.java:124)
	at Main.alt_assign(Main.java:174)
	at Main.alt_sep_test(Main.java:231)
	at Main.mainProcess(Main.java:278)
	at Main.main(Main.java:290)


====================================================== search constraint
depth limit reached: 13

====================================================== snapshot 
thread java.lang.Thread:{id:0,name:main,status:RUNNING,priority:5,isDaemon:false,lockCount:0,suspendCount:0}
  call stack:
	at Main.Non_Crossing_Biased_Descend(Main.java:124)
	at Main.alt_assign(Main.java:174)
	at Main.alt_sep_test(Main.java:231)
	at Main.mainProcess(Main.java:278)
	at Main.main(Main.java:290)


====================================================== search constraint
depth limit reached: 13

====================================================== snapshot 
thread java.lang.Thread:{id:0,name:main,status:RUNNING,priority:5,isDaemon:false,lockCount:0,suspendCount:0}
  call stack:
	at Main.Non_Crossing_Biased_Descend(Main.java:124)
	at Main.alt_assign(Main.java:174)
	at Main.alt_sep_test(Main.java:231)
	at Main.mainProcess(Main.java:278)
	at Main.main(Main.java:290)


====================================================== search constraint
depth limit reached: 13

====================================================== snapshot 
thread java.lang.Thread:{id:0,name:main,status:RUNNING,priority:5,isDaemon:false,lockCount:0,suspendCount:0}
  call stack:
	at Main.Non_Crossing_Biased_Descend(Main.java:124)
	at Main.alt_assign(Main.java:174)
	at Main.alt_sep_test(Main.java:231)
	at Main.mainProcess(Main.java:278)
	at Main.main(Main.java:290)


====================================================== search constraint
depth limit reached: 13

====================================================== snapshot 
thread java.lang.Thread:{id:0,name:main,status:RUNNING,priority:5,isDaemon:false,lockCount:0,suspendCount:0}
  call stack:
	at Main.Non_Crossing_Biased_Descend(Main.java:124)
	at Main.alt_assign(Main.java:174)
	at Main.alt_sep_test(Main.java:231)
	at Main.mainProcess(Main.java:278)
	at Main.main(Main.java:290)


====================================================== search constraint
depth limit reached: 13

====================================================== snapshot 
thread java.lang.Thread:{id:0,name:main,status:RUNNING,priority:5,isDaemon:false,lockCount:0,suspendCount:0}
  call stack:
	at Main.Non_Crossing_Biased_Descend(Main.java:124)
	at Main.alt_assign(Main.java:174)
	at Main.alt_sep_test(Main.java:231)
	at Main.mainProcess(Main.java:278)
	at Main.main(Main.java:290)


====================================================== search constraint
depth limit reached: 13

====================================================== snapshot 
thread java.lang.Thread:{id:0,name:main,status:RUNNING,priority:5,isDaemon:false,lockCount:0,suspendCount:0}
  call stack:
	at Main.Non_Crossing_Biased_Descend(Main.java:124)
	at Main.alt_assign(Main.java:174)
	at Main.alt_sep_test(Main.java:231)
	at Main.mainProcess(Main.java:278)
	at Main.main(Main.java:290)


====================================================== search constraint
depth limit reached: 13

====================================================== snapshot 
no live threads

====================================================== search constraint
depth limit reached: 13

====================================================== snapshot 
no live threads

====================================================== search constraint
depth limit reached: 13

====================================================== snapshot 
no live threads

====================================================== search constraint
depth limit reached: 13

====================================================== snapshot 
no live threads

====================================================== search constraint
depth limit reached: 13

====================================================== snapshot 
thread java.lang.Thread:{id:0,name:main,status:RUNNING,priority:5,isDaemon:false,lockCount:0,suspendCount:0}
  call stack:
	at Main.mainProcess(Main.java:284)
	at Main.main(Main.java:290)


====================================================== search constraint
depth limit reached: 13

====================================================== snapshot 
no live threads

====================================================== search constraint
depth limit reached: 13

====================================================== snapshot 
thread java.lang.Thread:{id:0,name:main,status:RUNNING,priority:5,isDaemon:false,lockCount:0,suspendCount:0}
  call stack:
	at Main.mainProcess(Main.java:284)
	at Main.main(Main.java:290)


====================================================== search constraint
depth limit reached: 13

====================================================== snapshot 
no live threads

====================================================== search constraint
depth limit reached: 13

====================================================== snapshot 
thread java.lang.Thread:{id:0,name:main,status:RUNNING,priority:5,isDaemon:false,lockCount:0,suspendCount:0}
  call stack:
	at Main.Non_Crossing_Biased_Descend(Main.java:137)
	at Main.alt_assign(Main.java:174)
	at Main.alt_sep_test(Main.java:231)
	at Main.mainProcess(Main.java:278)
	at Main.main(Main.java:290)


====================================================== search constraint
depth limit reached: 13

====================================================== snapshot 
thread java.lang.Thread:{id:0,name:main,status:RUNNING,priority:5,isDaemon:false,lockCount:0,suspendCount:0}
  call stack:
	at Main.Non_Crossing_Biased_Descend(Main.java:137)
	at Main.alt_assign(Main.java:174)
	at Main.alt_sep_test(Main.java:231)
	at Main.mainProcess(Main.java:278)
	at Main.main(Main.java:290)


====================================================== search constraint
depth limit reached: 13

====================================================== snapshot 
thread java.lang.Thread:{id:0,name:main,status:RUNNING,priority:5,isDaemon:false,lockCount:0,suspendCount:0}
  call stack:
	at Main.Non_Crossing_Biased_Descend(Main.java:137)
	at Main.alt_assign(Main.java:174)
	at Main.alt_sep_test(Main.java:231)
	at Main.mainProcess(Main.java:278)
	at Main.main(Main.java:290)


====================================================== search constraint
depth limit reached: 13

====================================================== snapshot 
thread java.lang.Thread:{id:0,name:main,status:RUNNING,priority:5,isDaemon:false,lockCount:0,suspendCount:0}
  call stack:
	at Main.Non_Crossing_Biased_Descend(Main.java:137)
	at Main.alt_assign(Main.java:174)
	at Main.alt_sep_test(Main.java:231)
	at Main.mainProcess(Main.java:278)
	at Main.main(Main.java:290)


====================================================== search constraint
depth limit reached: 13

====================================================== snapshot 
no live threads

====================================================== search constraint
depth limit reached: 13

====================================================== snapshot 
no live threads

====================================================== search constraint
depth limit reached: 13

====================================================== snapshot 
no live threads

====================================================== search constraint
depth limit reached: 13

====================================================== snapshot 
no live threads

====================================================== search constraint
depth limit reached: 13

====================================================== snapshot 
thread java.lang.Thread:{id:0,name:main,status:RUNNING,priority:5,isDaemon:false,lockCount:0,suspendCount:0}
  call stack:
	at Main.mainProcess(Main.java:284)
	at Main.main(Main.java:290)


====================================================== search constraint
depth limit reached: 13

====================================================== snapshot 
thread java.lang.Thread:{id:0,name:main,status:RUNNING,priority:5,isDaemon:false,lockCount:0,suspendCount:0}
  call stack:
	at Main.mainProcess(Main.java:284)
	at Main.main(Main.java:290)


====================================================== search constraint
depth limit reached: 13

====================================================== snapshot 
no live threads

====================================================== search constraint
depth limit reached: 13

====================================================== snapshot 
no live threads

====================================================== search constraint
depth limit reached: 13

====================================================== snapshot 
thread java.lang.Thread:{id:0,name:main,status:RUNNING,priority:5,isDaemon:false,lockCount:0,suspendCount:0}
  call stack:
	at Main.Own_Above_Threat(Main.java:157)
	at Main.Non_Crossing_Biased_Descend(Main.java:135)
	at Main.alt_assign(Main.java:174)
	at Main.alt_sep_test(Main.java:231)
	at Main.mainProcess(Main.java:278)
	at Main.main(Main.java:290)


====================================================== search constraint
depth limit reached: 13

====================================================== snapshot 
thread java.lang.Thread:{id:0,name:main,status:RUNNING,priority:5,isDaemon:false,lockCount:0,suspendCount:0}
  call stack:
	at Main.Own_Above_Threat(Main.java:157)
	at Main.Non_Crossing_Biased_Climb(Main.java:101)
	at Main.alt_assign(Main.java:166)
	at Main.alt_sep_test(Main.java:231)
	at Main.mainProcess(Main.java:278)
	at Main.main(Main.java:290)


====================================================== search constraint
depth limit reached: 13

====================================================== snapshot 
thread java.lang.Thread:{id:0,name:main,status:RUNNING,priority:5,isDaemon:false,lockCount:0,suspendCount:0}
  call stack:
	at Main.Own_Above_Threat(Main.java:157)
	at Main.Non_Crossing_Biased_Descend(Main.java:135)
	at Main.alt_assign(Main.java:174)
	at Main.alt_sep_test(Main.java:231)
	at Main.mainProcess(Main.java:278)
	at Main.main(Main.java:290)


====================================================== search constraint
depth limit reached: 13

====================================================== snapshot 
thread java.lang.Thread:{id:0,name:main,status:RUNNING,priority:5,isDaemon:false,lockCount:0,suspendCount:0}
  call stack:
	at Main.Own_Above_Threat(Main.java:157)
	at Main.Non_Crossing_Biased_Climb(Main.java:101)
	at Main.alt_assign(Main.java:166)
	at Main.alt_sep_test(Main.java:231)
	at Main.mainProcess(Main.java:278)
	at Main.main(Main.java:290)


====================================================== search constraint
depth limit reached: 13

====================================================== snapshot 
thread java.lang.Thread:{id:0,name:main,status:RUNNING,priority:5,isDaemon:false,lockCount:0,suspendCount:0}
  call stack:
	at Main.mainProcess(Main.java:284)
	at Main.main(Main.java:290)


====================================================== search constraint
depth limit reached: 13

====================================================== snapshot 
thread java.lang.Thread:{id:0,name:main,status:RUNNING,priority:5,isDaemon:false,lockCount:0,suspendCount:0}
  call stack:
	at Main.mainProcess(Main.java:284)
	at Main.main(Main.java:290)


====================================================== search constraint
depth limit reached: 13

====================================================== snapshot 
thread java.lang.Thread:{id:0,name:main,status:RUNNING,priority:5,isDaemon:false,lockCount:0,suspendCount:0}
  call stack:
	at Main.mainProcess(Main.java:284)
	at Main.main(Main.java:290)


====================================================== search constraint
depth limit reached: 13

====================================================== snapshot 
thread java.lang.Thread:{id:0,name:main,status:RUNNING,priority:5,isDaemon:false,lockCount:0,suspendCount:0}
  call stack:
	at Main.mainProcess(Main.java:284)
	at Main.main(Main.java:290)


====================================================== search constraint
depth limit reached: 13

====================================================== snapshot 
thread java.lang.Thread:{id:0,name:main,status:RUNNING,priority:5,isDaemon:false,lockCount:0,suspendCount:0}
  call stack:
	at Main.mainProcess(Main.java:284)
	at Main.main(Main.java:290)


====================================================== search constraint
depth limit reached: 13

====================================================== snapshot 
thread java.lang.Thread:{id:0,name:main,status:RUNNING,priority:5,isDaemon:false,lockCount:0,suspendCount:0}
  call stack:
	at Main.mainProcess(Main.java:284)
	at Main.main(Main.java:290)


====================================================== search constraint
depth limit reached: 13

====================================================== snapshot 
thread java.lang.Thread:{id:0,name:main,status:RUNNING,priority:5,isDaemon:false,lockCount:0,suspendCount:0}
  call stack:
	at Main.mainProcess(Main.java:284)
	at Main.main(Main.java:290)


====================================================== search constraint
depth limit reached: 13

====================================================== snapshot 
thread java.lang.Thread:{id:0,name:main,status:RUNNING,priority:5,isDaemon:false,lockCount:0,suspendCount:0}
  call stack:
	at Main.mainProcess(Main.java:284)
	at Main.main(Main.java:290)


====================================================== search constraint
depth limit reached: 13

====================================================== snapshot 
thread java.lang.Thread:{id:0,name:main,status:RUNNING,priority:5,isDaemon:false,lockCount:0,suspendCount:0}
  call stack:
	at Main.Non_Crossing_Biased_Descend(Main.java:124)
	at Main.alt_assign(Main.java:174)
	at Main.alt_sep_test(Main.java:228)
	at Main.mainProcess(Main.java:278)
	at Main.main(Main.java:290)


====================================================== search constraint
depth limit reached: 13

====================================================== snapshot 
thread java.lang.Thread:{id:0,name:main,status:RUNNING,priority:5,isDaemon:false,lockCount:0,suspendCount:0}
  call stack:
	at Main.Non_Crossing_Biased_Descend(Main.java:124)
	at Main.alt_assign(Main.java:174)
	at Main.alt_sep_test(Main.java:228)
	at Main.mainProcess(Main.java:278)
	at Main.main(Main.java:290)


====================================================== search constraint
depth limit reached: 13

====================================================== snapshot 
thread java.lang.Thread:{id:0,name:main,status:RUNNING,priority:5,isDaemon:false,lockCount:0,suspendCount:0}
  call stack:
	at Main.Non_Crossing_Biased_Descend(Main.java:124)
	at Main.alt_assign(Main.java:174)
	at Main.alt_sep_test(Main.java:228)
	at Main.mainProcess(Main.java:278)
	at Main.main(Main.java:290)


====================================================== search constraint
depth limit reached: 13

====================================================== snapshot 
thread java.lang.Thread:{id:0,name:main,status:RUNNING,priority:5,isDaemon:false,lockCount:0,suspendCount:0}
  call stack:
	at Main.Non_Crossing_Biased_Descend(Main.java:124)
	at Main.alt_assign(Main.java:174)
	at Main.alt_sep_test(Main.java:228)
	at Main.mainProcess(Main.java:278)
	at Main.main(Main.java:290)


====================================================== search constraint
depth limit reached: 13

====================================================== snapshot 
thread java.lang.Thread:{id:0,name:main,status:RUNNING,priority:5,isDaemon:false,lockCount:0,suspendCount:0}
  call stack:
	at Main.Own_Below_Threat(Main.java:149)
	at Main.alt_assign(Main.java:168)
	at Main.alt_sep_test(Main.java:228)
	at Main.mainProcess(Main.java:278)
	at Main.main(Main.java:290)


====================================================== search constraint
depth limit reached: 13

====================================================== snapshot 
thread java.lang.Thread:{id:0,name:main,status:RUNNING,priority:5,isDaemon:false,lockCount:0,suspendCount:0}
  call stack:
	at Main.Own_Below_Threat(Main.java:149)
	at Main.Non_Crossing_Biased_Descend(Main.java:122)
	at Main.alt_assign(Main.java:174)
	at Main.alt_sep_test(Main.java:228)
	at Main.mainProcess(Main.java:278)
	at Main.main(Main.java:290)


====================================================== search constraint
depth limit reached: 13

====================================================== snapshot 
thread java.lang.Thread:{id:0,name:main,status:RUNNING,priority:5,isDaemon:false,lockCount:0,suspendCount:0}
  call stack:
	at Main.Own_Below_Threat(Main.java:149)
	at Main.alt_assign(Main.java:168)
	at Main.alt_sep_test(Main.java:228)
	at Main.mainProcess(Main.java:278)
	at Main.main(Main.java:290)


====================================================== search constraint
depth limit reached: 13

====================================================== snapshot 
thread java.lang.Thread:{id:0,name:main,status:RUNNING,priority:5,isDaemon:false,lockCount:0,suspendCount:0}
  call stack:
	at Main.Own_Below_Threat(Main.java:149)
	at Main.Non_Crossing_Biased_Descend(Main.java:122)
	at Main.alt_assign(Main.java:174)
	at Main.alt_sep_test(Main.java:228)
	at Main.mainProcess(Main.java:278)
	at Main.main(Main.java:290)


====================================================== search constraint
depth limit reached: 13

====================================================== snapshot 
thread java.lang.Thread:{id:0,name:main,status:RUNNING,priority:5,isDaemon:false,lockCount:0,suspendCount:0}
  call stack:
	at Main.mainProcess(Main.java:284)
	at Main.main(Main.java:290)


====================================================== search constraint
depth limit reached: 13

====================================================== snapshot 
no live threads

====================================================== search constraint
depth limit reached: 13

====================================================== snapshot 
thread java.lang.Thread:{id:0,name:main,status:RUNNING,priority:5,isDaemon:false,lockCount:0,suspendCount:0}
  call stack:
	at Main.mainProcess(Main.java:284)
	at Main.main(Main.java:290)


====================================================== search constraint
depth limit reached: 13

====================================================== snapshot 
no live threads

====================================================== search constraint
depth limit reached: 13

====================================================== snapshot 
thread java.lang.Thread:{id:0,name:main,status:RUNNING,priority:5,isDaemon:false,lockCount:0,suspendCount:0}
  call stack:
	at Main.Non_Crossing_Biased_Descend(Main.java:137)
	at Main.alt_assign(Main.java:174)
	at Main.alt_sep_test(Main.java:228)
	at Main.mainProcess(Main.java:278)
	at Main.main(Main.java:290)


====================================================== search constraint
depth limit reached: 13

====================================================== snapshot 
thread java.lang.Thread:{id:0,name:main,status:RUNNING,priority:5,isDaemon:false,lockCount:0,suspendCount:0}
  call stack:
	at Main.Non_Crossing_Biased_Descend(Main.java:137)
	at Main.alt_assign(Main.java:174)
	at Main.alt_sep_test(Main.java:228)
	at Main.mainProcess(Main.java:278)
	at Main.main(Main.java:290)


====================================================== search constraint
depth limit reached: 13

====================================================== snapshot 
thread java.lang.Thread:{id:0,name:main,status:RUNNING,priority:5,isDaemon:false,lockCount:0,suspendCount:0}
  call stack:
	at Main.Own_Above_Threat(Main.java:157)
	at Main.Non_Crossing_Biased_Descend(Main.java:135)
	at Main.alt_assign(Main.java:174)
	at Main.alt_sep_test(Main.java:228)
	at Main.mainProcess(Main.java:278)
	at Main.main(Main.java:290)


====================================================== search constraint
depth limit reached: 13

====================================================== snapshot 
thread java.lang.Thread:{id:0,name:main,status:RUNNING,priority:5,isDaemon:false,lockCount:0,suspendCount:0}
  call stack:
	at Main.Own_Above_Threat(Main.java:157)
	at Main.Non_Crossing_Biased_Descend(Main.java:135)
	at Main.alt_assign(Main.java:174)
	at Main.alt_sep_test(Main.java:228)
	at Main.mainProcess(Main.java:278)
	at Main.main(Main.java:290)


====================================================== search constraint
depth limit reached: 13

====================================================== snapshot 
thread java.lang.Thread:{id:0,name:main,status:RUNNING,priority:5,isDaemon:false,lockCount:0,suspendCount:0}
  call stack:
	at Main.mainProcess(Main.java:284)
	at Main.main(Main.java:290)


====================================================== search constraint
depth limit reached: 13

====================================================== snapshot 
thread java.lang.Thread:{id:0,name:main,status:RUNNING,priority:5,isDaemon:false,lockCount:0,suspendCount:0}
  call stack:
	at Main.mainProcess(Main.java:284)
	at Main.main(Main.java:290)


====================================================== search constraint
depth limit reached: 13

====================================================== snapshot 
no live threads

====================================================== search constraint
depth limit reached: 13

====================================================== snapshot 
no live threads

====================================================== search constraint
depth limit reached: 13

====================================================== snapshot 
thread java.lang.Thread:{id:0,name:main,status:RUNNING,priority:5,isDaemon:false,lockCount:0,suspendCount:0}
  call stack:
	at Main.Own_Above_Threat(Main.java:157)
	at Main.Non_Crossing_Biased_Descend(Main.java:135)
	at Main.alt_assign(Main.java:174)
	at Main.alt_sep_test(Main.java:228)
	at Main.mainProcess(Main.java:278)
	at Main.main(Main.java:290)


====================================================== search constraint
depth limit reached: 13

====================================================== snapshot 
thread java.lang.Thread:{id:0,name:main,status:RUNNING,priority:5,isDaemon:false,lockCount:0,suspendCount:0}
  call stack:
	at Main.Own_Above_Threat(Main.java:157)
	at Main.Non_Crossing_Biased_Climb(Main.java:101)
	at Main.alt_assign(Main.java:166)
	at Main.alt_sep_test(Main.java:228)
	at Main.mainProcess(Main.java:278)
	at Main.main(Main.java:290)


====================================================== search constraint
depth limit reached: 13

====================================================== snapshot 
thread java.lang.Thread:{id:0,name:main,status:RUNNING,priority:5,isDaemon:false,lockCount:0,suspendCount:0}
  call stack:
	at Main.Non_Crossing_Biased_Climb(Main.java:98)
	at Main.alt_assign(Main.java:166)
	at Main.alt_sep_test(Main.java:228)
	at Main.mainProcess(Main.java:278)
	at Main.main(Main.java:290)


====================================================== search constraint
depth limit reached: 13

====================================================== snapshot 
thread java.lang.Thread:{id:0,name:main,status:RUNNING,priority:5,isDaemon:false,lockCount:0,suspendCount:0}
  call stack:
	at Main.Non_Crossing_Biased_Climb(Main.java:98)
	at Main.alt_assign(Main.java:166)
	at Main.alt_sep_test(Main.java:228)
	at Main.mainProcess(Main.java:278)
	at Main.main(Main.java:290)


====================================================== search constraint
depth limit reached: 13

====================================================== snapshot 
thread java.lang.Thread:{id:0,name:main,status:RUNNING,priority:5,isDaemon:false,lockCount:0,suspendCount:0}
  call stack:
	at Main.mainProcess(Main.java:284)
	at Main.main(Main.java:290)


====================================================== search constraint
depth limit reached: 13

====================================================== snapshot 
thread java.lang.Thread:{id:0,name:main,status:RUNNING,priority:5,isDaemon:false,lockCount:0,suspendCount:0}
  call stack:
	at Main.mainProcess(Main.java:284)
	at Main.main(Main.java:290)


====================================================== search constraint
depth limit reached: 13

====================================================== snapshot 
thread java.lang.Thread:{id:0,name:main,status:RUNNING,priority:5,isDaemon:false,lockCount:0,suspendCount:0}
  call stack:
	at Main.mainProcess(Main.java:284)
	at Main.main(Main.java:290)


====================================================== search constraint
depth limit reached: 13

====================================================== snapshot 
thread java.lang.Thread:{id:0,name:main,status:RUNNING,priority:5,isDaemon:false,lockCount:0,suspendCount:0}
  call stack:
	at Main.mainProcess(Main.java:284)
	at Main.main(Main.java:290)


====================================================== search constraint
depth limit reached: 13

====================================================== snapshot 
no live threads

====================================================== search constraint
depth limit reached: 13

====================================================== snapshot 
no live threads

====================================================== search constraint
depth limit reached: 13

====================================================== snapshot 
no live threads

====================================================== search constraint
depth limit reached: 13

====================================================== snapshot 
no live threads

====================================================== search constraint
depth limit reached: 13

====================================================== snapshot 
thread java.lang.Thread:{id:0,name:main,status:RUNNING,priority:5,isDaemon:false,lockCount:0,suspendCount:0}
  call stack:
	at Main.Non_Crossing_Biased_Descend(Main.java:124)
	at Main.alt_assign(Main.java:174)
	at Main.alt_sep_test(Main.java:228)
	at Main.mainProcess(Main.java:278)
	at Main.main(Main.java:290)


====================================================== search constraint
depth limit reached: 13

====================================================== snapshot 
thread java.lang.Thread:{id:0,name:main,status:RUNNING,priority:5,isDaemon:false,lockCount:0,suspendCount:0}
  call stack:
	at Main.Non_Crossing_Biased_Descend(Main.java:124)
	at Main.alt_assign(Main.java:174)
	at Main.alt_sep_test(Main.java:228)
	at Main.mainProcess(Main.java:278)
	at Main.main(Main.java:290)


====================================================== search constraint
depth limit reached: 13

====================================================== snapshot 
thread java.lang.Thread:{id:0,name:main,status:RUNNING,priority:5,isDaemon:false,lockCount:0,suspendCount:0}
  call stack:
	at Main.Non_Crossing_Biased_Descend(Main.java:124)
	at Main.alt_assign(Main.java:174)
	at Main.alt_sep_test(Main.java:228)
	at Main.mainProcess(Main.java:278)
	at Main.main(Main.java:290)


====================================================== search constraint
depth limit reached: 13

====================================================== snapshot 
thread java.lang.Thread:{id:0,name:main,status:RUNNING,priority:5,isDaemon:false,lockCount:0,suspendCount:0}
  call stack:
	at Main.Non_Crossing_Biased_Descend(Main.java:124)
	at Main.alt_assign(Main.java:174)
	at Main.alt_sep_test(Main.java:228)
	at Main.mainProcess(Main.java:278)
	at Main.main(Main.java:290)


====================================================== search constraint
depth limit reached: 13

====================================================== snapshot 
thread java.lang.Thread:{id:0,name:main,status:RUNNING,priority:5,isDaemon:false,lockCount:0,suspendCount:0}
  call stack:
	at Main.Own_Below_Threat(Main.java:149)
	at Main.alt_assign(Main.java:168)
	at Main.alt_sep_test(Main.java:228)
	at Main.mainProcess(Main.java:278)
	at Main.main(Main.java:290)


====================================================== search constraint
depth limit reached: 13

====================================================== snapshot 
thread java.lang.Thread:{id:0,name:main,status:RUNNING,priority:5,isDaemon:false,lockCount:0,suspendCount:0}
  call stack:
	at Main.Own_Below_Threat(Main.java:149)
	at Main.Non_Crossing_Biased_Descend(Main.java:122)
	at Main.alt_assign(Main.java:174)
	at Main.alt_sep_test(Main.java:228)
	at Main.mainProcess(Main.java:278)
	at Main.main(Main.java:290)


====================================================== search constraint
depth limit reached: 13

====================================================== snapshot 
thread java.lang.Thread:{id:0,name:main,status:RUNNING,priority:5,isDaemon:false,lockCount:0,suspendCount:0}
  call stack:
	at Main.Own_Below_Threat(Main.java:149)
	at Main.alt_assign(Main.java:168)
	at Main.alt_sep_test(Main.java:228)
	at Main.mainProcess(Main.java:278)
	at Main.main(Main.java:290)


====================================================== search constraint
depth limit reached: 13

====================================================== snapshot 
thread java.lang.Thread:{id:0,name:main,status:RUNNING,priority:5,isDaemon:false,lockCount:0,suspendCount:0}
  call stack:
	at Main.Own_Below_Threat(Main.java:149)
	at Main.Non_Crossing_Biased_Descend(Main.java:122)
	at Main.alt_assign(Main.java:174)
	at Main.alt_sep_test(Main.java:228)
	at Main.mainProcess(Main.java:278)
	at Main.main(Main.java:290)


====================================================== search constraint
depth limit reached: 13

====================================================== snapshot 
thread java.lang.Thread:{id:0,name:main,status:RUNNING,priority:5,isDaemon:false,lockCount:0,suspendCount:0}
  call stack:
	at Main.mainProcess(Main.java:284)
	at Main.main(Main.java:290)


====================================================== search constraint
depth limit reached: 13

====================================================== snapshot 
no live threads

====================================================== search constraint
depth limit reached: 13

====================================================== snapshot 
thread java.lang.Thread:{id:0,name:main,status:RUNNING,priority:5,isDaemon:false,lockCount:0,suspendCount:0}
  call stack:
	at Main.mainProcess(Main.java:284)
	at Main.main(Main.java:290)


====================================================== search constraint
depth limit reached: 13

====================================================== snapshot 
no live threads

====================================================== search constraint
depth limit reached: 13

====================================================== snapshot 
thread java.lang.Thread:{id:0,name:main,status:RUNNING,priority:5,isDaemon:false,lockCount:0,suspendCount:0}
  call stack:
	at Main.Non_Crossing_Biased_Descend(Main.java:137)
	at Main.alt_assign(Main.java:174)
	at Main.alt_sep_test(Main.java:228)
	at Main.mainProcess(Main.java:278)
	at Main.main(Main.java:290)


====================================================== search constraint
depth limit reached: 13

====================================================== snapshot 
thread java.lang.Thread:{id:0,name:main,status:RUNNING,priority:5,isDaemon:false,lockCount:0,suspendCount:0}
  call stack:
	at Main.Non_Crossing_Biased_Descend(Main.java:137)
	at Main.alt_assign(Main.java:174)
	at Main.alt_sep_test(Main.java:228)
	at Main.mainProcess(Main.java:278)
	at Main.main(Main.java:290)


====================================================== search constraint
depth limit reached: 13

====================================================== snapshot 
thread java.lang.Thread:{id:0,name:main,status:RUNNING,priority:5,isDaemon:false,lockCount:0,suspendCount:0}
  call stack:
	at Main.Own_Above_Threat(Main.java:157)
	at Main.Non_Crossing_Biased_Descend(Main.java:135)
	at Main.alt_assign(Main.java:174)
	at Main.alt_sep_test(Main.java:228)
	at Main.mainProcess(Main.java:278)
	at Main.main(Main.java:290)


====================================================== search constraint
depth limit reached: 13

====================================================== snapshot 
thread java.lang.Thread:{id:0,name:main,status:RUNNING,priority:5,isDaemon:false,lockCount:0,suspendCount:0}
  call stack:
	at Main.Own_Above_Threat(Main.java:157)
	at Main.Non_Crossing_Biased_Descend(Main.java:135)
	at Main.alt_assign(Main.java:174)
	at Main.alt_sep_test(Main.java:228)
	at Main.mainProcess(Main.java:278)
	at Main.main(Main.java:290)


====================================================== search constraint
depth limit reached: 13

====================================================== snapshot 
thread java.lang.Thread:{id:0,name:main,status:RUNNING,priority:5,isDaemon:false,lockCount:0,suspendCount:0}
  call stack:
	at Main.mainProcess(Main.java:284)
	at Main.main(Main.java:290)


====================================================== search constraint
depth limit reached: 13

====================================================== snapshot 
thread java.lang.Thread:{id:0,name:main,status:RUNNING,priority:5,isDaemon:false,lockCount:0,suspendCount:0}
  call stack:
	at Main.mainProcess(Main.java:284)
	at Main.main(Main.java:290)


====================================================== search constraint
depth limit reached: 13

====================================================== snapshot 
no live threads

====================================================== search constraint
depth limit reached: 13

====================================================== snapshot 
no live threads

====================================================== search constraint
depth limit reached: 13

====================================================== snapshot 
thread java.lang.Thread:{id:0,name:main,status:RUNNING,priority:5,isDaemon:false,lockCount:0,suspendCount:0}
  call stack:
	at Main.Own_Above_Threat(Main.java:157)
	at Main.Non_Crossing_Biased_Descend(Main.java:135)
	at Main.alt_assign(Main.java:174)
	at Main.alt_sep_test(Main.java:228)
	at Main.mainProcess(Main.java:278)
	at Main.main(Main.java:290)


====================================================== search constraint
depth limit reached: 13

====================================================== snapshot 
thread java.lang.Thread:{id:0,name:main,status:RUNNING,priority:5,isDaemon:false,lockCount:0,suspendCount:0}
  call stack:
	at Main.Own_Above_Threat(Main.java:157)
	at Main.Non_Crossing_Biased_Climb(Main.java:101)
	at Main.alt_assign(Main.java:166)
	at Main.alt_sep_test(Main.java:228)
	at Main.mainProcess(Main.java:278)
	at Main.main(Main.java:290)


====================================================== search constraint
depth limit reached: 13

====================================================== snapshot 
thread java.lang.Thread:{id:0,name:main,status:RUNNING,priority:5,isDaemon:false,lockCount:0,suspendCount:0}
  call stack:
	at Main.Non_Crossing_Biased_Climb(Main.java:98)
	at Main.alt_assign(Main.java:166)
	at Main.alt_sep_test(Main.java:228)
	at Main.mainProcess(Main.java:278)
	at Main.main(Main.java:290)


====================================================== search constraint
depth limit reached: 13

====================================================== snapshot 
thread java.lang.Thread:{id:0,name:main,status:RUNNING,priority:5,isDaemon:false,lockCount:0,suspendCount:0}
  call stack:
	at Main.Non_Crossing_Biased_Climb(Main.java:98)
	at Main.alt_assign(Main.java:166)
	at Main.alt_sep_test(Main.java:228)
	at Main.mainProcess(Main.java:278)
	at Main.main(Main.java:290)


====================================================== search constraint
depth limit reached: 13

====================================================== snapshot 
no live threads

====================================================== search constraint
depth limit reached: 13

====================================================== snapshot 
no live threads

====================================================== search constraint
depth limit reached: 13

====================================================== snapshot 
no live threads

====================================================== search constraint
depth limit reached: 13

====================================================== snapshot 
no live threads

====================================================== search constraint
depth limit reached: 13

====================================================== snapshot 
no live threads

====================================================== search constraint
depth limit reached: 13

====================================================== snapshot 
no live threads

====================================================== search constraint
depth limit reached: 13

====================================================== snapshot 
no live threads

====================================================== search constraint
depth limit reached: 13

====================================================== snapshot 
no live threads

====================================================== search constraint
depth limit reached: 13

====================================================== snapshot 
no live threads

====================================================== search constraint
depth limit reached: 13

====================================================== snapshot 
no live threads

====================================================== search constraint
depth limit reached: 13

====================================================== snapshot 
no live threads

====================================================== search constraint
depth limit reached: 13

====================================================== snapshot 
no live threads

====================================================== search constraint
depth limit reached: 13

====================================================== snapshot 
no live threads

====================================================== search constraint
depth limit reached: 13

====================================================== snapshot 
no live threads

====================================================== search constraint
depth limit reached: 13

====================================================== snapshot 
no live threads

====================================================== search constraint
depth limit reached: 13

====================================================== snapshot 
no live threads

====================================================== search constraint
depth limit reached: 13

====================================================== snapshot 
thread java.lang.Thread:{id:0,name:main,status:RUNNING,priority:5,isDaemon:false,lockCount:0,suspendCount:0}
  call stack:
	at Main.mainProcess(Main.java:284)
	at Main.main(Main.java:290)


====================================================== search constraint
depth limit reached: 13

====================================================== snapshot 
thread java.lang.Thread:{id:0,name:main,status:RUNNING,priority:5,isDaemon:false,lockCount:0,suspendCount:0}
  call stack:
	at Main.mainProcess(Main.java:284)
	at Main.main(Main.java:290)


====================================================== search constraint
depth limit reached: 13

====================================================== snapshot 
thread java.lang.Thread:{id:0,name:main,status:RUNNING,priority:5,isDaemon:false,lockCount:0,suspendCount:0}
  call stack:
	at Main.mainProcess(Main.java:284)
	at Main.main(Main.java:290)


====================================================== search constraint
depth limit reached: 13

====================================================== snapshot 
thread java.lang.Thread:{id:0,name:main,status:RUNNING,priority:5,isDaemon:false,lockCount:0,suspendCount:0}
  call stack:
	at Main.mainProcess(Main.java:284)
	at Main.main(Main.java:290)


====================================================== search constraint
depth limit reached: 13

====================================================== snapshot 
thread java.lang.Thread:{id:0,name:main,status:RUNNING,priority:5,isDaemon:false,lockCount:0,suspendCount:0}
  call stack:
	at Main.mainProcess(Main.java:284)
	at Main.main(Main.java:290)


====================================================== search constraint
depth limit reached: 13

====================================================== snapshot 
thread java.lang.Thread:{id:0,name:main,status:RUNNING,priority:5,isDaemon:false,lockCount:0,suspendCount:0}
  call stack:
	at Main.mainProcess(Main.java:284)
	at Main.main(Main.java:290)


====================================================== search constraint
depth limit reached: 13

====================================================== snapshot 
thread java.lang.Thread:{id:0,name:main,status:RUNNING,priority:5,isDaemon:false,lockCount:0,suspendCount:0}
  call stack:
	at Main.mainProcess(Main.java:284)
	at Main.main(Main.java:290)


====================================================== search constraint
depth limit reached: 13

====================================================== snapshot 
thread java.lang.Thread:{id:0,name:main,status:RUNNING,priority:5,isDaemon:false,lockCount:0,suspendCount:0}
  call stack:
	at Main.mainProcess(Main.java:284)
	at Main.main(Main.java:290)


====================================================== search constraint
depth limit reached: 13

====================================================== snapshot 
thread java.lang.Thread:{id:0,name:main,status:RUNNING,priority:5,isDaemon:false,lockCount:0,suspendCount:0}
  call stack:
	at Main.Non_Crossing_Biased_Descend(Main.java:124)
	at Main.alt_assign(Main.java:174)
	at Main.alt_sep_test(Main.java:231)
	at Main.mainProcess(Main.java:278)
	at Main.main(Main.java:290)


====================================================== search constraint
depth limit reached: 13

====================================================== snapshot 
thread java.lang.Thread:{id:0,name:main,status:RUNNING,priority:5,isDaemon:false,lockCount:0,suspendCount:0}
  call stack:
	at Main.Non_Crossing_Biased_Descend(Main.java:124)
	at Main.alt_assign(Main.java:174)
	at Main.alt_sep_test(Main.java:231)
	at Main.mainProcess(Main.java:278)
	at Main.main(Main.java:290)


====================================================== search constraint
depth limit reached: 13

====================================================== snapshot 
thread java.lang.Thread:{id:0,name:main,status:RUNNING,priority:5,isDaemon:false,lockCount:0,suspendCount:0}
  call stack:
	at Main.Non_Crossing_Biased_Descend(Main.java:124)
	at Main.alt_assign(Main.java:174)
	at Main.alt_sep_test(Main.java:231)
	at Main.mainProcess(Main.java:278)
	at Main.main(Main.java:290)


====================================================== search constraint
depth limit reached: 13

====================================================== snapshot 
thread java.lang.Thread:{id:0,name:main,status:RUNNING,priority:5,isDaemon:false,lockCount:0,suspendCount:0}
  call stack:
	at Main.Non_Crossing_Biased_Descend(Main.java:124)
	at Main.alt_assign(Main.java:174)
	at Main.alt_sep_test(Main.java:231)
	at Main.mainProcess(Main.java:278)
	at Main.main(Main.java:290)


====================================================== search constraint
depth limit reached: 13

====================================================== snapshot 
thread java.lang.Thread:{id:0,name:main,status:RUNNING,priority:5,isDaemon:false,lockCount:0,suspendCount:0}
  call stack:
	at Main.Non_Crossing_Biased_Descend(Main.java:124)
	at Main.alt_assign(Main.java:174)
	at Main.alt_sep_test(Main.java:231)
	at Main.mainProcess(Main.java:278)
	at Main.main(Main.java:290)


====================================================== search constraint
depth limit reached: 13

====================================================== snapshot 
thread java.lang.Thread:{id:0,name:main,status:RUNNING,priority:5,isDaemon:false,lockCount:0,suspendCount:0}
  call stack:
	at Main.Non_Crossing_Biased_Descend(Main.java:124)
	at Main.alt_assign(Main.java:174)
	at Main.alt_sep_test(Main.java:231)
	at Main.mainProcess(Main.java:278)
	at Main.main(Main.java:290)


====================================================== search constraint
depth limit reached: 13

====================================================== snapshot 
thread java.lang.Thread:{id:0,name:main,status:RUNNING,priority:5,isDaemon:false,lockCount:0,suspendCount:0}
  call stack:
	at Main.Non_Crossing_Biased_Descend(Main.java:124)
	at Main.alt_assign(Main.java:174)
	at Main.alt_sep_test(Main.java:231)
	at Main.mainProcess(Main.java:278)
	at Main.main(Main.java:290)


====================================================== search constraint
depth limit reached: 13

====================================================== snapshot 
thread java.lang.Thread:{id:0,name:main,status:RUNNING,priority:5,isDaemon:false,lockCount:0,suspendCount:0}
  call stack:
	at Main.Non_Crossing_Biased_Descend(Main.java:124)
	at Main.alt_assign(Main.java:174)
	at Main.alt_sep_test(Main.java:231)
	at Main.mainProcess(Main.java:278)
	at Main.main(Main.java:290)


====================================================== search constraint
depth limit reached: 13

====================================================== snapshot 
no live threads

====================================================== search constraint
depth limit reached: 13

====================================================== snapshot 
no live threads

====================================================== search constraint
depth limit reached: 13

====================================================== snapshot 
no live threads

====================================================== search constraint
depth limit reached: 13

====================================================== snapshot 
no live threads

====================================================== search constraint
depth limit reached: 13

====================================================== snapshot 
thread java.lang.Thread:{id:0,name:main,status:RUNNING,priority:5,isDaemon:false,lockCount:0,suspendCount:0}
  call stack:
	at Main.mainProcess(Main.java:284)
	at Main.main(Main.java:290)


====================================================== search constraint
depth limit reached: 13

====================================================== snapshot 
no live threads

====================================================== search constraint
depth limit reached: 13

====================================================== snapshot 
thread java.lang.Thread:{id:0,name:main,status:RUNNING,priority:5,isDaemon:false,lockCount:0,suspendCount:0}
  call stack:
	at Main.mainProcess(Main.java:284)
	at Main.main(Main.java:290)


====================================================== search constraint
depth limit reached: 13

====================================================== snapshot 
no live threads

====================================================== search constraint
depth limit reached: 13

====================================================== snapshot 
thread java.lang.Thread:{id:0,name:main,status:RUNNING,priority:5,isDaemon:false,lockCount:0,suspendCount:0}
  call stack:
	at Main.Non_Crossing_Biased_Descend(Main.java:137)
	at Main.alt_assign(Main.java:174)
	at Main.alt_sep_test(Main.java:231)
	at Main.mainProcess(Main.java:278)
	at Main.main(Main.java:290)


====================================================== search constraint
depth limit reached: 13

====================================================== snapshot 
thread java.lang.Thread:{id:0,name:main,status:RUNNING,priority:5,isDaemon:false,lockCount:0,suspendCount:0}
  call stack:
	at Main.Non_Crossing_Biased_Descend(Main.java:137)
	at Main.alt_assign(Main.java:174)
	at Main.alt_sep_test(Main.java:231)
	at Main.mainProcess(Main.java:278)
	at Main.main(Main.java:290)


====================================================== search constraint
depth limit reached: 13

====================================================== snapshot 
thread java.lang.Thread:{id:0,name:main,status:RUNNING,priority:5,isDaemon:false,lockCount:0,suspendCount:0}
  call stack:
	at Main.Non_Crossing_Biased_Descend(Main.java:137)
	at Main.alt_assign(Main.java:174)
	at Main.alt_sep_test(Main.java:231)
	at Main.mainProcess(Main.java:278)
	at Main.main(Main.java:290)


====================================================== search constraint
depth limit reached: 13

====================================================== snapshot 
thread java.lang.Thread:{id:0,name:main,status:RUNNING,priority:5,isDaemon:false,lockCount:0,suspendCount:0}
  call stack:
	at Main.Non_Crossing_Biased_Descend(Main.java:137)
	at Main.alt_assign(Main.java:174)
	at Main.alt_sep_test(Main.java:231)
	at Main.mainProcess(Main.java:278)
	at Main.main(Main.java:290)


====================================================== search constraint
depth limit reached: 13

====================================================== snapshot 
no live threads

====================================================== search constraint
depth limit reached: 13

====================================================== snapshot 
no live threads

====================================================== search constraint
depth limit reached: 13

====================================================== snapshot 
no live threads

====================================================== search constraint
depth limit reached: 13

====================================================== snapshot 
no live threads

====================================================== search constraint
depth limit reached: 13

====================================================== snapshot 
thread java.lang.Thread:{id:0,name:main,status:RUNNING,priority:5,isDaemon:false,lockCount:0,suspendCount:0}
  call stack:
	at Main.mainProcess(Main.java:284)
	at Main.main(Main.java:290)


====================================================== search constraint
depth limit reached: 13

====================================================== snapshot 
thread java.lang.Thread:{id:0,name:main,status:RUNNING,priority:5,isDaemon:false,lockCount:0,suspendCount:0}
  call stack:
	at Main.mainProcess(Main.java:284)
	at Main.main(Main.java:290)


====================================================== search constraint
depth limit reached: 13

====================================================== snapshot 
no live threads

====================================================== search constraint
depth limit reached: 13

====================================================== snapshot 
no live threads

====================================================== search constraint
depth limit reached: 13

====================================================== snapshot 
thread java.lang.Thread:{id:0,name:main,status:RUNNING,priority:5,isDaemon:false,lockCount:0,suspendCount:0}
  call stack:
	at Main.Own_Above_Threat(Main.java:157)
	at Main.Non_Crossing_Biased_Descend(Main.java:135)
	at Main.alt_assign(Main.java:174)
	at Main.alt_sep_test(Main.java:231)
	at Main.mainProcess(Main.java:278)
	at Main.main(Main.java:290)


====================================================== search constraint
depth limit reached: 13

====================================================== snapshot 
thread java.lang.Thread:{id:0,name:main,status:RUNNING,priority:5,isDaemon:false,lockCount:0,suspendCount:0}
  call stack:
	at Main.Own_Above_Threat(Main.java:157)
	at Main.Non_Crossing_Biased_Climb(Main.java:101)
	at Main.alt_assign(Main.java:166)
	at Main.alt_sep_test(Main.java:231)
	at Main.mainProcess(Main.java:278)
	at Main.main(Main.java:290)


====================================================== search constraint
depth limit reached: 13

====================================================== snapshot 
thread java.lang.Thread:{id:0,name:main,status:RUNNING,priority:5,isDaemon:false,lockCount:0,suspendCount:0}
  call stack:
	at Main.Own_Above_Threat(Main.java:157)
	at Main.Non_Crossing_Biased_Descend(Main.java:135)
	at Main.alt_assign(Main.java:174)
	at Main.alt_sep_test(Main.java:231)
	at Main.mainProcess(Main.java:278)
	at Main.main(Main.java:290)


====================================================== search constraint
depth limit reached: 13

====================================================== snapshot 
thread java.lang.Thread:{id:0,name:main,status:RUNNING,priority:5,isDaemon:false,lockCount:0,suspendCount:0}
  call stack:
	at Main.Own_Above_Threat(Main.java:157)
	at Main.Non_Crossing_Biased_Climb(Main.java:101)
	at Main.alt_assign(Main.java:166)
	at Main.alt_sep_test(Main.java:231)
	at Main.mainProcess(Main.java:278)
	at Main.main(Main.java:290)


====================================================== search constraint
depth limit reached: 13

====================================================== snapshot 
no live threads

====================================================== search constraint
depth limit reached: 13

====================================================== snapshot 
no live threads

====================================================== search constraint
depth limit reached: 13

====================================================== snapshot 
no live threads

====================================================== search constraint
depth limit reached: 13

====================================================== snapshot 
no live threads

====================================================== search constraint
depth limit reached: 13

====================================================== snapshot 
no live threads

====================================================== search constraint
depth limit reached: 13

====================================================== snapshot 
no live threads

====================================================== search constraint
depth limit reached: 13

====================================================== snapshot 
no live threads

====================================================== search constraint
depth limit reached: 13

====================================================== snapshot 
no live threads

====================================================== search constraint
depth limit reached: 13

====================================================== snapshot 
thread java.lang.Thread:{id:0,name:main,status:RUNNING,priority:5,isDaemon:false,lockCount:0,suspendCount:0}
  call stack:
	at Main.mainProcess(Main.java:284)
	at Main.main(Main.java:290)


====================================================== search constraint
depth limit reached: 13

====================================================== snapshot 
thread java.lang.Thread:{id:0,name:main,status:RUNNING,priority:5,isDaemon:false,lockCount:0,suspendCount:0}
  call stack:
	at Main.mainProcess(Main.java:284)
	at Main.main(Main.java:290)


====================================================== search constraint
depth limit reached: 13

====================================================== snapshot 
thread java.lang.Thread:{id:0,name:main,status:RUNNING,priority:5,isDaemon:false,lockCount:0,suspendCount:0}
  call stack:
	at Main.mainProcess(Main.java:284)
	at Main.main(Main.java:290)


====================================================== search constraint
depth limit reached: 13

====================================================== snapshot 
thread java.lang.Thread:{id:0,name:main,status:RUNNING,priority:5,isDaemon:false,lockCount:0,suspendCount:0}
  call stack:
	at Main.mainProcess(Main.java:284)
	at Main.main(Main.java:290)


====================================================== search constraint
depth limit reached: 13

====================================================== snapshot 
no live threads

====================================================== search constraint
depth limit reached: 13

====================================================== snapshot 
no live threads

====================================================== search constraint
depth limit reached: 13

====================================================== snapshot 
no live threads

====================================================== search constraint
depth limit reached: 13

====================================================== snapshot 
no live threads

====================================================== search constraint
depth limit reached: 13

====================================================== snapshot 
thread java.lang.Thread:{id:0,name:main,status:RUNNING,priority:5,isDaemon:false,lockCount:0,suspendCount:0}
  call stack:
	at Main.Non_Crossing_Biased_Descend(Main.java:124)
	at Main.alt_assign(Main.java:174)
	at Main.alt_sep_test(Main.java:231)
	at Main.mainProcess(Main.java:278)
	at Main.main(Main.java:290)


====================================================== search constraint
depth limit reached: 13

====================================================== snapshot 
thread java.lang.Thread:{id:0,name:main,status:RUNNING,priority:5,isDaemon:false,lockCount:0,suspendCount:0}
  call stack:
	at Main.Non_Crossing_Biased_Descend(Main.java:124)
	at Main.alt_assign(Main.java:174)
	at Main.alt_sep_test(Main.java:231)
	at Main.mainProcess(Main.java:278)
	at Main.main(Main.java:290)


====================================================== search constraint
depth limit reached: 13

====================================================== snapshot 
thread java.lang.Thread:{id:0,name:main,status:RUNNING,priority:5,isDaemon:false,lockCount:0,suspendCount:0}
  call stack:
	at Main.Non_Crossing_Biased_Descend(Main.java:124)
	at Main.alt_assign(Main.java:174)
	at Main.alt_sep_test(Main.java:231)
	at Main.mainProcess(Main.java:278)
	at Main.main(Main.java:290)


====================================================== search constraint
depth limit reached: 13

====================================================== snapshot 
thread java.lang.Thread:{id:0,name:main,status:RUNNING,priority:5,isDaemon:false,lockCount:0,suspendCount:0}
  call stack:
	at Main.Non_Crossing_Biased_Descend(Main.java:124)
	at Main.alt_assign(Main.java:174)
	at Main.alt_sep_test(Main.java:231)
	at Main.mainProcess(Main.java:278)
	at Main.main(Main.java:290)


====================================================== search constraint
depth limit reached: 13

====================================================== snapshot 
thread java.lang.Thread:{id:0,name:main,status:RUNNING,priority:5,isDaemon:false,lockCount:0,suspendCount:0}
  call stack:
	at Main.Non_Crossing_Biased_Descend(Main.java:124)
	at Main.alt_assign(Main.java:174)
	at Main.alt_sep_test(Main.java:231)
	at Main.mainProcess(Main.java:278)
	at Main.main(Main.java:290)


====================================================== search constraint
depth limit reached: 13

====================================================== snapshot 
thread java.lang.Thread:{id:0,name:main,status:RUNNING,priority:5,isDaemon:false,lockCount:0,suspendCount:0}
  call stack:
	at Main.Non_Crossing_Biased_Descend(Main.java:124)
	at Main.alt_assign(Main.java:174)
	at Main.alt_sep_test(Main.java:231)
	at Main.mainProcess(Main.java:278)
	at Main.main(Main.java:290)


====================================================== search constraint
depth limit reached: 13

====================================================== snapshot 
thread java.lang.Thread:{id:0,name:main,status:RUNNING,priority:5,isDaemon:false,lockCount:0,suspendCount:0}
  call stack:
	at Main.Non_Crossing_Biased_Descend(Main.java:124)
	at Main.alt_assign(Main.java:174)
	at Main.alt_sep_test(Main.java:231)
	at Main.mainProcess(Main.java:278)
	at Main.main(Main.java:290)


====================================================== search constraint
depth limit reached: 13

====================================================== snapshot 
thread java.lang.Thread:{id:0,name:main,status:RUNNING,priority:5,isDaemon:false,lockCount:0,suspendCount:0}
  call stack:
	at Main.Non_Crossing_Biased_Descend(Main.java:124)
	at Main.alt_assign(Main.java:174)
	at Main.alt_sep_test(Main.java:231)
	at Main.mainProcess(Main.java:278)
	at Main.main(Main.java:290)


====================================================== search constraint
depth limit reached: 13

====================================================== snapshot 
no live threads

====================================================== search constraint
depth limit reached: 13

====================================================== snapshot 
no live threads

====================================================== search constraint
depth limit reached: 13

====================================================== snapshot 
no live threads

====================================================== search constraint
depth limit reached: 13

====================================================== snapshot 
no live threads

====================================================== search constraint
depth limit reached: 13

====================================================== snapshot 
thread java.lang.Thread:{id:0,name:main,status:RUNNING,priority:5,isDaemon:false,lockCount:0,suspendCount:0}
  call stack:
	at Main.mainProcess(Main.java:284)
	at Main.main(Main.java:290)


====================================================== search constraint
depth limit reached: 13

====================================================== snapshot 
no live threads

====================================================== search constraint
depth limit reached: 13

====================================================== snapshot 
thread java.lang.Thread:{id:0,name:main,status:RUNNING,priority:5,isDaemon:false,lockCount:0,suspendCount:0}
  call stack:
	at Main.mainProcess(Main.java:284)
	at Main.main(Main.java:290)


====================================================== search constraint
depth limit reached: 13

====================================================== snapshot 
no live threads

====================================================== search constraint
depth limit reached: 13

====================================================== snapshot 
thread java.lang.Thread:{id:0,name:main,status:RUNNING,priority:5,isDaemon:false,lockCount:0,suspendCount:0}
  call stack:
	at Main.Non_Crossing_Biased_Descend(Main.java:137)
	at Main.alt_assign(Main.java:174)
	at Main.alt_sep_test(Main.java:231)
	at Main.mainProcess(Main.java:278)
	at Main.main(Main.java:290)


====================================================== search constraint
depth limit reached: 13

====================================================== snapshot 
thread java.lang.Thread:{id:0,name:main,status:RUNNING,priority:5,isDaemon:false,lockCount:0,suspendCount:0}
  call stack:
	at Main.Non_Crossing_Biased_Descend(Main.java:137)
	at Main.alt_assign(Main.java:174)
	at Main.alt_sep_test(Main.java:231)
	at Main.mainProcess(Main.java:278)
	at Main.main(Main.java:290)


====================================================== search constraint
depth limit reached: 13

====================================================== snapshot 
thread java.lang.Thread:{id:0,name:main,status:RUNNING,priority:5,isDaemon:false,lockCount:0,suspendCount:0}
  call stack:
	at Main.Non_Crossing_Biased_Descend(Main.java:137)
	at Main.alt_assign(Main.java:174)
	at Main.alt_sep_test(Main.java:231)
	at Main.mainProcess(Main.java:278)
	at Main.main(Main.java:290)


====================================================== search constraint
depth limit reached: 13

====================================================== snapshot 
thread java.lang.Thread:{id:0,name:main,status:RUNNING,priority:5,isDaemon:false,lockCount:0,suspendCount:0}
  call stack:
	at Main.Non_Crossing_Biased_Descend(Main.java:137)
	at Main.alt_assign(Main.java:174)
	at Main.alt_sep_test(Main.java:231)
	at Main.mainProcess(Main.java:278)
	at Main.main(Main.java:290)


====================================================== search constraint
depth limit reached: 13

====================================================== snapshot 
no live threads

====================================================== search constraint
depth limit reached: 13

====================================================== snapshot 
no live threads

====================================================== search constraint
depth limit reached: 13

====================================================== snapshot 
no live threads

====================================================== search constraint
depth limit reached: 13

====================================================== snapshot 
no live threads

====================================================== search constraint
depth limit reached: 13

====================================================== snapshot 
thread java.lang.Thread:{id:0,name:main,status:RUNNING,priority:5,isDaemon:false,lockCount:0,suspendCount:0}
  call stack:
	at Main.mainProcess(Main.java:284)
	at Main.main(Main.java:290)


====================================================== search constraint
depth limit reached: 13

====================================================== snapshot 
thread java.lang.Thread:{id:0,name:main,status:RUNNING,priority:5,isDaemon:false,lockCount:0,suspendCount:0}
  call stack:
	at Main.mainProcess(Main.java:284)
	at Main.main(Main.java:290)


====================================================== search constraint
depth limit reached: 13

====================================================== snapshot 
no live threads

====================================================== search constraint
depth limit reached: 13

====================================================== snapshot 
no live threads

====================================================== search constraint
depth limit reached: 13

====================================================== snapshot 
thread java.lang.Thread:{id:0,name:main,status:RUNNING,priority:5,isDaemon:false,lockCount:0,suspendCount:0}
  call stack:
	at Main.Own_Above_Threat(Main.java:157)
	at Main.Non_Crossing_Biased_Descend(Main.java:135)
	at Main.alt_assign(Main.java:174)
	at Main.alt_sep_test(Main.java:231)
	at Main.mainProcess(Main.java:278)
	at Main.main(Main.java:290)


====================================================== search constraint
depth limit reached: 13

====================================================== snapshot 
thread java.lang.Thread:{id:0,name:main,status:RUNNING,priority:5,isDaemon:false,lockCount:0,suspendCount:0}
  call stack:
	at Main.Own_Above_Threat(Main.java:157)
	at Main.Non_Crossing_Biased_Climb(Main.java:101)
	at Main.alt_assign(Main.java:166)
	at Main.alt_sep_test(Main.java:231)
	at Main.mainProcess(Main.java:278)
	at Main.main(Main.java:290)


====================================================== search constraint
depth limit reached: 13

====================================================== snapshot 
thread java.lang.Thread:{id:0,name:main,status:RUNNING,priority:5,isDaemon:false,lockCount:0,suspendCount:0}
  call stack:
	at Main.Own_Above_Threat(Main.java:157)
	at Main.Non_Crossing_Biased_Descend(Main.java:135)
	at Main.alt_assign(Main.java:174)
	at Main.alt_sep_test(Main.java:231)
	at Main.mainProcess(Main.java:278)
	at Main.main(Main.java:290)


====================================================== search constraint
depth limit reached: 13

====================================================== snapshot 
thread java.lang.Thread:{id:0,name:main,status:RUNNING,priority:5,isDaemon:false,lockCount:0,suspendCount:0}
  call stack:
	at Main.Own_Above_Threat(Main.java:157)
	at Main.Non_Crossing_Biased_Climb(Main.java:101)
	at Main.alt_assign(Main.java:166)
	at Main.alt_sep_test(Main.java:231)
	at Main.mainProcess(Main.java:278)
	at Main.main(Main.java:290)


====================================================== results
no errors detected

====================================================== statistics
elapsed time:       00:00:07
states:             new=783,visited=0,backtracked=783,end=236
search:             maxDepth=13,constraints=272
choice generators:  thread=1 (signal=0,lock=1,sharedRef=0,threadApi=0,reschedule=0), data=391
heap:               new=510,released=2176,maxLive=458,gcCycles=237
instructions:       21396
max memory:         62MB
loaded code:        classes=85,methods=1839

====================================================== search finished: 26/7/25 4:28 AM
SAFE
