./jpf-sv-comp --propertyfile ../../sv-benchmarks/java/properties/runtime-exception.prp ../../sv-benchmarks/java/common ../../sv-benchmarks/java/java-ranger-regression/siena_eqchk/impl ../../sv-benchmarks/java/java-ranger-regression/siena_eqchk/prop2


--------------------------------------------------------------------------------


Note: Some input files use unchecked or unsafe operations.
Note: Recompile with -Xlint:unchecked for details.
/tmp/jpf-benchmark.tGUnJY/config.jpf
LD_LIBRARY_PATH=/home/f8/Desktop/bench-defs/bin/spf2-wqB1rj98YZ/jpf-symbc/lib:/home/f8/Desktop/SPF/jpf-symbc/lib:
symbolic.min_int=-2147483648
symbolic.min_long=-9223372036854775808
symbolic.min_short=-32768
symbolic.min_byte=-128
symbolic.min_char=0
symbolic.max_int=2147483647
symbolic.max_long=9223372036854775807
symbolic.max_short=32767
symbolic.max_byte=127
symbolic.max_char=65535
symbolic.min_double=4.9E-324
symbolic.max_double=1.7976931348623157E308
JavaPathfinder core system v8.0 (rev 8b82638acdeb8140d063107c30b29a0161fcc31c) - (C) 2005-2014 United States Government. All rights reserved.


====================================================== system under test
Main.main()

====================================================== search started: 26/7/25 4:28 AM

====================================================== search constraint
depth limit reached: 13

====================================================== snapshot 
no live threads

====================================================== search constraint
depth limit reached: 13

====================================================== snapshot 
thread java.lang.Thread:{id:0,name:main,status:RUNNING,priority:5,isDaemon:false,lockCount:0,suspendCount:0}
  call stack:
	at SENP.encodeWithBuf(SENP.java:229)
	at SENP.encodeWithPacket2(SENP.java:386)
	at SENP.encodePacket(SENP.java:308)
	at SENPDriver.mainProcess(SENPDriver.java:52)
	at Main.main(Main.java:17)


====================================================== search constraint
depth limit reached: 13

====================================================== snapshot 
no live threads

====================================================== search constraint
depth limit reached: 13

====================================================== snapshot 
thread java.lang.Thread:{id:0,name:main,status:RUNNING,priority:5,isDaemon:false,lockCount:0,suspendCount:0}
  call stack:
	at SENP.encodeWithBuf(SENP.java:225)
	at SENP.encodeWithPacket2(SENP.java:386)
	at SENP.encodePacket(SENP.java:308)
	at SENPDriver.mainProcess(SENPDriver.java:52)
	at Main.main(Main.java:17)


====================================================== search constraint
depth limit reached: 13

====================================================== snapshot 
no live threads

====================================================== search constraint
depth limit reached: 13

====================================================== snapshot 
thread java.lang.Thread:{id:0,name:main,status:RUNNING,priority:5,isDaemon:false,lockCount:0,suspendCount:0}
  call stack:
	at SENP.encodeWithBuf(SENP.java:221)
	at SENP.encodeWithPacket2(SENP.java:386)
	at SENP.encodePacket(SENP.java:308)
	at SENPDriver.mainProcess(SENPDriver.java:52)
	at Main.main(Main.java:17)


====================================================== search constraint
depth limit reached: 13

====================================================== snapshot 
no live threads

====================================================== search constraint
depth limit reached: 13

====================================================== snapshot 
thread java.lang.Thread:{id:0,name:main,status:RUNNING,priority:5,isDaemon:false,lockCount:0,suspendCount:0}
  call stack:
	at SENP.encodeWithBuf(SENP.java:217)
	at SENP.encodeWithPacket2(SENP.java:386)
	at SENP.encodePacket(SENP.java:308)
	at SENPDriver.mainProcess(SENPDriver.java:52)
	at Main.main(Main.java:17)


====================================================== search constraint
depth limit reached: 13

====================================================== snapshot 
thread java.lang.Thread:{id:0,name:main,status:RUNNING,priority:5,isDaemon:false,lockCount:0,suspendCount:0}
  call stack:
	at SENP.encodeWithBuf(SENP.java:213)
	at SENP.encodeWithPacket2(SENP.java:386)
	at SENP.encodePacket(SENP.java:308)
	at SENPDriver.mainProcess(SENPDriver.java:52)
	at Main.main(Main.java:17)


====================================================== search constraint
depth limit reached: 13

====================================================== snapshot 
thread java.lang.Thread:{id:0,name:main,status:RUNNING,priority:5,isDaemon:false,lockCount:0,suspendCount:0}
  call stack:
	at SENP.encodeWithBuf(SENP.java:233)
	at SENP.encodeWithPacket2(SENP.java:386)
	at SENP.encodePacket(SENP.java:308)
	at SENPDriver.mainProcess(SENPDriver.java:52)
	at Main.main(Main.java:17)


====================================================== search constraint
depth limit reached: 13

====================================================== snapshot 
no live threads

====================================================== search constraint
depth limit reached: 13

====================================================== snapshot 
thread java.lang.Thread:{id:0,name:main,status:RUNNING,priority:5,isDaemon:false,lockCount:0,suspendCount:0}
  call stack:
	at SENP.encodeWithBuf(SENP.java:225)
	at SENP.encodeWithPacket2(SENP.java:386)
	at SENP.encodePacket(SENP.java:308)
	at SENPDriver.mainProcess(SENPDriver.java:52)
	at Main.main(Main.java:17)


====================================================== search constraint
depth limit reached: 13

====================================================== snapshot 
no live threads

====================================================== search constraint
depth limit reached: 13

====================================================== snapshot 
thread java.lang.Thread:{id:0,name:main,status:RUNNING,priority:5,isDaemon:false,lockCount:0,suspendCount:0}
  call stack:
	at SENP.encodeWithBuf(SENP.java:221)
	at SENP.encodeWithPacket2(SENP.java:386)
	at SENP.encodePacket(SENP.java:308)
	at SENPDriver.mainProcess(SENPDriver.java:52)
	at Main.main(Main.java:17)


====================================================== search constraint
depth limit reached: 13

====================================================== snapshot 
no live threads

====================================================== search constraint
depth limit reached: 13

====================================================== snapshot 
thread java.lang.Thread:{id:0,name:main,status:RUNNING,priority:5,isDaemon:false,lockCount:0,suspendCount:0}
  call stack:
	at SENP.encodeWithBuf(SENP.java:217)
	at SENP.encodeWithPacket2(SENP.java:386)
	at SENP.encodePacket(SENP.java:308)
	at SENPDriver.mainProcess(SENPDriver.java:52)
	at Main.main(Main.java:17)


====================================================== search constraint
depth limit reached: 13

====================================================== snapshot 
thread java.lang.Thread:{id:0,name:main,status:RUNNING,priority:5,isDaemon:false,lockCount:0,suspendCount:0}
  call stack:
	at SENP.encodeWithBuf(SENP.java:213)
	at SENP.encodeWithPacket2(SENP.java:386)
	at SENP.encodePacket(SENP.java:308)
	at SENPDriver.mainProcess(SENPDriver.java:52)
	at Main.main(Main.java:17)


====================================================== search constraint
depth limit reached: 13

====================================================== snapshot 
thread java.lang.Thread:{id:0,name:main,status:RUNNING,priority:5,isDaemon:false,lockCount:0,suspendCount:0}
  call stack:
	at SENP.encodeWithBuf(SENP.java:229)
	at SENP.encodeWithPacket2(SENP.java:386)
	at SENP.encodePacket(SENP.java:308)
	at SENPDriver.mainProcess(SENPDriver.java:52)
	at Main.main(Main.java:17)


====================================================== search constraint
depth limit reached: 13

====================================================== snapshot 
no live threads

====================================================== search constraint
depth limit reached: 13

====================================================== snapshot 
thread java.lang.Thread:{id:0,name:main,status:RUNNING,priority:5,isDaemon:false,lockCount:0,suspendCount:0}
  call stack:
	at SENP.encodeWithBuf(SENP.java:221)
	at SENP.encodeWithPacket2(SENP.java:386)
	at SENP.encodePacket(SENP.java:308)
	at SENPDriver.mainProcess(SENPDriver.java:52)
	at Main.main(Main.java:17)


====================================================== search constraint
depth limit reached: 13

====================================================== snapshot 
no live threads

====================================================== search constraint
depth limit reached: 13

====================================================== snapshot 
thread java.lang.Thread:{id:0,name:main,status:RUNNING,priority:5,isDaemon:false,lockCount:0,suspendCount:0}
  call stack:
	at SENP.encodeWithBuf(SENP.java:217)
	at SENP.encodeWithPacket2(SENP.java:386)
	at SENP.encodePacket(SENP.java:308)
	at SENPDriver.mainProcess(SENPDriver.java:52)
	at Main.main(Main.java:17)


====================================================== search constraint
depth limit reached: 13

====================================================== snapshot 
thread java.lang.Thread:{id:0,name:main,status:RUNNING,priority:5,isDaemon:false,lockCount:0,suspendCount:0}
  call stack:
	at SENP.encodeWithBuf(SENP.java:213)
	at SENP.encodeWithPacket2(SENP.java:386)
	at SENP.encodePacket(SENP.java:308)
	at SENPDriver.mainProcess(SENPDriver.java:52)
	at Main.main(Main.java:17)


====================================================== search constraint
depth limit reached: 13

====================================================== snapshot 
thread java.lang.Thread:{id:0,name:main,status:RUNNING,priority:5,isDaemon:false,lockCount:0,suspendCount:0}
  call stack:
	at SENP.encodeWithBuf(SENP.java:225)
	at SENP.encodeWithPacket2(SENP.java:386)
	at SENP.encodePacket(SENP.java:308)
	at SENPDriver.mainProcess(SENPDriver.java:52)
	at Main.main(Main.java:17)


====================================================== search constraint
depth limit reached: 13

====================================================== snapshot 
no live threads

====================================================== search constraint
depth limit reached: 13

====================================================== snapshot 
thread java.lang.Thread:{id:0,name:main,status:RUNNING,priority:5,isDaemon:false,lockCount:0,suspendCount:0}
  call stack:
	at SENP.encodeWithBuf(SENP.java:217)
	at SENP.encodeWithPacket2(SENP.java:386)
	at SENP.encodePacket(SENP.java:308)
	at SENPDriver.mainProcess(SENPDriver.java:52)
	at Main.main(Main.java:17)


====================================================== search constraint
depth limit reached: 13

====================================================== snapshot 
thread java.lang.Thread:{id:0,name:main,status:RUNNING,priority:5,isDaemon:false,lockCount:0,suspendCount:0}
  call stack:
	at SENP.encodeWithBuf(SENP.java:213)
	at SENP.encodeWithPacket2(SENP.java:386)
	at SENP.encodePacket(SENP.java:308)
	at SENPDriver.mainProcess(SENPDriver.java:52)
	at Main.main(Main.java:17)


====================================================== search constraint
depth limit reached: 13

====================================================== snapshot 
thread java.lang.Thread:{id:0,name:main,status:RUNNING,priority:5,isDaemon:false,lockCount:0,suspendCount:0}
  call stack:
	at SENP.encodeWithBuf(SENP.java:221)
	at SENP.encodeWithPacket2(SENP.java:386)
	at SENP.encodePacket(SENP.java:308)
	at SENPDriver.mainProcess(SENPDriver.java:52)
	at Main.main(Main.java:17)


====================================================== search constraint
depth limit reached: 13

====================================================== snapshot 
thread java.lang.Thread:{id:0,name:main,status:RUNNING,priority:5,isDaemon:false,lockCount:0,suspendCount:0}
  call stack:
	at SENP.encodeWithBuf(SENP.java:213)
	at SENP.encodeWithPacket2(SENP.java:386)
	at SENP.encodePacket(SENP.java:308)
	at SENPDriver.mainProcess(SENPDriver.java:52)
	at Main.main(Main.java:17)


====================================================== search constraint
depth limit reached: 13

====================================================== snapshot 
thread java.lang.Thread:{id:0,name:main,status:RUNNING,priority:5,isDaemon:false,lockCount:0,suspendCount:0}
  call stack:
	at SENP.encodeWithBuf(SENP.java:217)
	at SENP.encodeWithPacket2(SENP.java:386)
	at SENP.encodePacket(SENP.java:308)
	at SENPDriver.mainProcess(SENPDriver.java:52)
	at Main.main(Main.java:17)


====================================================== search constraint
depth limit reached: 13

====================================================== snapshot 
thread java.lang.Thread:{id:0,name:main,status:RUNNING,priority:5,isDaemon:false,lockCount:0,suspendCount:0}
  call stack:
	at SENP.encodeWithBuf(SENP.java:213)
	at SENP.encodeWithPacket2(SENP.java:386)
	at SENP.encodePacket(SENP.java:308)
	at SENPDriver.mainProcess(SENPDriver.java:52)
	at Main.main(Main.java:17)


====================================================== search constraint
depth limit reached: 13

====================================================== snapshot 
thread java.lang.Thread:{id:0,name:main,status:RUNNING,priority:5,isDaemon:false,lockCount:0,suspendCount:0}
  call stack:
	at SENP.encodeWithBuf(SENP.java:237)
	at SENP.encodeWithPacket2(SENP.java:386)
	at SENP.encodePacket(SENP.java:308)
	at SENPDriver.mainProcess(SENPDriver.java:52)
	at Main.main(Main.java:17)


====================================================== search constraint
depth limit reached: 13

====================================================== snapshot 
no live threads

====================================================== search constraint
depth limit reached: 13

====================================================== snapshot 
thread java.lang.Thread:{id:0,name:main,status:RUNNING,priority:5,isDaemon:false,lockCount:0,suspendCount:0}
  call stack:
	at SENP.encodeWithBuf(SENP.java:225)
	at SENP.encodeWithPacket2(SENP.java:386)
	at SENP.encodePacket(SENP.java:308)
	at SENPDriver.mainProcess(SENPDriver.java:52)
	at Main.main(Main.java:17)


====================================================== search constraint
depth limit reached: 13

====================================================== snapshot 
no live threads

====================================================== search constraint
depth limit reached: 13

====================================================== snapshot 
thread java.lang.Thread:{id:0,name:main,status:RUNNING,priority:5,isDaemon:false,lockCount:0,suspendCount:0}
  call stack:
	at SENP.encodeWithBuf(SENP.java:221)
	at SENP.encodeWithPacket2(SENP.java:386)
	at SENP.encodePacket(SENP.java:308)
	at SENPDriver.mainProcess(SENPDriver.java:52)
	at Main.main(Main.java:17)


====================================================== search constraint
depth limit reached: 13

====================================================== snapshot 
no live threads

====================================================== search constraint
depth limit reached: 13

====================================================== snapshot 
thread java.lang.Thread:{id:0,name:main,status:RUNNING,priority:5,isDaemon:false,lockCount:0,suspendCount:0}
  call stack:
	at SENP.encodeWithBuf(SENP.java:217)
	at SENP.encodeWithPacket2(SENP.java:386)
	at SENP.encodePacket(SENP.java:308)
	at SENPDriver.mainProcess(SENPDriver.java:52)
	at Main.main(Main.java:17)


====================================================== search constraint
depth limit reached: 13

====================================================== snapshot 
thread java.lang.Thread:{id:0,name:main,status:RUNNING,priority:5,isDaemon:false,lockCount:0,suspendCount:0}
  call stack:
	at SENP.encodeWithBuf(SENP.java:213)
	at SENP.encodeWithPacket2(SENP.java:386)
	at SENP.encodePacket(SENP.java:308)
	at SENPDriver.mainProcess(SENPDriver.java:52)
	at Main.main(Main.java:17)


====================================================== search constraint
depth limit reached: 13

====================================================== snapshot 
thread java.lang.Thread:{id:0,name:main,status:RUNNING,priority:5,isDaemon:false,lockCount:0,suspendCount:0}
  call stack:
	at SENP.encodeWithBuf(SENP.java:229)
	at SENP.encodeWithPacket2(SENP.java:386)
	at SENP.encodePacket(SENP.java:308)
	at SENPDriver.mainProcess(SENPDriver.java:52)
	at Main.main(Main.java:17)


====================================================== search constraint
depth limit reached: 13

====================================================== snapshot 
no live threads

====================================================== search constraint
depth limit reached: 13

====================================================== snapshot 
thread java.lang.Thread:{id:0,name:main,status:RUNNING,priority:5,isDaemon:false,lockCount:0,suspendCount:0}
  call stack:
	at SENP.encodeWithBuf(SENP.java:221)
	at SENP.encodeWithPacket2(SENP.java:386)
	at SENP.encodePacket(SENP.java:308)
	at SENPDriver.mainProcess(SENPDriver.java:52)
	at Main.main(Main.java:17)


====================================================== search constraint
depth limit reached: 13

====================================================== snapshot 
no live threads

====================================================== search constraint
depth limit reached: 13

====================================================== snapshot 
thread java.lang.Thread:{id:0,name:main,status:RUNNING,priority:5,isDaemon:false,lockCount:0,suspendCount:0}
  call stack:
	at SENP.encodeWithBuf(SENP.java:217)
	at SENP.encodeWithPacket2(SENP.java:386)
	at SENP.encodePacket(SENP.java:308)
	at SENPDriver.mainProcess(SENPDriver.java:52)
	at Main.main(Main.java:17)


====================================================== search constraint
depth limit reached: 13

====================================================== snapshot 
thread java.lang.Thread:{id:0,name:main,status:RUNNING,priority:5,isDaemon:false,lockCount:0,suspendCount:0}
  call stack:
	at SENP.encodeWithBuf(SENP.java:213)
	at SENP.encodeWithPacket2(SENP.java:386)
	at SENP.encodePacket(SENP.java:308)
	at SENPDriver.mainProcess(SENPDriver.java:52)
	at Main.main(Main.java:17)


====================================================== search constraint
depth limit reached: 13

====================================================== snapshot 
thread java.lang.Thread:{id:0,name:main,status:RUNNING,priority:5,isDaemon:false,lockCount:0,suspendCount:0}
  call stack:
	at SENP.encodeWithBuf(SENP.java:225)
	at SENP.encodeWithPacket2(SENP.java:386)
	at SENP.encodePacket(SENP.java:308)
	at SENPDriver.mainProcess(SENPDriver.java:52)
	at Main.main(Main.java:17)


====================================================== search constraint
depth limit reached: 13

====================================================== snapshot 
no live threads

====================================================== search constraint
depth limit reached: 13

====================================================== snapshot 
thread java.lang.Thread:{id:0,name:main,status:RUNNING,priority:5,isDaemon:false,lockCount:0,suspendCount:0}
  call stack:
	at SENP.encodeWithBuf(SENP.java:217)
	at SENP.encodeWithPacket2(SENP.java:386)
	at SENP.encodePacket(SENP.java:308)
	at SENPDriver.mainProcess(SENPDriver.java:52)
	at Main.main(Main.java:17)


====================================================== search constraint
depth limit reached: 13

====================================================== snapshot 
thread java.lang.Thread:{id:0,name:main,status:RUNNING,priority:5,isDaemon:false,lockCount:0,suspendCount:0}
  call stack:
	at SENP.encodeWithBuf(SENP.java:213)
	at SENP.encodeWithPacket2(SENP.java:386)
	at SENP.encodePacket(SENP.java:308)
	at SENPDriver.mainProcess(SENPDriver.java:52)
	at Main.main(Main.java:17)


====================================================== search constraint
depth limit reached: 13

====================================================== snapshot 
thread java.lang.Thread:{id:0,name:main,status:RUNNING,priority:5,isDaemon:false,lockCount:0,suspendCount:0}
  call stack:
	at SENP.encodeWithBuf(SENP.java:221)
	at SENP.encodeWithPacket2(SENP.java:386)
	at SENP.encodePacket(SENP.java:308)
	at SENPDriver.mainProcess(SENPDriver.java:52)
	at Main.main(Main.java:17)


====================================================== search constraint
depth limit reached: 13

====================================================== snapshot 
thread java.lang.Thread:{id:0,name:main,status:RUNNING,priority:5,isDaemon:false,lockCount:0,suspendCount:0}
  call stack:
	at SENP.encodeWithBuf(SENP.java:213)
	at SENP.encodeWithPacket2(SENP.java:386)
	at SENP.encodePacket(SENP.java:308)
	at SENPDriver.mainProcess(SENPDriver.java:52)
	at Main.main(Main.java:17)


====================================================== search constraint
depth limit reached: 13

====================================================== snapshot 
thread java.lang.Thread:{id:0,name:main,status:RUNNING,priority:5,isDaemon:false,lockCount:0,suspendCount:0}
  call stack:
	at SENP.encodeWithBuf(SENP.java:217)
	at SENP.encodeWithPacket2(SENP.java:386)
	at SENP.encodePacket(SENP.java:308)
	at SENPDriver.mainProcess(SENPDriver.java:52)
	at Main.main(Main.java:17)


====================================================== search constraint
depth limit reached: 13

====================================================== snapshot 
thread java.lang.Thread:{id:0,name:main,status:RUNNING,priority:5,isDaemon:false,lockCount:0,suspendCount:0}
  call stack:
	at SENP.encodeWithBuf(SENP.java:213)
	at SENP.encodeWithPacket2(SENP.java:386)
	at SENP.encodePacket(SENP.java:308)
	at SENPDriver.mainProcess(SENPDriver.java:52)
	at Main.main(Main.java:17)


====================================================== search constraint
depth limit reached: 13

====================================================== snapshot 
thread java.lang.Thread:{id:0,name:main,status:RUNNING,priority:5,isDaemon:false,lockCount:0,suspendCount:0}
  call stack:
	at SENP.encodeWithBuf(SENP.java:233)
	at SENP.encodeWithPacket2(SENP.java:386)
	at SENP.encodePacket(SENP.java:308)
	at SENPDriver.mainProcess(SENPDriver.java:52)
	at Main.main(Main.java:17)


====================================================== search constraint
depth limit reached: 13

====================================================== snapshot 
no live threads

====================================================== search constraint
depth limit reached: 13

====================================================== snapshot 
thread java.lang.Thread:{id:0,name:main,status:RUNNING,priority:5,isDaemon:false,lockCount:0,suspendCount:0}
  call stack:
	at SENP.encodeWithBuf(SENP.java:221)
	at SENP.encodeWithPacket2(SENP.java:386)
	at SENP.encodePacket(SENP.java:308)
	at SENPDriver.mainProcess(SENPDriver.java:52)
	at Main.main(Main.java:17)


====================================================== search constraint
depth limit reached: 13

====================================================== snapshot 
no live threads

====================================================== search constraint
depth limit reached: 13

====================================================== snapshot 
thread java.lang.Thread:{id:0,name:main,status:RUNNING,priority:5,isDaemon:false,lockCount:0,suspendCount:0}
  call stack:
	at SENP.encodeWithBuf(SENP.java:217)
	at SENP.encodeWithPacket2(SENP.java:386)
	at SENP.encodePacket(SENP.java:308)
	at SENPDriver.mainProcess(SENPDriver.java:52)
	at Main.main(Main.java:17)


====================================================== search constraint
depth limit reached: 13

====================================================== snapshot 
thread java.lang.Thread:{id:0,name:main,status:RUNNING,priority:5,isDaemon:false,lockCount:0,suspendCount:0}
  call stack:
	at SENP.encodeWithBuf(SENP.java:213)
	at SENP.encodeWithPacket2(SENP.java:386)
	at SENP.encodePacket(SENP.java:308)
	at SENPDriver.mainProcess(SENPDriver.java:52)
	at Main.main(Main.java:17)


====================================================== search constraint
depth limit reached: 13

====================================================== snapshot 
thread java.lang.Thread:{id:0,name:main,status:RUNNING,priority:5,isDaemon:false,lockCount:0,suspendCount:0}
  call stack:
	at SENP.encodeWithBuf(SENP.java:225)
	at SENP.encodeWithPacket2(SENP.java:386)
	at SENP.encodePacket(SENP.java:308)
	at SENPDriver.mainProcess(SENPDriver.java:52)
	at Main.main(Main.java:17)


====================================================== search constraint
depth limit reached: 13

====================================================== snapshot 
no live threads

====================================================== search constraint
depth limit reached: 13

====================================================== snapshot 
thread java.lang.Thread:{id:0,name:main,status:RUNNING,priority:5,isDaemon:false,lockCount:0,suspendCount:0}
  call stack:
	at SENP.encodeWithBuf(SENP.java:217)
	at SENP.encodeWithPacket2(SENP.java:386)
	at SENP.encodePacket(SENP.java:308)
	at SENPDriver.mainProcess(SENPDriver.java:52)
	at Main.main(Main.java:17)


====================================================== search constraint
depth limit reached: 13

====================================================== snapshot 
thread java.lang.Thread:{id:0,name:main,status:RUNNING,priority:5,isDaemon:false,lockCount:0,suspendCount:0}
  call stack:
	at SENP.encodeWithBuf(SENP.java:213)
	at SENP.encodeWithPacket2(SENP.java:386)
	at SENP.encodePacket(SENP.java:308)
	at SENPDriver.mainProcess(SENPDriver.java:52)
	at Main.main(Main.java:17)


====================================================== search constraint
depth limit reached: 13

====================================================== snapshot 
thread java.lang.Thread:{id:0,name:main,status:RUNNING,priority:5,isDaemon:false,lockCount:0,suspendCount:0}
  call stack:
	at SENP.encodeWithBuf(SENP.java:221)
	at SENP.encodeWithPacket2(SENP.java:386)
	at SENP.encodePacket(SENP.java:308)
	at SENPDriver.mainProcess(SENPDriver.java:52)
	at Main.main(Main.java:17)


====================================================== search constraint
depth limit reached: 13

====================================================== snapshot 
thread java.lang.Thread:{id:0,name:main,status:RUNNING,priority:5,isDaemon:false,lockCount:0,suspendCount:0}
  call stack:
	at SENP.encodeWithBuf(SENP.java:213)
	at SENP.encodeWithPacket2(SENP.java:386)
	at SENP.encodePacket(SENP.java:308)
	at SENPDriver.mainProcess(SENPDriver.java:52)
	at Main.main(Main.java:17)


====================================================== search constraint
depth limit reached: 13

====================================================== snapshot 
thread java.lang.Thread:{id:0,name:main,status:RUNNING,priority:5,isDaemon:false,lockCount:0,suspendCount:0}
  call stack:
	at SENP.encodeWithBuf(SENP.java:217)
	at SENP.encodeWithPacket2(SENP.java:386)
	at SENP.encodePacket(SENP.java:308)
	at SENPDriver.mainProcess(SENPDriver.java:52)
	at Main.main(Main.java:17)


====================================================== search constraint
depth limit reached: 13

====================================================== snapshot 
thread java.lang.Thread:{id:0,name:main,status:RUNNING,priority:5,isDaemon:false,lockCount:0,suspendCount:0}
  call stack:
	at SENP.encodeWithBuf(SENP.java:213)
	at SENP.encodeWithPacket2(SENP.java:386)
	at SENP.encodePacket(SENP.java:308)
	at SENPDriver.mainProcess(SENPDriver.java:52)
	at Main.main(Main.java:17)


====================================================== search constraint
depth limit reached: 13

====================================================== snapshot 
thread java.lang.Thread:{id:0,name:main,status:RUNNING,priority:5,isDaemon:false,lockCount:0,suspendCount:0}
  call stack:
	at SENP.encodeWithBuf(SENP.java:229)
	at SENP.encodeWithPacket2(SENP.java:386)
	at SENP.encodePacket(SENP.java:308)
	at SENPDriver.mainProcess(SENPDriver.java:52)
	at Main.main(Main.java:17)


====================================================== search constraint
depth limit reached: 13

====================================================== snapshot 
no live threads

====================================================== search constraint
depth limit reached: 13

====================================================== snapshot 
thread java.lang.Thread:{id:0,name:main,status:RUNNING,priority:5,isDaemon:false,lockCount:0,suspendCount:0}
  call stack:
	at SENP.encodeWithBuf(SENP.java:217)
	at SENP.encodeWithPacket2(SENP.java:386)
	at SENP.encodePacket(SENP.java:308)
	at SENPDriver.mainProcess(SENPDriver.java:52)
	at Main.main(Main.java:17)


====================================================== search constraint
depth limit reached: 13

====================================================== snapshot 
thread java.lang.Thread:{id:0,name:main,status:RUNNING,priority:5,isDaemon:false,lockCount:0,suspendCount:0}
  call stack:
	at SENP.encodeWithBuf(SENP.java:213)
	at SENP.encodeWithPacket2(SENP.java:386)
	at SENP.encodePacket(SENP.java:308)
	at SENPDriver.mainProcess(SENPDriver.java:52)
	at Main.main(Main.java:17)


====================================================== search constraint
depth limit reached: 13

====================================================== snapshot 
thread java.lang.Thread:{id:0,name:main,status:RUNNING,priority:5,isDaemon:false,lockCount:0,suspendCount:0}
  call stack:
	at SENP.encodeWithBuf(SENP.java:221)
	at SENP.encodeWithPacket2(SENP.java:386)
	at SENP.encodePacket(SENP.java:308)
	at SENPDriver.mainProcess(SENPDriver.java:52)
	at Main.main(Main.java:17)


====================================================== search constraint
depth limit reached: 13

====================================================== snapshot 
thread java.lang.Thread:{id:0,name:main,status:RUNNING,priority:5,isDaemon:false,lockCount:0,suspendCount:0}
  call stack:
	at SENP.encodeWithBuf(SENP.java:213)
	at SENP.encodeWithPacket2(SENP.java:386)
	at SENP.encodePacket(SENP.java:308)
	at SENPDriver.mainProcess(SENPDriver.java:52)
	at Main.main(Main.java:17)


====================================================== search constraint
depth limit reached: 13

====================================================== snapshot 
thread java.lang.Thread:{id:0,name:main,status:RUNNING,priority:5,isDaemon:false,lockCount:0,suspendCount:0}
  call stack:
	at SENP.encodeWithBuf(SENP.java:217)
	at SENP.encodeWithPacket2(SENP.java:386)
	at SENP.encodePacket(SENP.java:308)
	at SENPDriver.mainProcess(SENPDriver.java:52)
	at Main.main(Main.java:17)


====================================================== search constraint
depth limit reached: 13

====================================================== snapshot 
thread java.lang.Thread:{id:0,name:main,status:RUNNING,priority:5,isDaemon:false,lockCount:0,suspendCount:0}
  call stack:
	at SENP.encodeWithBuf(SENP.java:213)
	at SENP.encodeWithPacket2(SENP.java:386)
	at SENP.encodePacket(SENP.java:308)
	at SENPDriver.mainProcess(SENPDriver.java:52)
	at Main.main(Main.java:17)


====================================================== search constraint
depth limit reached: 13

====================================================== snapshot 
thread java.lang.Thread:{id:0,name:main,status:RUNNING,priority:5,isDaemon:false,lockCount:0,suspendCount:0}
  call stack:
	at SENP.encodeWithBuf(SENP.java:225)
	at SENP.encodeWithPacket2(SENP.java:386)
	at SENP.encodePacket(SENP.java:308)
	at SENPDriver.mainProcess(SENPDriver.java:52)
	at Main.main(Main.java:17)


====================================================== search constraint
depth limit reached: 13

====================================================== snapshot 
thread java.lang.Thread:{id:0,name:main,status:RUNNING,priority:5,isDaemon:false,lockCount:0,suspendCount:0}
  call stack:
	at SENP.encodeWithBuf(SENP.java:213)
	at SENP.encodeWithPacket2(SENP.java:386)
	at SENP.encodePacket(SENP.java:308)
	at SENPDriver.mainProcess(SENPDriver.java:52)
	at Main.main(Main.java:17)


====================================================== search constraint
depth limit reached: 13

====================================================== snapshot 
thread java.lang.Thread:{id:0,name:main,status:RUNNING,priority:5,isDaemon:false,lockCount:0,suspendCount:0}
  call stack:
	at SENP.encodeWithBuf(SENP.java:217)
	at SENP.encodeWithPacket2(SENP.java:386)
	at SENP.encodePacket(SENP.java:308)
	at SENPDriver.mainProcess(SENPDriver.java:52)
	at Main.main(Main.java:17)


====================================================== search constraint
depth limit reached: 13

====================================================== snapshot 
thread java.lang.Thread:{id:0,name:main,status:RUNNING,priority:5,isDaemon:false,lockCount:0,suspendCount:0}
  call stack:
	at SENP.encodeWithBuf(SENP.java:213)
	at SENP.encodeWithPacket2(SENP.java:386)
	at SENP.encodePacket(SENP.java:308)
	at SENPDriver.mainProcess(SENPDriver.java:52)
	at Main.main(Main.java:17)


====================================================== search constraint
depth limit reached: 13

====================================================== snapshot 
thread java.lang.Thread:{id:0,name:main,status:RUNNING,priority:5,isDaemon:false,lockCount:0,suspendCount:0}
  call stack:
	at SENP.encodeWithBuf(SENP.java:221)
	at SENP.encodeWithPacket2(SENP.java:386)
	at SENP.encodePacket(SENP.java:308)
	at SENPDriver.mainProcess(SENPDriver.java:52)
	at Main.main(Main.java:17)


====================================================== search constraint
depth limit reached: 13

====================================================== snapshot 
thread java.lang.Thread:{id:0,name:main,status:RUNNING,priority:5,isDaemon:false,lockCount:0,suspendCount:0}
  call stack:
	at SENP.encodeWithBuf(SENP.java:213)
	at SENP.encodeWithPacket2(SENP.java:386)
	at SENP.encodePacket(SENP.java:308)
	at SENPDriver.mainProcess(SENPDriver.java:52)
	at Main.main(Main.java:17)


====================================================== search constraint
depth limit reached: 13

====================================================== snapshot 
thread java.lang.Thread:{id:0,name:main,status:RUNNING,priority:5,isDaemon:false,lockCount:0,suspendCount:0}
  call stack:
	at SENP.encodeWithBuf(SENP.java:217)
	at SENP.encodeWithPacket2(SENP.java:386)
	at SENP.encodePacket(SENP.java:308)
	at SENPDriver.mainProcess(SENPDriver.java:52)
	at Main.main(Main.java:17)


====================================================== search constraint
depth limit reached: 13

====================================================== snapshot 
thread java.lang.Thread:{id:0,name:main,status:RUNNING,priority:5,isDaemon:false,lockCount:0,suspendCount:0}
  call stack:
	at SENP.encodeWithBuf(SENP.java:213)
	at SENP.encodeWithPacket2(SENP.java:386)
	at SENP.encodePacket(SENP.java:308)
	at SENPDriver.mainProcess(SENPDriver.java:52)
	at Main.main(Main.java:17)


====================================================== search constraint
depth limit reached: 13

====================================================== snapshot 
thread java.lang.Thread:{id:0,name:main,status:RUNNING,priority:5,isDaemon:false,lockCount:0,suspendCount:0}
  call stack:
	at SENP.encodeWithBuf(SENP.java:242)
	at SENP.encodeWithPacket2(SENP.java:378)
	at SENP.encodePacket(SENP.java:308)
	at SENPDriver.mainProcess(SENPDriver.java:52)
	at Main.main(Main.java:17)


====================================================== error 1
gov.nasa.jpf.vm.NoUncaughtExceptionsProperty
java.lang.AssertionError
	at Main.main(Main.java:19)


====================================================== snapshot #1
thread java.lang.Thread:{id:0,name:main,status:RUNNING,priority:5,isDaemon:false,lockCount:0,suspendCount:0}
  call stack:
	at Main.main(Main.java:19)


====================================================== results
error #1: gov.nasa.jpf.vm.NoUncaughtExceptionsProperty "java.lang.AssertionError  at Main.main(Main.java:1..."

====================================================== statistics
elapsed time:       00:00:04
states:             new=208,visited=0,backtracked=197,end=35
search:             maxDepth=13,constraints=84
choice generators:  thread=1 (signal=0,lock=1,sharedRef=0,threadApi=0,reschedule=0), data=108
heap:               new=4397,released=6592,maxLive=601,gcCycles=207
instructions:       560317
max memory:         44MB
loaded code:        classes=95,methods=2142

====================================================== search finished: 26/7/25 4:28 AM
UNSAFE
