./jpf-sv-comp --propertyfile ../../sv-benchmarks/java/properties/runtime-exception.prp ../../sv-benchmarks/java/common ../../sv-benchmarks/java/java-ranger-regression/replace5_eqchk/impl ../../sv-benchmarks/java/java-ranger-regression/replace5_eqchk/prop2


--------------------------------------------------------------------------------


PROP_FILE=../../sv-benchmarks/java/properties/runtime-exception.prp
CHECK(init(Main.main()), LTL(G ! uncaught(java.lang.RuntimeException)))
ASSERTION_MODE=FALSE
RUNTIME_EXCEPTION_MODE=TRUE
/tmp/jpf-benchmark.v3tllv/config.jpf
LD_LIBRARY_PATH=/home/f8/Desktop/bench-defs/bin/spf-2Fi5DX82Mr/jpf-symbc/lib:/home/f8/Desktop/SPF/jpf-symbc/lib:
symbolic.min_int=-2147483648
symbolic.min_long=-9223372036854775808
symbolic.min_short=-32768
symbolic.min_byte=-128
symbolic.min_char=0
symbolic.max_int=2147483647
symbolic.max_long=9223372036854775807
symbolic.max_short=32767
symbolic.max_byte=127
symbolic.max_char=65535
symbolic.min_double=4.9E-324
symbolic.max_double=1.7976931348623157E308
JavaPathfinder core system v8.0 (rev a9cfdfd20e921dacd2aaa6e92103681eb28cc81d) - (C) 2005-2014 United States Government. All rights reserved.


====================================================== system under test
Main.main()

====================================================== search started: 7/8/25 3:04 AM
$$$$$$$$$$$$$$$$$$$$$$$$$$$$$$$$
Calling Z3str3

Returned solutions: 
(define-fun char0 () Int  0)
*************************************
Satisfiable: true
*************************************

$$$$$$$$$$$$$$$$$$$$$$$$$$$$$$$$
Calling Z3str3

Returned solutions: 
(define-fun char0 () Int  1)
*************************************
Satisfiable: true
*************************************

$$$$$$$$$$$$$$$$$$$$$$$$$$$$$$$$
Calling Z3str3

Returned solutions: 
(define-fun char0 () Int  (- 1))
*************************************
Satisfiable: true
*************************************

$$$$$$$$$$$$$$$$$$$$$$$$$$$$$$$$
Calling Z3str3

Returned solutions: 
(define-fun char0 () Int  63)
*************************************
Satisfiable: true
*************************************

$$$$$$$$$$$$$$$$$$$$$$$$$$$$$$$$
Calling Z3str3

Returned solutions: 
(define-fun char0 () Int  63)
(define-fun char1 () Int  0)
*************************************
Satisfiable: true
*************************************

$$$$$$$$$$$$$$$$$$$$$$$$$$$$$$$$
Calling Z3str3

Returned solutions: 
(define-fun char1 () Int  1)
(define-fun char0 () Int  63)
*************************************
Satisfiable: true
*************************************

$$$$$$$$$$$$$$$$$$$$$$$$$$$$$$$$
Calling Z3str3

Returned solutions: 
(define-fun char1 () Int  (- 1))
(define-fun char0 () Int  63)
*************************************
Satisfiable: true
*************************************

$$$$$$$$$$$$$$$$$$$$$$$$$$$$$$$$
Calling Z3str3

Returned solutions: 
(define-fun char0 () Int  63)
(define-fun char1 () Int  63)
*************************************
Satisfiable: true
*************************************

$$$$$$$$$$$$$$$$$$$$$$$$$$$$$$$$
Calling Z3str3

Returned solutions: 
(define-fun char0 () Int  63)
(define-fun char1 () Int  63)
(define-fun char2 () Int  0)
*************************************
Satisfiable: true
*************************************

$$$$$$$$$$$$$$$$$$$$$$$$$$$$$$$$
Calling Z3str3

Returned solutions: 
(define-fun char2 () Int  1)
(define-fun char0 () Int  63)
(define-fun char1 () Int  63)
*************************************
Satisfiable: true
*************************************

$$$$$$$$$$$$$$$$$$$$$$$$$$$$$$$$
Calling Z3str3

Returned solutions: 
(define-fun char2 () Int  (- 1))
(define-fun char0 () Int  63)
(define-fun char1 () Int  63)
*************************************
Satisfiable: true
*************************************

$$$$$$$$$$$$$$$$$$$$$$$$$$$$$$$$
Calling Z3str3

Returned solutions: 
(define-fun char0 () Int  63)
(define-fun char1 () Int  63)
(define-fun char2 () Int  38)
*************************************
Satisfiable: true
*************************************

$$$$$$$$$$$$$$$$$$$$$$$$$$$$$$$$
Calling Z3str3

Returned solutions: 
(define-fun char0 () Int  63)
(define-fun char1 () Int  63)
(define-fun char2 () Int  38)
(define-fun char3 () Int  0)
*************************************
Satisfiable: true
*************************************

$$$$$$$$$$$$$$$$$$$$$$$$$$$$$$$$
Calling Z3str3

Returned solutions: 
(define-fun char3 () Int  1)
(define-fun char0 () Int  63)
(define-fun char1 () Int  63)
(define-fun char2 () Int  38)
*************************************
Satisfiable: true
*************************************

$$$$$$$$$$$$$$$$$$$$$$$$$$$$$$$$
Calling Z3str3

Returned solutions: 
(define-fun char3 () Int  (- 1))
(define-fun char0 () Int  63)
(define-fun char1 () Int  63)
(define-fun char2 () Int  38)
*************************************
Satisfiable: true
*************************************

$$$$$$$$$$$$$$$$$$$$$$$$$$$$$$$$
Calling Z3str3

Returned solutions: 
(define-fun char0 () Int  63)
(define-fun char1 () Int  63)
(define-fun char2 () Int  38)
(define-fun char3 () Int  38)
*************************************
Satisfiable: true
*************************************

$$$$$$$$$$$$$$$$$$$$$$$$$$$$$$$$
Calling Z3str3

Returned solutions: 
(define-fun char0 () Int  63)
(define-fun char1 () Int  63)
(define-fun char2 () Int  38)
(define-fun char3 () Int  38)
(define-fun char4 () Int  0)
*************************************
Satisfiable: true
*************************************

$$$$$$$$$$$$$$$$$$$$$$$$$$$$$$$$
Calling Z3str3

Returned solutions: 
(define-fun char4 () Int  1)
(define-fun char0 () Int  63)
(define-fun char1 () Int  63)
(define-fun char2 () Int  38)
(define-fun char3 () Int  38)
*************************************
Satisfiable: true
*************************************

$$$$$$$$$$$$$$$$$$$$$$$$$$$$$$$$
Calling Z3str3

Returned solutions: 
(define-fun char4 () Int  1)
(define-fun char0 () Int  63)
(define-fun char1 () Int  63)
(define-fun char2 () Int  38)
(define-fun char3 () Int  38)
*************************************
Satisfiable: true
*************************************

$$$$$$$$$$$$$$$$$$$$$$$$$$$$$$$$
Calling Z3str3

Returned solutions: 
(define-fun char0 () Int  63)
(define-fun char1 () Int  63)
(define-fun char2 () Int  38)
(define-fun char3 () Int  38)
(define-fun char4 () Int  10)
*************************************
Satisfiable: true
*************************************

$$$$$$$$$$$$$$$$$$$$$$$$$$$$$$$$
Calling Z3str3

Returned solutions: 
(define-fun char4 () Int  (- 1))
(define-fun char0 () Int  63)
(define-fun char1 () Int  63)
(define-fun char2 () Int  38)
(define-fun char3 () Int  38)
*************************************
Satisfiable: true
*************************************

Symbolic Exp [ char4 ]$$$$$$$$$$$$$$$$$$$$$$$$$$$$$$$$
Calling Z3str3

Returned solutions: 
(define-fun char4 () Int  (- 1))
(define-fun char0 () Int  63)
(define-fun char1 () Int  63)
(define-fun char2 () Int  38)
(define-fun char3 () Int  38)
*************************************
Satisfiable: true
*************************************

Symbolic Exp [ char4 ]entry 0 mismatch, 63, 0
Mismatch
$$$$$$$$$$$$$$$$$$$$$$$$$$$$$$$$
Calling Z3str3

Returned solutions: 
(define-fun char4 () Int  (- 1))
(define-fun char0 () Int  63)
(define-fun char1 () Int  63)
(define-fun char2 () Int  38)
(define-fun char3 () Int  38)
*************************************
Satisfiable: true
*************************************

Property Violated: PC is constraint # = 10
char4[2] != CONST_10 &&
char4[2] != CONST_0 &&
char3[38] == CONST_38 &&
char3[38] != CONST_0 &&
char2[38] == CONST_38 &&
char2[38] != CONST_0 &&
char1[63] == CONST_63 &&
char1[63] != CONST_0 &&
char0[63] == CONST_63 &&
char0[63] != CONST_0
Property Violated: result is  "java.lang.AssertionError..."
****************************

====================================================== error 1
gov.nasa.jpf.vm.NoUncaughtExceptionsProperty
java.lang.AssertionError
	at Main.checkEquality(Main.java:21)
	at Main.main(Main.java:14)


====================================================== snapshot #1
thread java.lang.Thread:{id:0,name:main,status:RUNNING,priority:5,isDaemon:false,lockCount:0,suspendCount:0}
  call stack:
	at Main.checkEquality(Main.java:21)
	at Main.main(Main.java:14)


====================================================== Method Summaries
Inputs: 

()  --> "java.lang.AssertionError..."

====================================================== Method Summaries (HTML)
<h1>Test Cases Generated by Symbolic JavaPath Finder for  (Path Coverage) </h1>
<table border=1>
<tr><td>RETURN</td></tr>
<tr><td>"java.lang.AssertionError..."</td></tr>
</table>

====================================================== results
error #1: gov.nasa.jpf.vm.NoUncaughtExceptionsProperty "java.lang.AssertionError  at Main.checkEquality(Ma..."

====================================================== statistics
elapsed time:       00:00:01
states:             new=11,visited=0,backtracked=0,end=0
search:             maxDepth=11,constraints=0
choice generators:  thread=1 (signal=0,lock=1,sharedRef=0,threadApi=0,reschedule=0), data=10
heap:               new=542,released=24,maxLive=474,gcCycles=10
instructions:       13142
max memory:         44MB
loaded code:        classes=91,methods=1895

====================================================== search finished: 7/8/25 3:04 AM
inside runtime_exception_mode=true
UNKNOWN
